Component: ARM Compiler 5.06 update 7 (build 960) Tool: armlink [4d3601]

==============================================================================

Section Cross References

    startup_stm32f103xe.o(RESET) refers to startup_stm32f103xe.o(STACK) for __initial_sp
    startup_stm32f103xe.o(RESET) refers to startup_stm32f103xe.o(.text) for Reset_Handler
    startup_stm32f103xe.o(RESET) refers to stm32f1xx_it.o(i.NMI_Handler) for NMI_Handler
    startup_stm32f103xe.o(RESET) refers to context_rvds.o(.text) for HardFault_Handler
    startup_stm32f103xe.o(RESET) refers to stm32f1xx_it.o(i.MemManage_Handler) for MemManage_Handler
    startup_stm32f103xe.o(RESET) refers to stm32f1xx_it.o(i.BusFault_Handler) for BusFault_Handler
    startup_stm32f103xe.o(RESET) refers to stm32f1xx_it.o(i.UsageFault_Handler) for UsageFault_Handler
    startup_stm32f103xe.o(RESET) refers to stm32f1xx_it.o(i.DebugMon_Handler) for DebugMon_Handler
    startup_stm32f103xe.o(RESET) refers to board.o(i.SysTick_Handler) for SysTick_Handler
    startup_stm32f103xe.o(RESET) refers to stm32f1xx_it.o(i.TIM2_IRQHandler) for TIM2_IRQHandler
    startup_stm32f103xe.o(RESET) refers to stm32f1xx_it.o(i.USART1_IRQHandler) for USART1_IRQHandler
    startup_stm32f103xe.o(RESET) refers to stm32f1xx_it.o(i.USART2_IRQHandler) for USART2_IRQHandler
    startup_stm32f103xe.o(RESET) refers to stm32f1xx_it.o(i.USART3_IRQHandler) for USART3_IRQHandler
    startup_stm32f103xe.o(.text) refers to system_stm32f1xx.o(i.SystemInit) for SystemInit
    startup_stm32f103xe.o(.text) refers to entry.o(.ARM.Collect$$$$00000000) for __main
    app_rt_thread.o(i.MX_RT_Thread_Init) refers to thread.o(i.rt_thread_init) for rt_thread_init
    app_rt_thread.o(i.MX_RT_Thread_Init) refers to thread.o(i.rt_thread_startup) for rt_thread_startup
    app_rt_thread.o(i.MX_RT_Thread_Init) refers to app_rt_thread.o(.bss) for .bss
    app_rt_thread.o(i.MX_RT_Thread_Init) refers to app_rt_thread.o(i.uart_out_task_entry) for uart_out_task_entry
    app_rt_thread.o(i.MX_RT_Thread_Init) refers to app_rt_thread.o(i.get_SR04_task_entry) for get_SR04_task_entry
    app_rt_thread.o(i.MX_RT_Thread_Init) refers to app_rt_thread.o(i.key_task_entry) for key_task_entry
    app_rt_thread.o(i.MX_RT_Thread_Init) refers to app_rt_thread.o(i.beep_task_entry) for beep_task_entry
    app_rt_thread.o(i.MX_RT_Thread_Process) refers to printfa.o(i.__0printf) for __2printf
    app_rt_thread.o(i.MX_RT_Thread_Process) refers to esp8266.o(i.ESP8266_Init) for ESP8266_Init
    app_rt_thread.o(i.MX_RT_Thread_Process) refers to bsp_esp8266_test.o(i.ESP8266_StaTcpClient_Unvarnish_ConfigTest) for ESP8266_StaTcpClient_Unvarnish_ConfigTest
    app_rt_thread.o(i.beep_task_entry) refers to fmul.o(.text) for __aeabi_fmul
    app_rt_thread.o(i.beep_task_entry) refers to ffixi.o(.text) for __aeabi_f2iz
    app_rt_thread.o(i.beep_task_entry) refers to stm32f1xx_hal_gpio.o(i.HAL_GPIO_WritePin) for HAL_GPIO_WritePin
    app_rt_thread.o(i.beep_task_entry) refers to thread.o(i.rt_thread_delay) for rt_thread_delay
    app_rt_thread.o(i.beep_task_entry) refers to app_rt_thread.o(.data) for .data
    app_rt_thread.o(i.get_SR04_task_entry) refers to thread.o(i.rt_thread_delay) for rt_thread_delay
    app_rt_thread.o(i.get_SR04_task_entry) refers to f2d.o(.text) for __aeabi_f2d
    app_rt_thread.o(i.get_SR04_task_entry) refers to printfa.o(i.__0printf) for __2printf
    app_rt_thread.o(i.get_SR04_task_entry) refers to printfa.o(i.__0sprintf) for __2sprintf
    app_rt_thread.o(i.get_SR04_task_entry) refers to bsp_esp8266_test.o(i.ESP8266_print) for ESP8266_print
    app_rt_thread.o(i.get_SR04_task_entry) refers to app_rt_thread.o(.data) for .data
    app_rt_thread.o(i.key_task_entry) refers to key.o(i.KEY_Scan) for KEY_Scan
    app_rt_thread.o(i.key_task_entry) refers to printfa.o(i.__0printf) for __2printf
    app_rt_thread.o(i.key_task_entry) refers to bsp_esp8266_test.o(i.ESP8266_print) for ESP8266_print
    app_rt_thread.o(i.key_task_entry) refers to thread.o(i.rt_thread_delay) for rt_thread_delay
    app_rt_thread.o(i.key_task_entry) refers to app_rt_thread.o(.data) for .data
    app_rt_thread.o(i.uart_out_task_entry) refers to sr04.o(i.SR04_GetData) for SR04_GetData
    app_rt_thread.o(i.uart_out_task_entry) refers to thread.o(i.rt_thread_delay) for rt_thread_delay
    app_rt_thread.o(i.uart_out_task_entry) refers to app_rt_thread.o(.data) for .data
    main.o(i.SystemClock_Config) refers to memseta.o(.text) for __aeabi_memclr4
    main.o(i.SystemClock_Config) refers to stm32f1xx_hal_rcc.o(i.HAL_RCC_OscConfig) for HAL_RCC_OscConfig
    main.o(i.SystemClock_Config) refers to stm32f1xx_hal_rcc.o(i.HAL_RCC_ClockConfig) for HAL_RCC_ClockConfig
    main.o(i.main) refers to stm32f1xx_hal.o(i.HAL_Init) for HAL_Init
    main.o(i.main) refers to main.o(i.SystemClock_Config) for SystemClock_Config
    main.o(i.main) refers to gpio.o(i.MX_GPIO_Init) for MX_GPIO_Init
[...]
    .bss                                     0x20000e6c   Section       32  sr04.o(.bss)
    .bss                                     0x20000e8c   Section     1026  esp8266.o(.bss)
    .bss                                     0x2000128e   Section     1026  esp8266.o(.bss)
    .bss                                     0x20001690   Section     1144  components.o(.bss)
    main_stack                               0x20001690   Data        1024  components.o(.bss)
    .bss                                     0x20001b08   Section      248  idle.o(.bss)
    idle                                     0x20001b08   Data         120  idle.o(.bss)
    rt_thread_stack                          0x20001b80   Data         128  idle.o(.bss)
    .bss                                     0x20001c00   Section      128  kservice.o(.bss)
    rt_log_buf                               0x20001c00   Data         128  kservice.o(.bss)
    .bss                                     0x20001c80   Section      256  scheduler.o(.bss)
    .bss                                     0x20001d80   Section       72  board.o(.bss)
    UartHandle                               0x20001d80   Data          72  board.o(.bss)
    .bss                                     0x20001dc8   Section     1396  shell.o(.bss)
    finsh_prompt                             0x20001dc8   Data         129  shell.o(.bss)
    finsh_thread                             0x20001e4c   Data         120  shell.o(.bss)
    finsh_thread_stack                       0x20001ec4   Data        1024  shell.o(.bss)
    STACK                                    0x20002340   Section     1024  startup_stm32f103xe.o(STACK)

    Global Symbols

    Symbol Name                              Value     Ov Type        Size  Object(Section)

    BuildAttributes$$THM_ISAv4$P$D$K$B$S$PE$A:L22UL41UL21$X:L11$S22US41US21$IEEE1$IW$USESV6$~STKCKD$USESV7$~SHL$OTIME$ROPI$EBA8$MICROLIB$REQ8$PRES8$EABIv2 0x00000000   Number         0  anon$$obj.o ABSOLUTE
    __ARM_use_no_argv                        0x00000000   Number         0  main.o ABSOLUTE
    _printf_a                                0x00000000   Number         0  stubs.o ABSOLUTE
    _printf_c                                0x00000000   Number         0  stubs.o ABSOLUTE
    _printf_charcount                        0x00000000   Number         0  stubs.o ABSOLUTE
    _printf_d                                0x00000000   Number         0  stubs.o ABSOLUTE
    _printf_e                                0x00000000   Number         0  stubs.o ABSOLUTE
    _printf_f                                0x00000000   Number         0  stubs.o ABSOLUTE
    _printf_flags                            0x00000000   Number         0  stubs.o ABSOLUTE
    _printf_fp_dec                           0x00000000   Number         0  stubs.o ABSOLUTE
    _printf_fp_hex                           0x00000000   Number         0  stubs.o ABSOLUTE
    _printf_g                                0x00000000   Number         0  stubs.o ABSOLUTE
    _printf_i                                0x00000000   Number         0  stubs.o ABSOLUTE
    _printf_int_dec                          0x00000000   Number         0  stubs.o ABSOLUTE
    _printf_l                                0x00000000   Number         0  stubs.o ABSOLUTE
    _printf_lc                               0x00000000   Number         0  stubs.o ABSOLUTE
    _printf_ll                               0x00000000   Number         0  stubs.o ABSOLUTE
    _printf_lld                              0x00000000   Number         0  stubs.o ABSOLUTE
    _printf_lli                              0x00000000   Number         0  stubs.o ABSOLUTE
    _printf_llo                              0x00000000   Number         0  stubs.o ABSOLUTE
    _printf_llu                              0x00000000   Number         0  stubs.o ABSOLUTE
    _printf_llx                              0x00000000   Number         0  stubs.o ABSOLUTE
    _printf_longlong_dec                     0x00000000   Number         0  stubs.o ABSOLUTE
    _printf_longlong_hex                     0x00000000   Number         0  stubs.o ABSOLUTE
    _printf_longlong_oct                     0x00000000   Number         0  stubs.o ABSOLUTE
    _printf_ls                               0x00000000   Number         0  stubs.o ABSOLUTE
    _printf_mbtowc                           0x00000000   Number         0  stubs.o ABSOLUTE
    _printf_n                                0x00000000   Number         0  stubs.o ABSOLUTE
    _printf_o                                0x00000000   Number         0  stubs.o ABSOLUTE
    _printf_p                                0x00000000   Number         0  stubs.o ABSOLUTE
    _printf_percent                          0x00000000   Number         0  stubs.o ABSOLUTE
    _printf_pre_padding                      0x00000000   Number         0  stubs.o ABSOLUTE
    _printf_return_value                     0x00000000   Number         0  stubs.o ABSOLUTE
    _printf_s                                0x00000000   Number         0  stubs.o ABSOLUTE
    _printf_sizespec                         0x00000000   Number         0  stubs.o ABSOLUTE
    _printf_str                              0x00000000   Number         0  stubs.o ABSOLUTE
    _printf_truncate_signed                  0x00000000   Number         0  stubs.o ABSOLUTE
    _printf_truncate_unsigned                0x00000000   Number         0  stubs.o ABSOLUTE
    _printf_u                                0x00000000   Number         0  stubs.o ABSOLUTE
    _printf_wc                               0x00000000   Number         0  stubs.o ABSOLUTE
    _printf_wctomb                           0x00000000   Number         0  stubs.o ABSOLUTE
    _printf_widthprec                        0x00000000   Number         0  stubs.o ABSOLUTE
    _printf_x                                0x00000000   Number         0  stubs.o ABSOLUTE
    __arm_fini_                               - Undefined Weak Reference
    __cpp_initialize__aeabi_                  - Undefined Weak Reference
    __cxa_finalize                            - Undefined Weak Reference
    __decompress                              - Undefined Weak Reference
    _clock_init                               - Undefined Weak Reference
    _microlib_exit                            - Undefined Weak Reference
    __Vectors_Size                           0x00000130   Number         0  startup_stm32f103xe.o ABSOLUTE
    __Vectors                                0x08000000   Data           4  startup_stm32f103xe.o(RESET)
    __Vectors_End                            0x08000130   Data           0  startup_stm32f103xe.o(RESET)
    __main                                   0x08000131   Thumb Code     0  entry.o(.ARM.Collect$$$$00000000)
    _main_stk                                0x08000131   Thumb Code     0  entry2.o(.ARM.Collect$$$$00000001)
    _main_scatterload                        0x08000135   Thumb Code     0  entry5.o(.ARM.Collect$$$$00000004)
    __main_after_scatterload                 0x08000139   Thumb Code     0  entry5.o(.ARM.Collect$$$$00000004)
    _main_clock                              0x08000139   Thumb Code     0  entry7b.o(.ARM.Collect$$$$00000008)
    _main_cpp_init                           0x08000139   Thumb Code     0  entry8b.o(.ARM.Collect$$$$0000000A)
    _main_init                               0x08000139   Thumb Code     0  entry9a.o(.ARM.Collect$$$$0000000B)
    __rt_lib_shutdown_fini                   0x08000141   Thumb Code     0  entry12b.o(.ARM.Collect$$$$0000000E)
    __rt_final_cpp                           0x08000145   Thumb Code     0  entry10a.o(.ARM.Collect$$$$0000000F)
    __rt_final_exit                          0x08000145   Thumb Code     0  entry11a.o(.ARM.Collect$$$$00000011)
    Reset_Handler                            0x08000149   Thumb Code     8  startup_stm32f103xe.o(.text)
    SVC_Handler                              0x0800015b   Thumb Code     2  startup_stm32f103xe.o(.text)
    ADC1_2_IRQHandler                        0x08000163   Thumb Code     0  startup_stm32f103xe.o(.text)
    ADC3_IRQHandler                          0x08000163   Thumb Code     0  startup_stm32f103xe.o(.text)
    CAN1_RX1_IRQHandler                      0x08000163   Thumb Code     0  startup_stm32f103xe.o(.text)
    CAN1_SCE_IRQHandler                      0x08000163   Thumb Code     0  startup_stm32f103xe.o(.text)
    DMA1_Channel1_IRQHandler                 0x08000163   Thumb Code     0  startup_stm32f103xe.o(.text)
    DMA1_Channel2_IRQHandler                 0x08000163   Thumb Code     0  startup_stm32f103xe.o(.text)
    DMA1_Channel3_IRQHandler                 0x08000163   Thumb Code     0  startup_stm32f103xe.o(.text)
    DMA1_Channel4_IRQHandler                 0x08000163   Thumb Code     0  startup_stm32f103xe.o(.text)
    DMA1_Channel5_IRQHandler                 0x08000163   Thumb Code     0  startup_stm32f103xe.o(.text)
    DMA1_Channel6_IRQHandler                 0x08000163   Thumb Code     0  startup_stm32f103xe.o(.text)
    DMA1_Channel7_IRQHandler                 0x08000163   Thumb Code     0  startup_stm32f103xe.o(.text)
    DMA2_Channel1_IRQHandler                 0x08000163   Thumb Code     0  startup_stm32f103xe.o(.text)
    DMA2_Channel2_IRQHandler                 0x08000163   Thumb Code     0  startup_stm32f103xe.o(.text)
    DMA2_Channel3_IRQHandler                 0x08000163   Thumb Code     0  startup_stm32f103xe.o(.text)
    DMA2_Channel4_5_IRQHandler               0x08000163   Thumb Code     0  startup_stm32f103xe.o(.text)
    EXTI0_IRQHandler                         0x08000163   Thumb Code     0  startup_stm32f103xe.o(.text)
    EXTI15_10_IRQHandler                     0x08000163   Thumb Code     0  startup_stm32f103xe.o(.text)
    EXTI1_IRQHandler                         0x08000163   Thumb Code     0  startup_stm32f103xe.o(.text)
    EXTI2_IRQHandler                         0x08000163   Thumb Code     0  startup_stm32f103xe.o(.text)
    EXTI3_IRQHandler                         0x08000163   Thumb Code     0  startup_stm32f103xe.o(.text)
    EXTI4_IRQHandler                         0x08000163   Thumb Code     0  startup_stm32f103xe.o(.text)
    EXTI9_5_IRQHandler                       0x08000163   Thumb Code     0  startup_stm32f103xe.o(.text)
    FLASH_IRQHandler                         0x08000163   Thumb Code     0  startup_stm32f103xe.o(.text)
    FSMC_IRQHandler                          0x08000163   Thumb Code     0  startup_stm32f103xe.o(.text)
    I2C1_ER_IRQHandler                       0x08000163   Thumb Code     0  startup_stm32f103xe.o(.text)
    I2C1_EV_IRQHandler                       0x08000163   Thumb Code     0  startup_stm32f103xe.o(.text)
    I2C2_ER_IRQHandler                       0x08000163   Thumb Code     0  startup_stm32f103xe.o(.text)
    I2C2_EV_IRQHandler                       0x08000163   Thumb Code     0  startup_stm32f103xe.o(.text)
    PVD_IRQHandler                           0x08000163   Thumb Code     0  startup_stm32f103xe.o(.text)
    RCC_IRQHandler                           0x08000163   Thumb Code     0  startup_stm32f103xe.o(.text)
    RTC_Alarm_IRQHandler                     0x08000163   Thumb Code     0  startup_stm32f103xe.o(.text)
    RTC_IRQHandler                           0x08000163   Thumb Code     0  startup_stm32f103xe.o(.text)
    SDIO_IRQHandler                          0x08000163   Thumb Code     0  startup_stm32f103xe.o(.text)
    SPI1_IRQHandler                          0x08000163   Thumb Code     0  startup_stm32f103xe.o(.text)
    SPI2_IRQHandler                          0x08000163   Thumb Code     0  startup_stm32f103xe.o(.text)
    SPI3_IRQHandler                          0x08000163   Thumb Code     0  startup_stm32f103xe.o(.text)
    TAMPER_IRQHandler                        0x08000163   Thumb Code     0  startup_stm32f103xe.o(.text)
    TIM1_BRK_IRQHandler                      0x08000163   Thumb Code     0  startup_stm32f103xe.o(.text)
    TIM1_CC_IRQHandler                       0x08000163   Thumb Code     0  startup_stm32f103xe.o(.text)
    TIM1_TRG_COM_IRQHandler                  0x08000163   Thumb Code     0  startup_stm32f103xe.o(.text)
    TIM1_UP_IRQHandler                       0x08000163   Thumb Code     0  startup_stm32f103xe.o(.text)
    TIM3_IRQHandler                          0x08000163   Thumb Code     0  startup_stm32f103xe.o(.text)
    TIM4_IRQHandler                          0x08000163   Thumb Code     0  startup_stm32f103xe.o(.text)
    TIM5_IRQHandler                          0x08000163   Thumb Code     0  startup_stm32f103xe.o(.text)
    TIM6_IRQHandler                          0x08000163   Thumb Code     0  startup_stm32f103xe.o(.text)
    TIM7_IRQHandler                          0x08000163   Thumb Code     0  startup_stm32f103xe.o(.text)
    TIM8_BRK_IRQHandler                      0x08000163   Thumb Code     0  startup_stm32f103xe.o(.text)
    TIM8_CC_IRQHandler                       0x08000163   Thumb Code     0  startup_stm32f103xe.o(.text)
    TIM8_TRG_COM_IRQHandler                  0x08000163   Thumb Code     0  startup_stm32f103xe.o(.text)
    TIM8_UP_IRQHandler                       0x08000163   Thumb Code     0  startup_stm32f103xe.o(.text)
    UART4_IRQHandler                         0x08000163   Thumb Code     0  startup_stm32f103xe.o(.text)
    UART5_IRQHandler                         0x08000163   Thumb Code     0  startup_stm32f103xe.o(.text)
    USBWakeUp_IRQHandler                     0x08000163   Thumb Code     0  startup_stm32f103xe.o(.text)
    USB_HP_CAN1_TX_IRQHandler                0x08000163   Thumb Code     0  startup_stm32f103xe.o(.text)
    USB_LP_CAN1_RX0_IRQHandler               0x08000163   Thumb Code     0  startup_stm32f103xe.o(.text)
    WWDG_IRQHandler                          0x08000163   Thumb Code     0  startup_stm32f103xe.o(.text)
    rt_hw_interrupt_disable                  0x0800016d   Thumb Code     8  context_rvds.o(.text)
    rt_hw_interrupt_enable                   0x08000175   Thumb Code     6  context_rvds.o(.text)
    rt_hw_context_switch                     0x0800017b   Thumb Code    32  context_rvds.o(.text)
    rt_hw_context_switch_interrupt           0x0800017b   Thumb Code     0  context_rvds.o(.text)
    PendSV_Handler                           0x0800019b   Thumb Code    60  context_rvds.o(.text)
    rt_hw_context_switch_to                  0x080001d7   Thumb Code    56  context_rvds.o(.text)
    rt_hw_interrupt_thread_switch            0x0800020f   Thumb Code     2  context_rvds.o(.text)
    HardFault_Handler                        0x08000211   Thumb Code    52  context_rvds.o(.text)
    __aeabi_llsr                             0x08000261   Thumb Code    32  llushr.o(.text)
    _ll_ushift_r                             0x08000261   Thumb Code     0  llushr.o(.text)
    __aeabi_memcpy                           0x08000281   Thumb Code    36  memcpya.o(.text)
    __aeabi_memcpy4                          0x08000281   Thumb Code     0  memcpya.o(.text)
    __aeabi_memcpy8                          0x08000281   Thumb Code     0  memcpya.o(.text)
    __aeabi_memset                           0x080002a5   Thumb Code    14  memseta.o(.text)
    __aeabi_memset4                          0x080002a5   Thumb Code     0  memseta.o(.text)
    __aeabi_memset8                          0x080002a5   Thumb Code     0  memseta.o(.text)
    __aeabi_memclr                           0x080002b3   Thumb Code     4  memseta.o(.text)
    __aeabi_memclr4                          0x080002b3   Thumb Code     0  memseta.o(.text)
    __aeabi_memclr8                          0x080002b3   Thumb Code     0  memseta.o(.text)
    _memset$wrapper                          0x080002b7   Thumb Code    18  memseta.o(.text)
    strcat                                   0x080002c9   Thumb Code    24  strcat.o(.text)
    strstr                                   0x080002e1   Thumb Code    36  strstr.o(.text)
    strncpy                                  0x08000305   Thumb Code    24  strncpy.o(.text)
    strlen                                   0x0800031d   Thumb Code    14  strlen.o(.text)
    strcpy                                   0x0800032b   Thumb Code    18  strcpy.o(.text)
    strncmp                                  0x0800033d   Thumb Code    30  strncmp.o(.text)
    __aeabi_fadd                             0x0800035b   Thumb Code   164  fadd.o(.text)
    __aeabi_fsub                             0x080003ff   Thumb Code     6  fadd.o(.text)
    __aeabi_frsub                            0x08000405   Thumb Code     6  fadd.o(.text)
    __aeabi_fmul                             0x0800040b   Thumb Code   100  fmul.o(.text)
    __ARM_scalbnf                            0x0800046f   Thumb Code    24  fscalb.o(.text)
    scalbnf                                  0x0800046f   Thumb Code     0  fscalb.o(.text)
    __aeabi_dmul                             0x08000487   Thumb Code   228  dmul.o(.text)
    __ARM_scalbn                             0x0800056b   Thumb Code    46  dscalb.o(.text)
    scalbn                                   0x0800056b   Thumb Code     0  dscalb.o(.text)
    __aeabi_ui2d                             0x08000599   Thumb Code    26  dfltui.o(.text)
    __aeabi_f2iz                             0x080005b3   Thumb Code    50  ffixi.o(.text)
    __aeabi_f2d                              0x080005e5   Thumb Code    38  f2d.o(.text)
    __aeabi_d2f                              0x0800060b   Thumb Code    56  d2f.o(.text)
    __aeabi_uidiv                            0x08000643   Thumb Code     0  uidiv.o(.text)
    __aeabi_uidivmod                         0x08000643   Thumb Code    44  uidiv.o(.text)
    __aeabi_uldivmod                         0x0800066f   Thumb Code    98  uldiv.o(.text)
    __I$use$fp                               0x080006d1   Thumb Code     0  iusefp.o(.text)
    _float_round                             0x080006d1   Thumb Code    18  fepilogue.o(.text)
    _float_epilogue                          0x080006e3   Thumb Code    92  fepilogue.o(.text)
    _double_round                            0x0800073f   Thumb Code    30  depilogue.o(.text)
    _double_epilogue                         0x0800075d   Thumb Code   156  depilogue.o(.text)
    __aeabi_dadd                             0x080007f9   Thumb Code   322  dadd.o(.text)
    __aeabi_dsub                             0x0800093b   Thumb Code     6  dadd.o(.text)
    __aeabi_drsub                            0x08000941   Thumb Code     6  dadd.o(.text)
    __aeabi_ddiv                             0x08000947   Thumb Code   222  ddiv.o(.text)
    __aeabi_d2ulz                            0x08000a25   Thumb Code    48  dfixul.o(.text)
    __aeabi_cdrcmple                         0x08000a55   Thumb Code    48  cdrcmple.o(.text)
    __scatterload                            0x08000a85   Thumb Code    28  init.o(.text)
    __scatterload_rt2                        0x08000a85   Thumb Code     0  init.o(.text)
    __aeabi_llsl                             0x08000aa9   Thumb Code    30  llshl.o(.text)
    _ll_shift_l                              0x08000aa9   Thumb Code     0  llshl.o(.text)
    __aeabi_lasr                             0x08000ac7   Thumb Code    36  llsshr.o(.text)
    _ll_sshift_r                             0x08000ac7   Thumb Code     0  llsshr.o(.text)
    main                                     0x08000aeb   Thumb Code    10  components.o(i.$Sub$$main)
    BEEP_Init                                0x08000af5   Thumb Code    62  beep.o(i.BEEP_Init)
    BusFault_Handler                         0x08000b3d   Thumb Code     2  stm32f1xx_it.o(i.BusFault_Handler)
    DebugMon_Handler                         0x08000b3f   Thumb Code     2  stm32f1xx_it.o(i.DebugMon_Handler)
    ESP8266_AT_Test                          0x08000b41   Thumb Code    82  esp8266.o(i.ESP8266_AT_Test)
    ESP8266_Cmd                              0x08000bf9   Thumb Code   122  esp8266.o(i.ESP8266_Cmd)
    ESP8266_Enable_MultipleId                0x08000c89   Thumb Code    38  esp8266.o(i.ESP8266_Enable_MultipleId)
    ESP8266_Init                             0x08000cc5   Thumb Code    28  esp8266.o(i.ESP8266_Init)
    ESP8266_JoinAP                           0x08000ce5   Thumb Code    34  esp8266.o(i.ESP8266_JoinAP)
    ESP8266_Link_Server                      0x08000d21   Thumb Code    96  esp8266.o(i.ESP8266_Link_Server)
    ESP8266_Net_Mode_Choose                  0x08000dd1   Thumb Code    44  esp8266.o(i.ESP8266_Net_Mode_Choose)
    ESP8266_Rst                              0x08000e31   Thumb Code    36  esp8266.o(i.ESP8266_Rst)
    ESP8266_SendString                       0x08000e59   Thumb Code    82  esp8266.o(i.ESP8266_SendString)
    ESP8266_StaTcpClient_Unvarnish_ConfigTest 0x08000ee5   Thumb Code   136  bsp_esp8266_test.o(i.ESP8266_StaTcpClient_Unvarnish_ConfigTest)
    ESP8266_UnvarnishSend                    0x080010c1   Thumb Code    40  esp8266.o(i.ESP8266_UnvarnishSend)
    ESP8266_print                            0x0800110d   Thumb Code    22  bsp_esp8266_test.o(i.ESP8266_print)
    Error_Handler                            0x08001123   Thumb Code     4  main.o(i.Error_Handler)
    HAL_DMA_Abort                            0x08001127   Thumb Code    70  stm32f1xx_hal_dma.o(i.HAL_DMA_Abort)
    HAL_DMA_Abort_IT                         0x0800116d   Thumb Code   296  stm32f1xx_hal_dma.o(i.HAL_DMA_Abort_IT)
    HAL_GPIO_Init                            0x0800129d   Thumb Code   462  stm32f1xx_hal_gpio.o(i.HAL_GPIO_Init)
    HAL_GPIO_ReadPin                         0x08001495   Thumb Code    10  stm32f1xx_hal_gpio.o(i.HAL_GPIO_ReadPin)
    HAL_GPIO_WritePin                        0x0800149f   Thumb Code    10  stm32f1xx_hal_gpio.o(i.HAL_GPIO_WritePin)
    HAL_GetTick                              0x080014a9   Thumb Code     6  stm32f1xx_hal.o(i.HAL_GetTick)
    HAL_Init                                 0x080014b5   Thumb Code    32  stm32f1xx_hal.o(i.HAL_Init)
    HAL_InitTick                             0x080014d9   Thumb Code    54  stm32f1xx_hal.o(i.HAL_InitTick)
    HAL_MspInit                              0x08001519   Thumb Code    38  stm32f1xx_hal_msp.o(i.HAL_MspInit)
    HAL_NVIC_EnableIRQ                       0x08001545   Thumb Code    26  stm32f1xx_hal_cortex.o(i.HAL_NVIC_EnableIRQ)
    HAL_NVIC_SetPriority                     0x08001561   Thumb Code    60  stm32f1xx_hal_cortex.o(i.HAL_NVIC_SetPriority)
    HAL_NVIC_SetPriorityGrouping             0x080015a1   Thumb Code    26  stm32f1xx_hal_cortex.o(i.HAL_NVIC_SetPriorityGrouping)
    HAL_RCC_ClockConfig                      0x080015c5   Thumb Code   280  stm32f1xx_hal_rcc.o(i.HAL_RCC_ClockConfig)
    HAL_RCC_GetHCLKFreq                      0x080016f1   Thumb Code     6  stm32f1xx_hal_rcc.o(i.HAL_RCC_GetHCLKFreq)
    HAL_RCC_GetPCLK1Freq                     0x080016fd   Thumb Code    20  stm32f1xx_hal_rcc.o(i.HAL_RCC_GetPCLK1Freq)
    HAL_RCC_GetPCLK2Freq                     0x0800171d   Thumb Code    20  stm32f1xx_hal_rcc.o(i.HAL_RCC_GetPCLK2Freq)
    HAL_RCC_GetSysClockFreq                  0x0800173d   Thumb Code    58  stm32f1xx_hal_rcc.o(i.HAL_RCC_GetSysClockFreq)
    HAL_RCC_OscConfig                        0x08001789   Thumb Code   778  stm32f1xx_hal_rcc.o(i.HAL_RCC_OscConfig)
    HAL_SYSTICK_Config                       0x08001aa9   Thumb Code    40  stm32f1xx_hal_cortex.o(i.HAL_SYSTICK_Config)
    HAL_TIMEx_BreakCallback                  0x08001ad1   Thumb Code     2  stm32f1xx_hal_tim_ex.o(i.HAL_TIMEx_BreakCallback)
    HAL_TIMEx_CommutCallback                 0x08001ad3   Thumb Code     2  stm32f1xx_hal_tim_ex.o(i.HAL_TIMEx_CommutCallback)
    HAL_TIMEx_MasterConfigSynchronization    0x08001ad5   Thumb Code   104  stm32f1xx_hal_tim_ex.o(i.HAL_TIMEx_MasterConfigSynchronization)
    HAL_TIM_Base_Init                        0x08001b51   Thumb Code    90  stm32f1xx_hal_tim.o(i.HAL_TIM_Base_Init)
    HAL_TIM_Base_MspInit                     0x08001bad   Thumb Code   112  tim.o(i.HAL_TIM_Base_MspInit)
    HAL_TIM_ConfigClockSource                0x08001c29   Thumb Code   220  stm32f1xx_hal_tim.o(i.HAL_TIM_ConfigClockSource)
    HAL_TIM_IC_CaptureCallback               0x08001d05   Thumb Code    84  sr04.o(i.HAL_TIM_IC_CaptureCallback)
    HAL_TIM_IC_ConfigChannel                 0x08001d65   Thumb Code   292  stm32f1xx_hal_tim.o(i.HAL_TIM_IC_ConfigChannel)
    HAL_TIM_IC_Init                          0x08001e89   Thumb Code    90  stm32f1xx_hal_tim.o(i.HAL_TIM_IC_Init)
    HAL_TIM_IC_MspInit                       0x08001ee3   Thumb Code     2  stm32f1xx_hal_tim.o(i.HAL_TIM_IC_MspInit)
    HAL_TIM_IC_Start_IT                      0x08001ee5   Thumb Code   228  stm32f1xx_hal_tim.o(i.HAL_TIM_IC_Start_IT)
    HAL_TIM_IC_Stop_IT                       0x08001fdd   Thumb Code   146  stm32f1xx_hal_tim.o(i.HAL_TIM_IC_Stop_IT)
    HAL_TIM_IRQHandler                       0x0800206f   Thumb Code   358  stm32f1xx_hal_tim.o(i.HAL_TIM_IRQHandler)
    HAL_TIM_OC_DelayElapsedCallback          0x080021d5   Thumb Code     2  stm32f1xx_hal_tim.o(i.HAL_TIM_OC_DelayElapsedCallback)
    HAL_TIM_PWM_PulseFinishedCallback        0x080021d7   Thumb Code     2  stm32f1xx_hal_tim.o(i.HAL_TIM_PWM_PulseFinishedCallback)
    HAL_TIM_PeriodElapsedCallback            0x080021d9   Thumb Code     2  stm32f1xx_hal_tim.o(i.HAL_TIM_PeriodElapsedCallback)
    HAL_TIM_ReadCapturedValue                0x080021db   Thumb Code    42  stm32f1xx_hal_tim.o(i.HAL_TIM_ReadCapturedValue)
    HAL_TIM_TriggerCallback                  0x08002205   Thumb Code     2  stm32f1xx_hal_tim.o(i.HAL_TIM_TriggerCallback)
    HAL_UARTEx_RxEventCallback               0x08002207   Thumb Code     2  stm32f1xx_hal_uart.o(i.HAL_UARTEx_RxEventCallback)
    HAL_UART_ErrorCallback                   0x08002209   Thumb Code     2  stm32f1xx_hal_uart.o(i.HAL_UART_ErrorCallback)
    HAL_UART_IRQHandler                      0x0800220d   Thumb Code   616  stm32f1xx_hal_uart.o(i.HAL_UART_IRQHandler)
    HAL_UART_Init                            0x08002479   Thumb Code   100  stm32f1xx_hal_uart.o(i.HAL_UART_Init)
    HAL_UART_MspInit                         0x080024dd   Thumb Code   116  usart.o(i.HAL_UART_MspInit)
    HAL_UART_RxCpltCallback                  0x0800255d   Thumb Code     2  stm32f1xx_hal_uart.o(i.HAL_UART_RxCpltCallback)
    HAL_UART_Transmit                        0x0800255f   Thumb Code   154  stm32f1xx_hal_uart.o(i.HAL_UART_Transmit)
    HAL_UART_TxCpltCallback                  0x080025f9   Thumb Code     2  stm32f1xx_hal_uart.o(i.HAL_UART_TxCpltCallback)
    KEY_Scan                                 0x080025fd   Thumb Code   104  key.o(i.KEY_Scan)
    LL_GPIO_Init                             0x0800269d   Thumb Code   240  stm32f1xx_ll_gpio.o(i.LL_GPIO_Init)
    LL_RCC_GetSystemClocksFreq               0x0800278d   Thumb Code    32  stm32f1xx_ll_rcc.o(i.LL_RCC_GetSystemClocksFreq)
    LL_USART_Init                            0x080027dd   Thumb Code   224  stm32f1xx_ll_usart.o(i.LL_USART_Init)
    MX_GPIO_Init                             0x080028d1   Thumb Code   204  gpio.o(i.MX_GPIO_Init)
    MX_RT_Thread_Init                        0x080029b1   Thumb Code   146  app_rt_thread.o(i.MX_RT_Thread_Init)
    MX_RT_Thread_Process                     0x08002a89   Thumb Code    20  app_rt_thread.o(i.MX_RT_Thread_Process)
    MX_TIM2_Init                             0x08002ab1   Thumb Code   144  tim.o(i.MX_TIM2_Init)
    MX_TIM3_Init                             0x08002b45   Thumb Code    96  tim.o(i.MX_TIM3_Init)
    MX_USART1_UART_Init                      0x08002bad   Thumb Code    48  usart.o(i.MX_USART1_UART_Init)
    MX_USART2_UART_Init                      0x08002be5   Thumb Code   180  usart.o(i.MX_USART2_UART_Init)
    MX_USART3_UART_Init                      0x08002ca5   Thumb Code   176  usart.o(i.MX_USART3_UART_Init)
    MemManage_Handler                        0x08002d69   Thumb Code     2  stm32f1xx_it.o(i.MemManage_Handler)
    NMI_Handler                              0x08002d6b   Thumb Code     2  stm32f1xx_it.o(i.NMI_Handler)
    RCC_GetHCLKClockFreq                     0x08002da1   Thumb Code    18  stm32f1xx_ll_rcc.o(i.RCC_GetHCLKClockFreq)
    RCC_GetPCLK1ClockFreq                    0x08002dbd   Thumb Code    20  stm32f1xx_ll_rcc.o(i.RCC_GetPCLK1ClockFreq)
    RCC_GetPCLK2ClockFreq                    0x08002dd9   Thumb Code    20  stm32f1xx_ll_rcc.o(i.RCC_GetPCLK2ClockFreq)
    RCC_GetSystemClockFreq                   0x08002df5   Thumb Code    26  stm32f1xx_ll_rcc.o(i.RCC_GetSystemClockFreq)
    RCC_PLL_GetFreqDomain_SYS                0x08002e19   Thumb Code    48  stm32f1xx_ll_rcc.o(i.RCC_PLL_GetFreqDomain_SYS)
    SR04_GetData                             0x08002e55   Thumb Code   230  sr04.o(i.SR04_GetData)
    SysTick_Handler                          0x08002f5d   Thumb Code    18  board.o(i.SysTick_Handler)
    SystemClock_Config                       0x08002f6f   Thumb Code    94  main.o(i.SystemClock_Config)
    SystemCoreClockUpdate                    0x08002fcd   Thumb Code    82  system_stm32f1xx.o(i.SystemCoreClockUpdate)
    SystemInit                               0x08003035   Thumb Code     2  system_stm32f1xx.o(i.SystemInit)
    TIM2_IRQHandler                          0x08003039   Thumb Code     6  stm32f1xx_it.o(i.TIM2_IRQHandler)
    TIM_Base_SetConfig                       0x08003045   Thumb Code   120  stm32f1xx_hal_tim.o(i.TIM_Base_SetConfig)
    TIM_CCxChannelCmd                        0x080030d1   Thumb Code    26  stm32f1xx_hal_tim.o(i.TIM_CCxChannelCmd)
    TIM_ETR_SetConfig                        0x080030eb   Thumb Code    20  stm32f1xx_hal_tim.o(i.TIM_ETR_SetConfig)
    TIM_TI1_SetConfig                        0x08003131   Thumb Code    88  stm32f1xx_hal_tim.o(i.TIM_TI1_SetConfig)
    USART1_IRQHandler                        0x08003449   Thumb Code     6  stm32f1xx_it.o(i.USART1_IRQHandler)
    USART2_IRQHandler                        0x08003455   Thumb Code    86  stm32f1xx_it.o(i.USART2_IRQHandler)
    USART3_IRQHandler                        0x080034b5   Thumb Code   102  stm32f1xx_it.o(i.USART3_IRQHandler)
    USART_printf                             0x08003535   Thumb Code   232  common.o(i.USART_printf)
    UsageFault_Handler                       0x08003621   Thumb Code     2  stm32f1xx_it.o(i.UsageFault_Handler)
    __0printf                                0x08003625   Thumb Code    22  printfa.o(i.__0printf)
    __1printf                                0x08003625   Thumb Code     0  printfa.o(i.__0printf)
    __2printf                                0x08003625   Thumb Code     0  printfa.o(i.__0printf)
    __c89printf                              0x08003625   Thumb Code     0  printfa.o(i.__0printf)
    printf                                   0x08003625   Thumb Code     0  printfa.o(i.__0printf)
    __0sprintf                               0x08003645   Thumb Code    34  printfa.o(i.__0sprintf)
    __1sprintf                               0x08003645   Thumb Code     0  printfa.o(i.__0sprintf)
    __2sprintf                               0x08003645   Thumb Code     0  printfa.o(i.__0sprintf)
    __c89sprintf                             0x08003645   Thumb Code     0  printfa.o(i.__0sprintf)
    sprintf                                  0x08003645   Thumb Code     0  printfa.o(i.__0sprintf)
    __rt_ffs                                 0x080036c9   Thumb Code    62  kservice.o(i.__rt_ffs)
    __scatterload_copy                       0x0800370d   Thumb Code    14  handlers.o(i.__scatterload_copy)
    __scatterload_null                       0x0800371b   Thumb Code     2  handlers.o(i.__scatterload_null)
    __scatterload_zeroinit                   0x0800371d   Thumb Code    14  handlers.o(i.__scatterload_zeroinit)
    beep_task_entry                          0x08004101   Thumb Code    98  app_rt_thread.o(i.beep_task_entry)
    cmd_ps                                   0x0800425d   Thumb Code    10  msh.o(i.cmd_ps)
    delay_us                                 0x08004269   Thumb Code    22  sr04.o(i.delay_us)
    finsh_get_prompt                         0x08004285   Thumb Code    66  shell.o(i.finsh_get_prompt)
    finsh_set_prompt_mode                    0x080042e5   Thumb Code    16  shell.o(i.finsh_set_prompt_mode)
    finsh_system_function_init               0x080042f9   Thumb Code     8  shell.o(i.finsh_system_function_init)
    finsh_system_init                        0x08004305   Thumb Code    82  shell.o(i.finsh_system_init)
    finsh_thread_entry                       0x0800437d   Thumb Code   612  shell.o(i.finsh_thread_entry)
    fputc                                    0x08004609   Thumb Code    18  bsp_esp8266_test.o(i.fputc)
    get_SR04_task_entry                      0x08004621   Thumb Code    62  app_rt_thread.o(i.get_SR04_task_entry)
    hello                                    0x080046ed   Thumb Code    12  cmd.o(i.hello)
    key_task_entry                           0x0800470d   Thumb Code    60  app_rt_thread.o(i.key_task_entry)
    list                                     0x0800475d   Thumb Code    50  cmd.o(i.list)
    list_sem                                 0x0800484d   Thumb Code   214  cmd.o(i.list_sem)
    list_thread                              0x0800498d   Thumb Code   250  cmd.o(i.list_thread)
    list_timer                               0x08004b45   Thumb Code   160  cmd.o(i.list_timer)
    $Super$$main                             0x08004c85   Thumb Code    46  main.o(i.main)
    main_thread_entry                        0x08004cb3   Thumb Code    14  components.o(i.main_thread_entry)
    msh_auto_complete                        0x08004d99   Thumb Code   150  msh.o(i.msh_auto_complete)
    msh_exec                                 0x08004e45   Thumb Code    74  msh.o(i.msh_exec)
    msh_help                                 0x08004ea9   Thumb Code    58  msh.o(i.msh_help)
    msh_is_used                              0x08004f21   Thumb Code     4  msh.o(i.msh_is_used)
    rt_application_init                      0x0800513d   Thumb Code    44  components.o(i.rt_application_init)
    rt_components_board_init                 0x08005179   Thumb Code    20  components.o(i.rt_components_board_init)
    rt_components_init                       0x08005195   Thumb Code    20  components.o(i.rt_components_init)
    rt_enter_critical                        0x080051b1   Thumb Code    22  scheduler.o(i.rt_enter_critical)
    rt_exit_critical                         0x080051cd   Thumb Code    52  scheduler.o(i.rt_exit_critical)
    rt_hw_board_init                         0x08005205   Thumb Code    38  board.o(i.rt_hw_board_init)
    rt_hw_console_getchar                    0x0800522d   Thumb Code    34  board.o(i.rt_hw_console_getchar)
    rt_hw_console_output                     0x08005255   Thumb Code    66  board.o(i.rt_hw_console_output)
    rt_hw_hard_fault_exception               0x0800529d   Thumb Code   186  cpuport.o(i.rt_hw_hard_fault_exception)
    rt_hw_stack_init                         0x08005499   Thumb Code    52  cpuport.o(i.rt_hw_stack_init)
    rt_interrupt_enter                       0x080054d1   Thumb Code    22  irq.o(i.rt_interrupt_enter)
    rt_interrupt_leave                       0x080054ed   Thumb Code    22  irq.o(i.rt_interrupt_leave)
    rt_kprintf                               0x08005509   Thumb Code    28  kservice.o(i.rt_kprintf)
    rt_memmove                               0x0800557d   Thumb Code    50  kservice.o(i.rt_memmove)
    rt_memset                                0x080055b1   Thumb Code    70  kservice.o(i.rt_memset)
    rt_object_detach                         0x080055f7   Thumb Code    36  object.o(i.rt_object_detach)
    rt_object_get_information                0x0800561d   Thumb Code    30  object.o(i.rt_object_get_information)
    rt_object_init                           0x08005641   Thumb Code    82  object.o(i.rt_object_init)
    rt_object_is_systemobject                0x08005693   Thumb Code    14  object.o(i.rt_object_is_systemobject)
    rt_schedule                              0x080056a1   Thumb Code    76  scheduler.o(i.rt_schedule)
    rt_schedule_insert_thread                0x080056f9   Thumb Code    70  scheduler.o(i.rt_schedule_insert_thread)
    rt_schedule_remove_thread                0x08005749   Thumb Code    64  scheduler.o(i.rt_schedule_remove_thread)
    rt_sem_init                              0x08005791   Thumb Code    36  ipc.o(i.rt_sem_init)
    rt_show_version                          0x080057b5   Thumb Code    40  kservice.o(i.rt_show_version)
    rt_strlen                                0x08005865   Thumb Code    16  kservice.o(i.rt_strlen)
    rt_strncpy                               0x08005875   Thumb Code    38  kservice.o(i.rt_strncpy)
    rt_system_scheduler_init                 0x0800589d   Thumb Code    44  scheduler.o(i.rt_system_scheduler_init)
    rt_system_scheduler_start                0x080058d1   Thumb Code    32  scheduler.o(i.rt_system_scheduler_start)
    rt_system_timer_init                     0x080058f9   Thumb Code     8  timer.o(i.rt_system_timer_init)
    rt_system_timer_thread_init              0x08005905   Thumb Code     2  timer.o(i.rt_system_timer_thread_init)
    rt_thread_delay                          0x08005907   Thumb Code     4  thread.o(i.rt_thread_delay)
    rt_thread_exit                           0x0800590d   Thumb Code    82  thread.o(i.rt_thread_exit)
    rt_thread_idle_init                      0x0800596d   Thumb Code    40  idle.o(i.rt_thread_idle_init)
    rt_thread_init                           0x080059a5   Thumb Code    48  thread.o(i.rt_thread_init)
    rt_thread_mdelay                         0x080059d5   Thumb Code    14  thread.o(i.rt_thread_mdelay)
    rt_thread_resume                         0x080059e3   Thumb Code    60  thread.o(i.rt_thread_resume)
    rt_thread_self                           0x08005a21   Thumb Code     6  thread.o(i.rt_thread_self)
    rt_thread_sleep                          0x08005a2d   Thumb Code    60  thread.o(i.rt_thread_sleep)
    rt_thread_startup                        0x08005a6d   Thumb Code    40  thread.o(i.rt_thread_startup)
    rt_thread_suspend                        0x08005a99   Thumb Code    66  thread.o(i.rt_thread_suspend)
    rt_thread_timeout                        0x08005adb   Thumb Code    32  thread.o(i.rt_thread_timeout)
    rt_thread_yield                          0x08005afd   Thumb Code    86  thread.o(i.rt_thread_yield)
    rt_tick_from_millisecond                 0x08005b5d   Thumb Code    50  clock.o(i.rt_tick_from_millisecond)
    rt_tick_get                              0x08005b91   Thumb Code     6  clock.o(i.rt_tick_get)
    rt_tick_increase                         0x08005b9d   Thumb Code    38  clock.o(i.rt_tick_increase)
    rt_timer_check                           0x08005bc9   Thumb Code   136  timer.o(i.rt_timer_check)
    rt_timer_control                         0x08005c55   Thumb Code    72  timer.o(i.rt_timer_control)
    rt_timer_detach                          0x08005c9d   Thumb Code    40  timer.o(i.rt_timer_detach)
    rt_timer_init                            0x08005cc5   Thumb Code    48  timer.o(i.rt_timer_init)
    rt_timer_start                           0x08005cf5   Thumb Code   126  timer.o(i.rt_timer_start)
    rt_timer_stop                            0x08005d79   Thumb Code    46  timer.o(i.rt_timer_stop)
    rt_vsnprintf                             0x08005da9   Thumb Code   634  kservice.o(i.rt_vsnprintf)
    rtthread_startup                         0x0800603d   Thumb Code    42  components.o(i.rtthread_startup)
    uart_out_task_entry                      0x080060c5   Thumb Code    18  app_rt_thread.o(i.uart_out_task_entry)
    version                                  0x080061ad   Thumb Code    10  cmd.o(i.version)
    AHBPrescTable                            0x080061c8   Data          16  system_stm32f1xx.o(.constdata)
    APBPrescTable                            0x080061d8   Data           8  system_stm32f1xx.o(.constdata)
    __lowest_bit_bitmap                      0x080061e0   Data         256  kservice.o(.constdata)
    __fsym_hello_name                        0x08006348   Data           6  cmd.o(.rodata.name)
    __fsym_hello_desc                        0x0800634e   Data          16  cmd.o(.rodata.name)
    __fsym_version_name                      0x0800635e   Data           8  cmd.o(.rodata.name)
    __fsym_version_desc                      0x08006366   Data          35  cmd.o(.rodata.name)
    __fsym___cmd_version_name                0x08006389   Data          14  cmd.o(.rodata.name)
    __fsym___cmd_version_desc                0x08006397   Data          35  cmd.o(.rodata.name)
    __fsym_list_thread_name                  0x080063ba   Data          12  cmd.o(.rodata.name)
    __fsym_list_thread_desc                  0x080063c6   Data          12  cmd.o(.rodata.name)
    __fsym___cmd_list_thread_name            0x080063d2   Data          18  cmd.o(.rodata.name)
    __fsym___cmd_list_thread_desc            0x080063e4   Data          12  cmd.o(.rodata.name)
    __fsym_list_sem_name                     0x080063f0   Data           9  cmd.o(.rodata.name)
    __fsym_list_sem_desc                     0x080063f9   Data          25  cmd.o(.rodata.name)
    __fsym___cmd_list_sem_name               0x08006412   Data          15  cmd.o(.rodata.name)
    __fsym___cmd_list_sem_desc               0x08006421   Data          25  cmd.o(.rodata.name)
    __fsym_list_timer_name                   0x0800643a   Data          11  cmd.o(.rodata.name)
    __fsym_list_timer_desc                   0x08006445   Data          21  cmd.o(.rodata.name)
    __fsym___cmd_list_timer_name             0x0800645a   Data          17  cmd.o(.rodata.name)
    __fsym___cmd_list_timer_desc             0x0800646b   Data          21  cmd.o(.rodata.name)
    __fsym_list_name                         0x08006480   Data           5  cmd.o(.rodata.name)
    __fsym_list_desc                         0x08006485   Data          26  cmd.o(.rodata.name)
    __fsym___cmd_help_name                   0x0800649f   Data          11  msh.o(.rodata.name)
    __fsym___cmd_help_desc                   0x080064aa   Data          22  msh.o(.rodata.name)
    __fsym___cmd_ps_name                     0x080064c0   Data           9  msh.o(.rodata.name)
    __fsym___cmd_ps_desc                     0x080064c9   Data          28  msh.o(.rodata.name)
    __rt_init_rti_start                      0x080064e8   Data           4  components.o(.rti_fn.0)
    __rt_init_rti_board_start                0x080064ec   Data           4  components.o(.rti_fn.0.end)
    __rt_init_uart_init                      0x080064f0   Data           4  board.o(.rti_fn.1)
    __rt_init_rti_board_end                  0x080064f4   Data           4  components.o(.rti_fn.1.end)
    __rt_init_finsh_system_init              0x080064f8   Data           4  shell.o(.rti_fn.6)
    __rt_init_rti_end                        0x080064fc   Data           4  components.o(.rti_fn.6.end)
    FSymTab$$Base                            0x08006500   Number         0  cmd.o(FSymTab)
    __fsym_hello                             0x08006500   Data          12  cmd.o(FSymTab)
    __fsym_version                           0x0800650c   Data          12  cmd.o(FSymTab)
    __fsym___cmd_version                     0x08006518   Data          12  cmd.o(FSymTab)
    __fsym_list_thread                       0x08006524   Data          12  cmd.o(FSymTab)
    __fsym___cmd_list_thread                 0x08006530   Data          12  cmd.o(FSymTab)
    __fsym_list_sem                          0x0800653c   Data          12  cmd.o(FSymTab)
    __fsym___cmd_list_sem                    0x08006548   Data          12  cmd.o(FSymTab)
    __fsym_list_timer                        0x08006554   Data          12  cmd.o(FSymTab)
    __fsym___cmd_list_timer                  0x08006560   Data          12  cmd.o(FSymTab)
    __fsym_list                              0x0800656c   Data          12  cmd.o(FSymTab)
    __fsym___cmd_help                        0x08006578   Data          12  msh.o(FSymTab)
    __fsym___cmd_ps                          0x08006584   Data          12  msh.o(FSymTab)
    FSymTab$$Limit                           0x08006590   Number         0  msh.o(FSymTab)
    Region$$Table$$Base                      0x08006590   Number         0  anon$$obj.o(Region$$Table)
    Region$$Table$$Limit                     0x080065b0   Number         0  anon$$obj.o(Region$$Table)
    start                                    0x20000000   Data           1  app_rt_thread.o(.data)
    distance                                 0x20000004   Data           4  app_rt_thread.o(.data)
    key                                      0x20000008   Data           4  app_rt_thread.o(.data)
    uwTickFreq                               0x2000000c   Data           1  stm32f1xx_hal.o(.data)
    uwTickPrio                               0x20000010   Data           4  stm32f1xx_hal.o(.data)
    uwTick                                   0x20000014   Data           4  stm32f1xx_hal.o(.data)
    SystemCoreClock                          0x20000018   Data           4  system_stm32f1xx.o(.data)
    measure_Cnt                              0x2000001c   Data           1  sr04.o(.data)
    n                                        0x2000001d   Data           1  sr04.o(.data)
    distant                                  0x20000020   Data           4  sr04.o(.data)
    high_time                                0x20000024   Data           4  sr04.o(.data)
    ucTcpClosedFlag                          0x2000002c   Data           1  bsp_esp8266_test.o(.data)
    buffer                                   0x2000002d   Data           2  common.o(.data)
    rt_interrupt_nest                        0x20000034   Data           1  irq.o(.data)
    rt_current_priority                      0x20000068   Data           1  scheduler.o(.data)
    rt_current_thread                        0x2000006c   Data           4  scheduler.o(.data)
    rt_thread_ready_priority_group           0x20000070   Data           4  scheduler.o(.data)
    rt_thread_defunct                        0x20000074   Data           8  scheduler.o(.data)
    rt_interrupt_from_thread                 0x2000008c   Data           4  cpuport.o(.data)
    rt_interrupt_to_thread                   0x20000090   Data           4  cpuport.o(.data)
    rt_thread_switch_interrupt_flag          0x20000094   Data           4  cpuport.o(.data)
    _syscall_table_begin                     0x20000098   Data           4  shell.o(.data)
    _syscall_table_end                       0x2000009c   Data           4  shell.o(.data)
    _sysvar_table_begin                      0x200000a0   Data           4  shell.o(.data)
    _sysvar_table_end                        0x200000a4   Data           4  shell.o(.data)
    shell                                    0x200000ac   Data           4  shell.o(.data)
    __stdout                                 0x200000b0   Data           4  stdout.o(.data)
    uart_out_thread                          0x200000b4   Data         120  app_rt_thread.o(.bss)
    rt_uart_out_thread_stack                 0x2000012c   Data         256  app_rt_thread.o(.bss)
    get_SR04_thread                          0x2000022c   Data         120  app_rt_thread.o(.bss)
    rt_get_SR04_thread_stack                 0x200002a4   Data        1024  app_rt_thread.o(.bss)
    key_thread                               0x200006a4   Data         120  app_rt_thread.o(.bss)
    rt_key_thread_stack                      0x2000071c   Data         512  app_rt_thread.o(.bss)
    beep_thread                              0x2000091c   Data         120  app_rt_thread.o(.bss)
    rt_beep_thread_stack                     0x20000994   Data        1024  app_rt_thread.o(.bss)
    htim2                                    0x20000d94   Data          72  tim.o(.bss)
    htim3                                    0x20000ddc   Data          72  tim.o(.bss)
    huart1                                   0x20000e24   Data          72  usart.o(.bss)
    measure_Buf                              0x20000e6c   Data          12  sr04.o(.bss)
    distances                                0x20000e78   Data          20  sr04.o(.bss)
    strEsp8266_Fram_Record                   0x20000e8c   Data        1026  esp8266.o(.bss)
    strUSART_Fram_Record                     0x2000128e   Data        1026  esp8266.o(.bss)
    main_thread                              0x20001a90   Data         120  components.o(.bss)
    rt_thread_priority_table                 0x20001c80   Data         256  scheduler.o(.bss)
    _shell                                   0x200022c4   Data         120  shell.o(.bss)
    __initial_sp                             0x20002740   Data           0  startup_stm32f103xe.o(STACK)



==============================================================================

Memory Map of the image

  Image Entry point : 0x08000131

  Load Region LR_IROM1 (Base: 0x08000000, Size: 0x00006664, Max: 0x00080000, ABSOLUTE)

    Execution Region ER_IROM1 (Exec base: 0x08000000, Load base: 0x08000000, Size: 0x000065b0, Max: 0x00080000, ABSOLUTE)

    Exec Addr    Load Addr    Size         Type   Attr      Idx    E Section Name        Object

    0x08000000   0x08000000   0x00000130   Data   RO            3    RESET               startup_stm32f103xe.o
    0x08000130   0x08000130   0x00000000   Code   RO         4738  * .ARM.Collect$$$$00000000  mc_w.l(entry.o)
    0x08000130   0x08000130   0x00000004   Code   RO         5040    .ARM.Collect$$$$00000001  mc_w.l(entry2.o)
    0x08000134   0x08000134   0x00000004   Code   RO         5043    .ARM.Collect$$$$00000004  mc_w.l(entry5.o)
    0x08000138   0x08000138   0x00000000   Code   RO         5045    .ARM.Collect$$$$00000008  mc_w.l(entry7b.o)
    0x08000138   0x08000138   0x00000000   Code   RO         5047    .ARM.Collect$$$$0000000A  mc_w.l(entry8b.o)
    0x08000138   0x08000138   0x00000008   Code   RO         5048    .ARM.Collect$$$$0000000B  mc_w.l(entry9a.o)
    0x08000140   0x08000140   0x00000004   Code   RO         5055    .ARM.Collect$$$$0000000E  mc_w.l(entry12b.o)
    0x08000144   0x08000144   0x00000000   Code   RO         5050    .ARM.Collect$$$$0000000F  mc_w.l(entry10a.o)
    0x08000144   0x08000144   0x00000000   Code   RO         5052    .ARM.Collect$$$$00000011  mc_w.l(entry11a.o)
    0x08000144   0x08000144   0x00000004   Code   RO         5041    .ARM.Collect$$$$00002712  mc_w.l(entry2.o)
    0x08000148   0x08000148   0x00000024   Code   RO            4    .text               startup_stm32f103xe.o
    0x0800016c   0x0800016c   0x000000f4   Code   RO         3632    .text               context_rvds.o
    0x08000260   0x08000260   0x00000020   Code   RO         4741    .text               mc_w.l(llushr.o)
    0x08000280   0x08000280   0x00000024   Code   RO         4743    .text               mc_w.l(memcpya.o)
    0x080002a4   0x080002a4   0x00000024   Code   RO         4745    .text               mc_w.l(memseta.o)
    0x080002c8   0x080002c8   0x00000018   Code   RO         4747    .text               mc_w.l(strcat.o)
    0x080002e0   0x080002e0   0x00000024   Code   RO         4749    .text               mc_w.l(strstr.o)
    0x08000304   0x08000304   0x00000018   Code   RO         4751    .text               mc_w.l(strncpy.o)
    0x0800031c   0x0800031c   0x0000000e   Code   RO         4753    .text               mc_w.l(strlen.o)
    0x0800032a   0x0800032a   0x00000012   Code   RO         4755    .text               mc_w.l(strcpy.o)
    0x0800033c   0x0800033c   0x0000001e   Code   RO         4757    .text               mc_w.l(strncmp.o)
    0x0800035a   0x0800035a   0x000000b0   Code   RO         5022    .text               mf_w.l(fadd.o)
    0x0800040a   0x0800040a   0x00000064   Code   RO         5024    .text               mf_w.l(fmul.o)
    0x0800046e   0x0800046e   0x00000018   Code   RO         5026    .text               mf_w.l(fscalb.o)
    0x08000486   0x08000486   0x000000e4   Code   RO         5028    .text               mf_w.l(dmul.o)
    0x0800056a   0x0800056a   0x0000002e   Code   RO         5030    .text               mf_w.l(dscalb.o)
    0x08000598   0x08000598   0x0000001a   Code   RO         5032    .text               mf_w.l(dfltui.o)
    0x080005b2   0x080005b2   0x00000032   Code   RO         5034    .text               mf_w.l(ffixi.o)
    0x080005e4   0x080005e4   0x00000026   Code   RO         5036    .text               mf_w.l(f2d.o)
    0x0800060a   0x0800060a   0x00000038   Code   RO         5038    .text               mf_w.l(d2f.o)
    0x08000642   0x08000642   0x0000002c   Code   RO         5057    .text               mc_w.l(uidiv.o)
    0x0800066e   0x0800066e   0x00000062   Code   RO         5059    .text               mc_w.l(uldiv.o)
    0x080006d0   0x080006d0   0x00000000   Code   RO         5061    .text               mc_w.l(iusefp.o)
    0x080006d0   0x080006d0   0x0000006e   Code   RO         5062    .text               mf_w.l(fepilogue.o)
    0x0800073e   0x0800073e   0x000000ba   Code   RO         5064    .text               mf_w.l(depilogue.o)
    0x080007f8   0x080007f8   0x0000014e   Code   RO         5066    .text               mf_w.l(dadd.o)
    0x08000946   0x08000946   0x000000de   Code   RO         5068    .text               mf_w.l(ddiv.o)
    0x08000a24   0x08000a24   0x00000030   Code   RO         5070    .text               mf_w.l(dfixul.o)
    0x08000a54   0x08000a54   0x00000030   Code   RO         5072    .text               mf_w.l(cdrcmple.o)
    0x08000a84   0x08000a84   0x00000024   Code   RO         5074    .text               mc_w.l(init.o)
    0x08000aa8   0x08000aa8   0x0000001e   Code   RO         5076    .text               mc_w.l(llshl.o)
    0x08000ac6   0x08000ac6   0x00000024   Code   RO         5078    .text               mc_w.l(llsshr.o)
    0x08000aea   0x08000aea   0x0000000a   Code   RO         3677    i.$Sub$$main        components.o
    0x08000af4   0x08000af4   0x00000048   Code   RO         3389    i.BEEP_Init         beep.o
    0x08000b3c   0x08000b3c   0x00000002   Code   RO          473    i.BusFault_Handler  stm32f1xx_it.o
    0x08000b3e   0x08000b3e   0x00000002   Code   RO          474    i.DebugMon_Handler  stm32f1xx_it.o
    0x08000b40   0x08000b40   0x000000b8   Code   RO         3471    i.ESP8266_AT_Test   esp8266.o
    0x08000bf8   0x08000bf8   0x00000090   Code   RO         3473    i.ESP8266_Cmd       esp8266.o
    0x08000c88   0x08000c88   0x0000003c   Code   RO         3474    i.ESP8266_Enable_MultipleId  esp8266.o
    0x08000cc4   0x08000cc4   0x00000020   Code   RO         3478    i.ESP8266_Init      esp8266.o
    0x08000ce4   0x08000ce4   0x0000003c   Code   RO         3480    i.ESP8266_JoinAP    esp8266.o
    0x08000d20   0x08000d20   0x000000b0   Code   RO         3481    i.ESP8266_Link_Server  esp8266.o
    0x08000dd0   0x08000dd0   0x00000060   Code   RO         3482    i.ESP8266_Net_Mode_Choose  esp8266.o
    0x08000e30   0x08000e30   0x00000028   Code   RO         3484    i.ESP8266_Rst       esp8266.o
    0x08000e58   0x08000e58   0x0000008c   Code   RO         3485    i.ESP8266_SendString  esp8266.o
    0x08000ee4   0x08000ee4   0x000001dc   Code   RO         3417    i.ESP8266_StaTcpClient_Unvarnish_ConfigTest  bsp_esp8266_test.o
    0x080010c0   0x080010c0   0x0000004c   Code   RO         3487    i.ESP8266_UnvarnishSend  esp8266.o
    0x0800110c   0x0800110c   0x00000016   Code   RO         3418    i.ESP8266_print     bsp_esp8266_test.o
    0x08001122   0x08001122   0x00000004   Code   RO          263    i.Error_Handler     main.o
    0x08001126   0x08001126   0x00000046   Code   RO          993    i.HAL_DMA_Abort     stm32f1xx_hal_dma.o
    0x0800116c   0x0800116c   0x00000130   Code   RO          994    i.HAL_DMA_Abort_IT  stm32f1xx_hal_dma.o
    0x0800129c   0x0800129c   0x000001f8   Code   RO          929    i.HAL_GPIO_Init     stm32f1xx_hal_gpio.o
    0x08001494   0x08001494   0x0000000a   Code   RO          931    i.HAL_GPIO_ReadPin  stm32f1xx_hal_gpio.o
    0x0800149e   0x0800149e   0x0000000a   Code   RO          933    i.HAL_GPIO_WritePin  stm32f1xx_hal_gpio.o
    0x080014a8   0x080014a8   0x0000000c   Code   RO          623    i.HAL_GetTick       stm32f1xx_hal.o
    0x080014b4   0x080014b4   0x00000024   Code   RO          630    i.HAL_Init          stm32f1xx_hal.o
    0x080014d8   0x080014d8   0x00000040   Code   RO          631    i.HAL_InitTick      stm32f1xx_hal.o
    0x08001518   0x08001518   0x0000002c   Code   RO          552    i.HAL_MspInit       stm32f1xx_hal_msp.o
    0x08001544   0x08001544   0x0000001a   Code   RO         1089    i.HAL_NVIC_EnableIRQ  stm32f1xx_hal_cortex.o
    0x0800155e   0x0800155e   0x00000002   PAD
    0x08001560   0x08001560   0x00000040   Code   RO         1095    i.HAL_NVIC_SetPriority  stm32f1xx_hal_cortex.o
    0x080015a0   0x080015a0   0x00000024   Code   RO         1096    i.HAL_NVIC_SetPriorityGrouping  stm32f1xx_hal_cortex.o
    0x080015c4   0x080015c4   0x0000012c   Code   RO          787    i.HAL_RCC_ClockConfig  stm32f1xx_hal_rcc.o
    0x080016f0   0x080016f0   0x0000000c   Code   RO          792    i.HAL_RCC_GetHCLKFreq  stm32f1xx_hal_rcc.o
    0x080016fc   0x080016fc   0x00000020   Code   RO          794    i.HAL_RCC_GetPCLK1Freq  stm32f1xx_hal_rcc.o
    0x0800171c   0x0800171c   0x00000020   Code   RO          795    i.HAL_RCC_GetPCLK2Freq  stm32f1xx_hal_rcc.o
    0x0800173c   0x0800173c   0x0000004c   Code   RO          796    i.HAL_RCC_GetSysClockFreq  stm32f1xx_hal_rcc.o
    0x08001788   0x08001788   0x00000320   Code   RO          799    i.HAL_RCC_OscConfig  stm32f1xx_hal_rcc.o
    0x08001aa8   0x08001aa8   0x00000028   Code   RO         1100    i.HAL_SYSTICK_Config  stm32f1xx_hal_cortex.o
    0x08001ad0   0x08001ad0   0x00000002   Code   RO         2489    i.HAL_TIMEx_BreakCallback  stm32f1xx_hal_tim_ex.o
    0x08001ad2   0x08001ad2   0x00000002   Code   RO         2490    i.HAL_TIMEx_CommutCallback  stm32f1xx_hal_tim_ex.o
    0x08001ad4   0x08001ad4   0x0000007c   Code   RO         2508    i.HAL_TIMEx_MasterConfigSynchronization  stm32f1xx_hal_tim_ex.o
    0x08001b50   0x08001b50   0x0000005a   Code   RO         1785    i.HAL_TIM_Base_Init  stm32f1xx_hal_tim.o
    0x08001baa   0x08001baa   0x00000002   PAD
    0x08001bac   0x08001bac   0x0000007c   Code   RO          327    i.HAL_TIM_Base_MspInit  tim.o
    0x08001c28   0x08001c28   0x000000dc   Code   RO         1794    i.HAL_TIM_ConfigClockSource  stm32f1xx_hal_tim.o
    0x08001d04   0x08001d04   0x00000060   Code   RO         3314    i.HAL_TIM_IC_CaptureCallback  sr04.o
    0x08001d64   0x08001d64   0x00000124   Code   RO         1821    i.HAL_TIM_IC_ConfigChannel  stm32f1xx_hal_tim.o
    0x08001e88   0x08001e88   0x0000005a   Code   RO         1824    i.HAL_TIM_IC_Init   stm32f1xx_hal_tim.o
    0x08001ee2   0x08001ee2   0x00000002   Code   RO         1826    i.HAL_TIM_IC_MspInit  stm32f1xx_hal_tim.o
    0x08001ee4   0x08001ee4   0x000000f8   Code   RO         1829    i.HAL_TIM_IC_Start_IT  stm32f1xx_hal_tim.o
    0x08001fdc   0x08001fdc   0x00000092   Code   RO         1832    i.HAL_TIM_IC_Stop_IT  stm32f1xx_hal_tim.o
    0x0800206e   0x0800206e   0x00000166   Code   RO         1833    i.HAL_TIM_IRQHandler  stm32f1xx_hal_tim.o
    0x080021d4   0x080021d4   0x00000002   Code   RO         1836    i.HAL_TIM_OC_DelayElapsedCallback  stm32f1xx_hal_tim.o
    0x080021d6   0x080021d6   0x00000002   Code   RO         1863    i.HAL_TIM_PWM_PulseFinishedCallback  stm32f1xx_hal_tim.o
    0x080021d8   0x080021d8   0x00000002   Code   RO         1871    i.HAL_TIM_PeriodElapsedCallback  stm32f1xx_hal_tim.o
    0x080021da   0x080021da   0x0000002a   Code   RO         1873    i.HAL_TIM_ReadCapturedValue  stm32f1xx_hal_tim.o
    0x08002204   0x08002204   0x00000002   Code   RO         1876    i.HAL_TIM_TriggerCallback  stm32f1xx_hal_tim.o
    0x08002206   0x08002206   0x00000002   Code   RO         2768    i.HAL_UARTEx_RxEventCallback  stm32f1xx_hal_uart.o
    0x08002208   0x08002208   0x00000002   Code   RO         2782    i.HAL_UART_ErrorCallback  stm32f1xx_hal_uart.o
    0x0800220a   0x0800220a   0x00000002   PAD
    0x0800220c   0x0800220c   0x0000026c   Code   RO         2785    i.HAL_UART_IRQHandler  stm32f1xx_hal_uart.o
    0x08002478   0x08002478   0x00000064   Code   RO         2786    i.HAL_UART_Init     stm32f1xx_hal_uart.o
    0x080024dc   0x080024dc   0x00000080   Code   RO          375    i.HAL_UART_MspInit  usart.o
    0x0800255c   0x0800255c   0x00000002   Code   RO         2792    i.HAL_UART_RxCpltCallback  stm32f1xx_hal_uart.o
    0x0800255e   0x0800255e   0x0000009a   Code   RO         2794    i.HAL_UART_Transmit  stm32f1xx_hal_uart.o
    0x080025f8   0x080025f8   0x00000002   Code   RO         2797    i.HAL_UART_TxCpltCallback  stm32f1xx_hal_uart.o
    0x080025fa   0x080025fa   0x00000002   PAD
    0x080025fc   0x080025fc   0x00000070   Code   RO         3361    i.KEY_Scan          key.o
    0x0800266c   0x0800266c   0x00000018   Code   RO          376    i.LL_APB1_GRP1_EnableClock  usart.o
    0x08002684   0x08002684   0x00000018   Code   RO          377    i.LL_APB2_GRP1_EnableClock  usart.o
    0x0800269c   0x0800269c   0x000000f0   Code   RO         3186    i.LL_GPIO_Init      stm32f1xx_ll_gpio.o
    0x0800278c   0x0800278c   0x00000020   Code   RO         1591    i.LL_RCC_GetSystemClocksFreq  stm32f1xx_ll_rcc.o
    0x080027ac   0x080027ac   0x00000016   Code   RO          378    i.LL_USART_EnableIT_IDLE  usart.o
    0x080027c2   0x080027c2   0x00000002   PAD
    0x080027c4   0x080027c4   0x00000016   Code   RO          379    i.LL_USART_EnableIT_RXNE  usart.o
    0x080027da   0x080027da   0x00000002   PAD
    0x080027dc   0x080027dc   0x000000f4   Code   RO         3124    i.LL_USART_Init     stm32f1xx_ll_usart.o
    0x080028d0   0x080028d0   0x000000e0   Code   RO          302    i.MX_GPIO_Init      gpio.o
    0x080029b0   0x080029b0   0x000000d8   Code   RO           13    i.MX_RT_Thread_Init  app_rt_thread.o
    0x08002a88   0x08002a88   0x00000028   Code   RO           14    i.MX_RT_Thread_Process  app_rt_thread.o
    0x08002ab0   0x08002ab0   0x00000094   Code   RO          328    i.MX_TIM2_Init      tim.o
    0x08002b44   0x08002b44   0x00000068   Code   RO          329    i.MX_TIM3_Init      tim.o
    0x08002bac   0x08002bac   0x00000038   Code   RO          380    i.MX_USART1_UART_Init  usart.o
    0x08002be4   0x08002be4   0x000000c0   Code   RO          381    i.MX_USART2_UART_Init  usart.o
    0x08002ca4   0x08002ca4   0x000000c4   Code   RO          382    i.MX_USART3_UART_Init  usart.o
    0x08002d68   0x08002d68   0x00000002   Code   RO          475    i.MemManage_Handler  stm32f1xx_it.o
    0x08002d6a   0x08002d6a   0x00000002   Code   RO          476    i.NMI_Handler       stm32f1xx_it.o
    0x08002d6c   0x08002d6c   0x00000032   Code   RO          383    i.NVIC_EncodePriority  usart.o
    0x08002d9e   0x08002d9e   0x00000002   PAD
    0x08002da0   0x08002da0   0x0000001c   Code   RO         1593    i.RCC_GetHCLKClockFreq  stm32f1xx_ll_rcc.o
    0x08002dbc   0x08002dbc   0x0000001c   Code   RO         1594    i.RCC_GetPCLK1ClockFreq  stm32f1xx_ll_rcc.o
    0x08002dd8   0x08002dd8   0x0000001c   Code   RO         1595    i.RCC_GetPCLK2ClockFreq  stm32f1xx_ll_rcc.o
    0x08002df4   0x08002df4   0x00000024   Code   RO         1596    i.RCC_GetSystemClockFreq  stm32f1xx_ll_rcc.o
    0x08002e18   0x08002e18   0x0000003c   Code   RO         1597    i.RCC_PLL_GetFreqDomain_SYS  stm32f1xx_ll_rcc.o
    0x08002e54   0x08002e54   0x00000108   Code   RO         3315    i.SR04_GetData      sr04.o
    0x08002f5c   0x08002f5c   0x00000012   Code   RO         4435    i.SysTick_Handler   board.o
    0x08002f6e   0x08002f6e   0x0000005e   Code   RO          264    i.SystemClock_Config  main.o
    0x08002fcc   0x08002fcc   0x00000068   Code   RO         3276    i.SystemCoreClockUpdate  system_stm32f1xx.o
    0x08003034   0x08003034   0x00000002   Code   RO         3277    i.SystemInit        system_stm32f1xx.o
    0x08003036   0x08003036   0x00000002   PAD
    0x08003038   0x08003038   0x0000000c   Code   RO          477    i.TIM2_IRQHandler   stm32f1xx_it.o
    0x08003044   0x08003044   0x0000008c   Code   RO         1878    i.TIM_Base_SetConfig  stm32f1xx_hal_tim.o
    0x080030d0   0x080030d0   0x0000001a   Code   RO         1879    i.TIM_CCxChannelCmd  stm32f1xx_hal_tim.o
    0x080030ea   0x080030ea   0x00000014   Code   RO         1889    i.TIM_ETR_SetConfig  stm32f1xx_hal_tim.o
    0x080030fe   0x080030fe   0x00000010   Code   RO         1890    i.TIM_ITRx_SetConfig  stm32f1xx_hal_tim.o
    0x0800310e   0x0800310e   0x00000022   Code   RO         1896    i.TIM_TI1_ConfigInputStage  stm32f1xx_hal_tim.o
    0x08003130   0x08003130   0x0000006c   Code   RO         1897    i.TIM_TI1_SetConfig  stm32f1xx_hal_tim.o
    0x0800319c   0x0800319c   0x00000024   Code   RO         1898    i.TIM_TI2_ConfigInputStage  stm32f1xx_hal_tim.o
    0x080031c0   0x080031c0   0x00000036   Code   RO         1899    i.TIM_TI2_SetConfig  stm32f1xx_hal_tim.o
    0x080031f6   0x080031f6   0x00000010   Code   RO         2799    i.UART_DMAAbortOnError  stm32f1xx_hal_uart.o
    0x08003206   0x08003206   0x0000004e   Code   RO         2809    i.UART_EndRxTransfer  stm32f1xx_hal_uart.o
    0x08003254   0x08003254   0x000000c2   Code   RO         2811    i.UART_Receive_IT   stm32f1xx_hal_uart.o
    0x08003316   0x08003316   0x00000002   PAD
    0x08003318   0x08003318   0x000000b8   Code   RO         2812    i.UART_SetConfig    stm32f1xx_hal_uart.o
    0x080033d0   0x080033d0   0x00000078   Code   RO         2815    i.UART_WaitOnFlagUntilTimeout  stm32f1xx_hal_uart.o
    0x08003448   0x08003448   0x0000000c   Code   RO          478    i.USART1_IRQHandler  stm32f1xx_it.o
    0x08003454   0x08003454   0x00000060   Code   RO          479    i.USART2_IRQHandler  stm32f1xx_it.o
    0x080034b4   0x080034b4   0x00000080   Code   RO          480    i.USART3_IRQHandler  stm32f1xx_it.o
    0x08003534   0x08003534   0x000000ec   Code   RO         3602    i.USART_printf      common.o
    0x08003620   0x08003620   0x00000002   Code   RO          481    i.UsageFault_Handler  stm32f1xx_it.o
    0x08003622   0x08003622   0x00000002   PAD
    0x08003624   0x08003624   0x00000020   Code   RO         4994    i.__0printf         mc_w.l(printfa.o)
    0x08003644   0x08003644   0x00000028   Code   RO         4996    i.__0sprintf        mc_w.l(printfa.o)
    0x0800366c   0x0800366c   0x0000001a   Code   RO          384    i.__NVIC_EnableIRQ  usart.o
    0x08003686   0x08003686   0x00000020   Code   RO          385    i.__NVIC_SetPriority  usart.o
    0x080036a6   0x080036a6   0x00000020   Code   RO         1102    i.__NVIC_SetPriority  stm32f1xx_hal_cortex.o
    0x080036c6   0x080036c6   0x00000002   PAD
    0x080036c8   0x080036c8   0x00000044   Code   RO         3865    i.__rt_ffs          kservice.o
    0x0800370c   0x0800370c   0x0000000e   Code   RO         5082    i.__scatterload_copy  mc_w.l(handlers.o)
    0x0800371a   0x0800371a   0x00000002   Code   RO         5083    i.__scatterload_null  mc_w.l(handlers.o)
    0x0800371c   0x0800371c   0x0000000e   Code   RO         5084    i.__scatterload_zeroinit  mc_w.l(handlers.o)
    0x0800372a   0x0800372a   0x00000002   PAD
    0x0800372c   0x0800372c   0x00000184   Code   RO         5001    i._fp_digits        mc_w.l(printfa.o)
    0x080038b0   0x080038b0   0x0000009c   Code   RO         4595    i._msh_exec_cmd     msh.o
    0x0800394c   0x0800394c   0x000006b4   Code   RO         5002    i._printf_core      mc_w.l(printfa.o)
    0x08004000   0x08004000   0x00000024   Code   RO         5003    i._printf_post_padding  mc_w.l(printfa.o)
    0x08004024   0x08004024   0x0000002e   Code   RO         5004    i._printf_pre_padding  mc_w.l(printfa.o)
    0x08004052   0x08004052   0x00000002   PAD
    0x08004054   0x08004054   0x00000080   Code   RO         4172    i._rt_thread_init   thread.o
    0x080040d4   0x080040d4   0x00000006   Code   RO         4290    i._rt_timer_remove  timer.o
    0x080040da   0x080040da   0x0000000a   Code   RO         5006    i._sputc            mc_w.l(printfa.o)
    0x080040e4   0x080040e4   0x0000001c   Code   RO         4173    i._thread_cleanup_execute  thread.o
    0x08004100   0x08004100   0x00000074   Code   RO           15    i.beep_task_entry   app_rt_thread.o
    0x08004174   0x08004174   0x000000e8   Code   RO         4370    i.bus_fault_track   cpuport.o
    0x0800425c   0x0800425c   0x0000000a   Code   RO         4596    i.cmd_ps            msh.o
    0x08004266   0x08004266   0x00000002   PAD
    0x08004268   0x08004268   0x0000001c   Code   RO         3316    i.delay_us          sr04.o
    0x08004284   0x08004284   0x00000060   Code   RO         4659    i.finsh_get_prompt  shell.o
    0x080042e4   0x080042e4   0x00000014   Code   RO         4662    i.finsh_set_prompt_mode  shell.o
    0x080042f8   0x080042f8   0x0000000c   Code   RO         4663    i.finsh_system_function_init  shell.o
    0x08004304   0x08004304   0x00000078   Code   RO         4664    i.finsh_system_init  shell.o
    0x0800437c   0x0800437c   0x0000028c   Code   RO         4666    i.finsh_thread_entry  shell.o
    0x08004608   0x08004608   0x00000018   Code   RO         3419    i.fputc             bsp_esp8266_test.o
    0x08004620   0x08004620   0x00000054   Code   RO           16    i.get_SR04_task_entry  app_rt_thread.o
    0x08004674   0x08004674   0x00000078   Code   RO         4371    i.hard_fault_track  cpuport.o
    0x080046ec   0x080046ec   0x00000020   Code   RO         4483    i.hello             cmd.o
    0x0800470c   0x0800470c   0x00000050   Code   RO           17    i.key_task_entry    app_rt_thread.o
    0x0800475c   0x0800475c   0x00000064   Code   RO         4484    i.list              cmd.o
    0x080047c0   0x080047c0   0x00000024   Code   RO         4485    i.list_find_init    cmd.o
    0x080047e4   0x080047e4   0x00000066   Code   RO         4486    i.list_get_next     cmd.o
    0x0800484a   0x0800484a   0x00000002   PAD
    0x0800484c   0x0800484c   0x00000140   Code   RO         4487    i.list_sem          cmd.o
    0x0800498c   0x0800498c   0x000001b8   Code   RO         4488    i.list_thread       cmd.o
    0x08004b44   0x08004b44   0x00000140   Code   RO         4489    i.list_timer        cmd.o
    0x08004c84   0x08004c84   0x0000002e   Code   RO          265    i.main              main.o
    0x08004cb2   0x08004cb2   0x0000000e   Code   RO         3678    i.main_thread_entry  components.o
    0x08004cc0   0x08004cc0   0x000000d8   Code   RO         4372    i.mem_manage_fault_track  cpuport.o
    0x08004d98   0x08004d98   0x000000ac   Code   RO         4597    i.msh_auto_complete  msh.o
    0x08004e44   0x08004e44   0x00000064   Code   RO         4598    i.msh_exec          msh.o
    0x08004ea8   0x08004ea8   0x00000078   Code   RO         4599    i.msh_help          msh.o
    0x08004f20   0x08004f20   0x00000004   Code   RO         4600    i.msh_is_used       msh.o
    0x08004f24   0x08004f24   0x000000d0   Code   RO         4601    i.msh_split         msh.o
    0x08004ff4   0x08004ff4   0x00000018   Code   RO         4490    i.object_split      cmd.o
    0x0800500c   0x0800500c   0x00000130   Code   RO         3867    i.print_number      kservice.o
    0x0800513c   0x0800513c   0x0000003c   Code   RO         3679    i.rt_application_init  components.o
    0x08005178   0x08005178   0x0000001c   Code   RO         3680    i.rt_components_board_init  components.o
    0x08005194   0x08005194   0x0000001c   Code   RO         3681    i.rt_components_init  components.o
    0x080051b0   0x080051b0   0x0000001c   Code   RO         4105    i.rt_enter_critical  scheduler.o
    0x080051cc   0x080051cc   0x00000038   Code   RO         4106    i.rt_exit_critical  scheduler.o
    0x08005204   0x08005204   0x00000026   Code   RO         4436    i.rt_hw_board_init  board.o
    0x0800522a   0x0800522a   0x00000002   PAD
    0x0800522c   0x0800522c   0x00000028   Code   RO         4437    i.rt_hw_console_getchar  board.o
    0x08005254   0x08005254   0x00000048   Code   RO         4438    i.rt_hw_console_output  board.o
    0x0800529c   0x0800529c   0x000001fc   Code   RO         4376    i.rt_hw_hard_fault_exception  cpuport.o
    0x08005498   0x08005498   0x00000038   Code   RO         4377    i.rt_hw_stack_init  cpuport.o
    0x080054d0   0x080054d0   0x0000001c   Code   RO         3838    i.rt_interrupt_enter  irq.o
    0x080054ec   0x080054ec   0x0000001c   Code   RO         3840    i.rt_interrupt_leave  irq.o
    0x08005508   0x08005508   0x00000020   Code   RO         3870    i.rt_kprintf        kservice.o
    0x08005528   0x08005528   0x0000000e   Code   RO         4174    i.rt_list_insert_after  thread.o
    0x08005536   0x08005536   0x0000000e   Code   RO         4291    i.rt_list_insert_after  timer.o
    0x08005544   0x08005544   0x00000012   Code   RO         4491    i.rt_list_len       cmd.o
    0x08005556   0x08005556   0x00000012   Code   RO         4175    i.rt_list_remove    thread.o
    0x08005568   0x08005568   0x00000012   Code   RO         4292    i.rt_list_remove    timer.o
    0x0800557a   0x0800557a   0x00000002   PAD
    0x0800557c   0x0800557c   0x00000032   Code   RO         3874    i.rt_memmove        kservice.o
    0x080055ae   0x080055ae   0x00000002   PAD
    0x080055b0   0x080055b0   0x00000046   Code   RO         3875    i.rt_memset         kservice.o
    0x080055f6   0x080055f6   0x00000024   Code   RO         4039    i.rt_object_detach  object.o
    0x0800561a   0x0800561a   0x00000002   PAD
    0x0800561c   0x0800561c   0x00000024   Code   RO         4041    i.rt_object_get_information  object.o
    0x08005640   0x08005640   0x00000052   Code   RO         4045    i.rt_object_init    object.o
    0x08005692   0x08005692   0x0000000e   Code   RO         4046    i.rt_object_is_systemobject  object.o
    0x080056a0   0x080056a0   0x00000058   Code   RO         4107    i.rt_schedule       scheduler.o
    0x080056f8   0x080056f8   0x00000050   Code   RO         4108    i.rt_schedule_insert_thread  scheduler.o
    0x08005748   0x08005748   0x00000048   Code   RO         4109    i.rt_schedule_remove_thread  scheduler.o
    0x08005790   0x08005790   0x00000024   Code   RO         3787    i.rt_sem_init       ipc.o
    0x080057b4   0x080057b4   0x000000b0   Code   RO         3877    i.rt_show_version   kservice.o
    0x08005864   0x08005864   0x00000010   Code   RO         3882    i.rt_strlen         kservice.o
    0x08005874   0x08005874   0x00000026   Code   RO         3884    i.rt_strncpy        kservice.o
    0x0800589a   0x0800589a   0x00000002   PAD
    0x0800589c   0x0800589c   0x00000034   Code   RO         4110    i.rt_system_scheduler_init  scheduler.o
    0x080058d0   0x080058d0   0x00000028   Code   RO         4111    i.rt_system_scheduler_start  scheduler.o
    0x080058f8   0x080058f8   0x0000000c   Code   RO         4293    i.rt_system_timer_init  timer.o
    0x08005904   0x08005904   0x00000002   Code   RO         4294    i.rt_system_timer_thread_init  timer.o
    0x08005906   0x08005906   0x00000004   Code   RO         4177    i.rt_thread_delay   thread.o
    0x0800590a   0x0800590a   0x00000002   PAD
    0x0800590c   0x0800590c   0x0000005c   Code   RO         4180    i.rt_thread_exit    thread.o
    0x08005968   0x08005968   0x00000002   Code   RO         3752    i.rt_thread_idle_entry  idle.o
    0x0800596a   0x0800596a   0x00000002   PAD
    0x0800596c   0x0800596c   0x00000038   Code   RO         3755    i.rt_thread_idle_init  idle.o
    0x080059a4   0x080059a4   0x00000030   Code   RO         4182    i.rt_thread_init    thread.o
    0x080059d4   0x080059d4   0x0000000e   Code   RO         4183    i.rt_thread_mdelay  thread.o
    0x080059e2   0x080059e2   0x0000003c   Code   RO         4184    i.rt_thread_resume  thread.o
    0x08005a1e   0x08005a1e   0x00000002   PAD
    0x08005a20   0x08005a20   0x0000000c   Code   RO         4185    i.rt_thread_self    thread.o
    0x08005a2c   0x08005a2c   0x00000040   Code   RO         4186    i.rt_thread_sleep   thread.o
    0x08005a6c   0x08005a6c   0x0000002c   Code   RO         4187    i.rt_thread_startup  thread.o
    0x08005a98   0x08005a98   0x00000042   Code   RO         4188    i.rt_thread_suspend  thread.o
    0x08005ada   0x08005ada   0x00000020   Code   RO         4189    i.rt_thread_timeout  thread.o
    0x08005afa   0x08005afa   0x00000002   PAD
    0x08005afc   0x08005afc   0x00000060   Code   RO         4190    i.rt_thread_yield   thread.o
    0x08005b5c   0x08005b5c   0x00000032   Code   RO         3637    i.rt_tick_from_millisecond  clock.o
    0x08005b8e   0x08005b8e   0x00000002   PAD
    0x08005b90   0x08005b90   0x0000000c   Code   RO         3638    i.rt_tick_get       clock.o
    0x08005b9c   0x08005b9c   0x0000002c   Code   RO         3639    i.rt_tick_increase  clock.o
    0x08005bc8   0x08005bc8   0x0000008c   Code   RO         4295    i.rt_timer_check    timer.o
    0x08005c54   0x08005c54   0x00000048   Code   RO         4296    i.rt_timer_control  timer.o
    0x08005c9c   0x08005c9c   0x00000028   Code   RO         4297    i.rt_timer_detach   timer.o
    0x08005cc4   0x08005cc4   0x00000030   Code   RO         4298    i.rt_timer_init     timer.o
    0x08005cf4   0x08005cf4   0x00000084   Code   RO         4300    i.rt_timer_start    timer.o
    0x08005d78   0x08005d78   0x0000002e   Code   RO         4301    i.rt_timer_stop     timer.o
    0x08005da6   0x08005da6   0x00000002   PAD
    0x08005da8   0x08005da8   0x00000284   Code   RO         3887    i.rt_vsnprintf      kservice.o
    0x0800602c   0x0800602c   0x00000004   Code   RO         3682    i.rti_board_end     components.o
    0x08006030   0x08006030   0x00000004   Code   RO         3683    i.rti_board_start   components.o
    0x08006034   0x08006034   0x00000004   Code   RO         3684    i.rti_end           components.o
    0x08006038   0x08006038   0x00000004   Code   RO         3685    i.rti_start         components.o
    0x0800603c   0x0800603c   0x0000002a   Code   RO         3686    i.rtthread_startup  components.o
    0x08006066   0x08006066   0x00000028   Code   RO         3889    i.skip_atoi         kservice.o
    0x0800608e   0x0800608e   0x00000002   PAD
    0x08006090   0x08006090   0x00000034   Code   RO         4439    i.uart_init         board.o
    0x080060c4   0x080060c4   0x00000018   Code   RO           19    i.uart_out_task_entry  app_rt_thread.o
    0x080060dc   0x080060dc   0x000000d0   Code   RO         4378    i.usage_fault_track  cpuport.o
    0x080061ac   0x080061ac   0x0000000a   Code   RO         4492    i.version           cmd.o
    0x080061b6   0x080061b6   0x00000012   Data   RO          800    .constdata          stm32f1xx_hal_rcc.o
    0x080061c8   0x080061c8   0x00000010   Data   RO         3278    .constdata          system_stm32f1xx.o
    0x080061d8   0x080061d8   0x00000008   Data   RO         3279    .constdata          system_stm32f1xx.o
    0x080061e0   0x080061e0   0x00000122   Data   RO         3891    .constdata          kservice.o
    0x08006302   0x08006302   0x00000002   PAD
    0x08006304   0x08006304   0x00000044   Data   RO         4493    .conststring        cmd.o
    0x08006348   0x08006348   0x00000006   Data   RO         4494    .rodata.name        cmd.o
    0x0800634e   0x0800634e   0x00000010   Data   RO         4495    .rodata.name        cmd.o
    0x0800635e   0x0800635e   0x00000008   Data   RO         4496    .rodata.name        cmd.o
    0x08006366   0x08006366   0x00000023   Data   RO         4497    .rodata.name        cmd.o
    0x08006389   0x08006389   0x0000000e   Data   RO         4498    .rodata.name        cmd.o
    0x08006397   0x08006397   0x00000023   Data   RO         4499    .rodata.name        cmd.o
    0x080063ba   0x080063ba   0x0000000c   Data   RO         4500    .rodata.name        cmd.o
    0x080063c6   0x080063c6   0x0000000c   Data   RO         4501    .rodata.name        cmd.o
    0x080063d2   0x080063d2   0x00000012   Data   RO         4502    .rodata.name        cmd.o
    0x080063e4   0x080063e4   0x0000000c   Data   RO         4503    .rodata.name        cmd.o
    0x080063f0   0x080063f0   0x00000009   Data   RO         4504    .rodata.name        cmd.o
    0x080063f9   0x080063f9   0x00000019   Data   RO         4505    .rodata.name        cmd.o
    0x08006412   0x08006412   0x0000000f   Data   RO         4506    .rodata.name        cmd.o
    0x08006421   0x08006421   0x00000019   Data   RO         4507    .rodata.name        cmd.o
    0x0800643a   0x0800643a   0x0000000b   Data   RO         4508    .rodata.name        cmd.o
    0x08006445   0x08006445   0x00000015   Data   RO         4509    .rodata.name        cmd.o
    0x0800645a   0x0800645a   0x00000011   Data   RO         4510    .rodata.name        cmd.o
    0x0800646b   0x0800646b   0x00000015   Data   RO         4511    .rodata.name        cmd.o
    0x08006480   0x08006480   0x00000005   Data   RO         4512    .rodata.name        cmd.o
    0x08006485   0x08006485   0x0000001a   Data   RO         4513    .rodata.name        cmd.o
    0x0800649f   0x0800649f   0x0000000b   Data   RO         4602    .rodata.name        msh.o
    0x080064aa   0x080064aa   0x00000016   Data   RO         4603    .rodata.name        msh.o
    0x080064c0   0x080064c0   0x00000009   Data   RO         4604    .rodata.name        msh.o
    0x080064c9   0x080064c9   0x0000001c   Data   RO         4605    .rodata.name        msh.o
    0x080064e5   0x080064e5   0x00000003   PAD
    0x080064e8   0x080064e8   0x00000004   Data   RO         3688    .rti_fn.0           components.o
    0x080064ec   0x080064ec   0x00000004   Data   RO         3689    .rti_fn.0.end       components.o
    0x080064f0   0x080064f0   0x00000004   Data   RO         4441    .rti_fn.1           board.o
    0x080064f4   0x080064f4   0x00000004   Data   RO         3690    .rti_fn.1.end       components.o
    0x080064f8   0x080064f8   0x00000004   Data   RO         4669    .rti_fn.6           shell.o
    0x080064fc   0x080064fc   0x00000004   Data   RO         3691    .rti_fn.6.end       components.o
    0x08006500   0x08006500   0x00000078   Data   RO         4514    FSymTab             cmd.o
    0x08006578   0x08006578   0x00000018   Data   RO         4606    FSymTab             msh.o
    0x08006590   0x08006590   0x00000020   Data   RO         5080    Region$$Table       anon$$obj.o


    Execution Region RW_IRAM1 (Exec base: 0x20000000, Load base: 0x080065b0, Size: 0x00002740, Max: 0x00080000, ABSOLUTE)

    Exec Addr    Load Addr    Size         Type   Attr      Idx    E Section Name        Object

    0x20000000   0x080065b0   0x0000000c   Data   RW           21    .data               app_rt_thread.o
    0x2000000c   0x080065bc   0x0000000c   Data   RW          637    .data               stm32f1xx_hal.o
    0x20000018   0x080065c8   0x00000004   Data   RW         3280    .data               system_stm32f1xx.o
    0x2000001c   0x080065cc   0x0000000c   Data   RW         3318    .data               sr04.o
    0x20000028   0x080065d8   0x00000004   Data   RW         3362    .data               key.o
    0x2000002c   0x080065dc   0x00000001   Data   RW         3420    .data               bsp_esp8266_test.o
    0x2000002d   0x080065dd   0x00000002   Data   RW         3603    .data               common.o
    0x2000002f   0x080065df   0x00000001   PAD
    0x20000030   0x080065e0   0x00000004   Data   RW         3641    .data               clock.o
    0x20000034   0x080065e4   0x00000001   Data   RW         3841    .data               irq.o
    0x20000035   0x080065e5   0x00000003   PAD
    0x20000038   0x080065e8   0x00000030   Data   RW         4048    .data               object.o
    0x20000068   0x08006618   0x00000014   Data   RW         4113    .data               scheduler.o
    0x2000007c   0x0800662c   0x0000000c   Data   RW         4302    .data               timer.o
    0x20000088   0x08006638   0x00000004   Data   RW         4379    .data               cpuport.o
    0x2000008c   0x0800663c   0x00000004   Data   RW         4380    .data               cpuport.o
    0x20000090   0x08006640   0x00000004   Data   RW         4381    .data               cpuport.o
    0x20000094   0x08006644   0x00000004   Data   RW         4382    .data               cpuport.o
    0x20000098   0x08006648   0x00000018   Data   RW         4668    .data               shell.o
    0x200000b0   0x08006660   0x00000004   Data   RW         5056    .data               mc_w.l(stdout.o)
    0x200000b4        -       0x00000ce0   Zero   RW           20    .bss                app_rt_thread.o
    0x20000d94        -       0x00000090   Zero   RW          330    .bss                tim.o
    0x20000e24        -       0x00000048   Zero   RW          386    .bss                usart.o
    0x20000e6c        -       0x00000020   Zero   RW         3317    .bss                sr04.o
    0x20000e8c        -       0x00000402   Zero   RW         3488    .bss                esp8266.o
    0x2000128e        -       0x00000402   Zero   RW         3489    .bss                esp8266.o
    0x20001690        -       0x00000478   Zero   RW         3687    .bss                components.o
    0x20001b08        -       0x000000f8   Zero   RW         3756    .bss                idle.o
    0x20001c00        -       0x00000080   Zero   RW         3890    .bss                kservice.o
    0x20001c80        -       0x00000100   Zero   RW         4112    .bss                scheduler.o
    0x20001d80        -       0x00000048   Zero   RW         4440    .bss                board.o
    0x20001dc8        -       0x00000574   Zero   RW         4667    .bss                shell.o
    0x2000233c   0x08006664   0x00000004   PAD
    0x20002340        -       0x00000400   Zero   RW            1    STACK               startup_stm32f103xe.o


==============================================================================

Image component sizes


      Code (inc. data)   RO Data    RW Data    ZI Data      Debug   Object Name

       560        156          0         12       3296     515900   app_rt_thread.o
        72         10          0          0          0        760   beep.o
       220         22          4          0         72       3886   board.o
       522        346          0          1          0      14438   bsp_esp8266_test.o
       106         12          0          4          0       1916   clock.o
      1402        532        531          0          0      13500   cmd.o
       236          4          0          2          0      14120   common.o
       198         32         16          0       1144       6296   components.o
       244         28          0          0          0        828   context_rvds.o
      1340        718          0         16          0       5874   cpuport.o
      1008        406          0          0       2052       8573   esp8266.o
       224         20          0          0          0        959   gpio.o
        58         16          0          0        248       1800   idle.o
        36          0          0          0          0       4198   ipc.o
        56         12          0          1          0       1726   irq.o
       112          8          0          4          0        583   key.o
      1438        160        290          0        128      11257   kservice.o
       144          0          0          0          0       1896   main.o
       770        162         94          0          0       7325   msh.o
       168          6          0         48          0       6436   object.o
       416         56          0         20        256       8462   scheduler.o
       900        116          4         24       1396      10663   shell.o
       388         52          0         12         32       2323   sr04.o
        36          8        304          0       1024        792   startup_stm32f103xe.o
       112         20          0         12          0       5355   stm32f1xx_hal.o
       198         14          0          0          0      28887   stm32f1xx_hal_cortex.o
       374          8          0          0          0       1799   stm32f1xx_hal_dma.o
       524         42          0          0          0       3487   stm32f1xx_hal_gpio.o
        44          6          0          0          0        810   stm32f1xx_hal_msp.o
      1252         90         18          0          0       5476   stm32f1xx_hal_rcc.o
      1930         60          0          0          0      15861   stm32f1xx_hal_tim.o
       128         20          0          0          0       2353   stm32f1xx_hal_tim_ex.o
      1474         10          0          0          0       9868   stm32f1xx_hal_uart.o
       258         48          0          0          0      16527   stm32f1xx_it.o
       240          0          0          0          0      11195   stm32f1xx_ll_gpio.o
       212         48          0          0          0      13291   stm32f1xx_ll_rcc.o
       244         20          0          0          0      15316   stm32f1xx_ll_usart.o
       106         22         24          4          0       1703   system_stm32f1xx.o
       720         44          0          0          0      12566   thread.o
       376         24          0          0        144       2443   tim.o
       530         20          0         12          0      10736   timer.o
       772         64          0          0         72      47153   usart.o

    ----------------------------------------------------------------------
     20198       3442       1322        176       9868     849337   Object Totals
         0          0         32          0          0          0   (incl. Generated)
        50          0          5          4          4          0   (incl. Padding)

    ----------------------------------------------------------------------

      Code (inc. data)   RO Data    RW Data    ZI Data      Debug   Library Member Name

         0          0          0          0          0          0   entry.o
         0          0          0          0          0          0   entry10a.o
         0          0          0          0          0          0   entry11a.o
         4          0          0          0          0          0   entry12b.o
         8          4          0          0          0          0   entry2.o
         4          0          0          0          0          0   entry5.o
         0          0          0          0          0          0   entry7b.o
         0          0          0          0          0          0   entry8b.o
         8          4          0          0          0          0   entry9a.o
        30          0          0          0          0          0   handlers.o
        36          8          0          0          0         68   init.o
         0          0          0          0          0          0   iusefp.o
        30          0          0          0          0         68   llshl.o
        36          0          0          0          0         68   llsshr.o
        32          0          0          0          0         68   llushr.o
        36          0          0          0          0         68   memcpya.o
        36          0          0          0          0        108   memseta.o
      2268         96          0          0          0        616   printfa.o
         0          0          0          4          0          0   stdout.o
        24          0          0          0          0         68   strcat.o
        18          0          0          0          0         68   strcpy.o
        14          0          0          0          0         68   strlen.o
        30          0          0          0          0         80   strncmp.o
        24          0          0          0          0         76   strncpy.o
        36          0          0          0          0         80   strstr.o
        44          0          0          0          0         80   uidiv.o
        98          0          0          0          0         92   uldiv.o
        48          0          0          0          0         68   cdrcmple.o
        56          0          0          0          0         88   d2f.o
       334          0          0          0          0        148   dadd.o
       222          0          0          0          0        100   ddiv.o
       186          0          0          0          0        176   depilogue.o
        48          0          0          0          0         68   dfixul.o
        26          0          0          0          0         76   dfltui.o
       228          0          0          0          0         96   dmul.o
        46          0          0          0          0         80   dscalb.o
        38          0          0          0          0         68   f2d.o
       176          0          0          0          0        140   fadd.o
       110          0          0          0          0        168   fepilogue.o
        50          0          0          0          0         68   ffixi.o
       100          0          0          0          0         76   fmul.o
        24          0          0          0          0         68   fscalb.o

    ----------------------------------------------------------------------
      4512        112          0          4          0       3164   Library Totals
         4          0          0          0          0          0   (incl. Padding)

    ----------------------------------------------------------------------

      Code (inc. data)   RO Data    RW Data    ZI Data      Debug   Library Name

      2816        112          0          4          0       1676   mc_w.l
      1692          0          0          0          0       1488   mf_w.l

    ----------------------------------------------------------------------
      4512        112          0          4          0       3164   Library Totals

    ----------------------------------------------------------------------

==============================================================================


      Code (inc. data)   RO Data    RW Data    ZI Data      Debug   

     24710       3554       1322        180       9868     839861   Grand Totals
     24710       3554       1322        180       9868     839861   ELF Image Totals
     24710       3554       1322        180          0          0   ROM Totals

==============================================================================

    Total RO  Size (Code + RO Data)                26032 (  25.42kB)
    Total RW  Size (RW Data + ZI Data)             10048 (   9.81kB)
    Total ROM Size (Code + RO Data + RW Data)      26212 (  25.60kB)

==============================================================================

