<!doctype html public "-//w3c//dtd html 4.0 transitional//en">
<html><head>
<title>Static Call Graph - [stm32\stm32.axf]</title></head>
<body><HR>
<H1>Static Call Graph for image stm32\stm32.axf</H1><HR>
<BR><P>#&#060CALLGRAPH&#062# ARM Linker, 5060960: Last Updated: Wed Jun 28 13:34:58 2023
<BR><P>
<H3>Maximum Stack Usage =        400 bytes + Unknown(Cycles, Untraceable Function Pointers)</H3><H3>
Call chain for Maximum Stack Depth:</H3>
HardFault_Handler &rArr; rt_hw_hard_fault_exception &rArr; list_thread &rArr; object_split &rArr; rt_kprintf &rArr; rt_vsnprintf &rArr; print_number
<P>
<H3>
Mutually Recursive functions
</H3> <LI><a href="#[6]">SVC_Handler</a>&nbsp;&nbsp;&nbsp;&rArr;&nbsp;&nbsp;&nbsp;<a href="#[6]">SVC_Handler</a><BR>
 <LI><a href="#[1c]">ADC1_2_IRQHandler</a>&nbsp;&nbsp;&nbsp;&rArr;&nbsp;&nbsp;&nbsp;<a href="#[1c]">ADC1_2_IRQHandler</a><BR>
 <LI><a href="#[4]">BusFault_Handler</a>&nbsp;&nbsp;&nbsp;&rArr;&nbsp;&nbsp;&nbsp;<a href="#[4]">BusFault_Handler</a><BR>
 <LI><a href="#[3]">MemManage_Handler</a>&nbsp;&nbsp;&nbsp;&rArr;&nbsp;&nbsp;&nbsp;<a href="#[3]">MemManage_Handler</a><BR>
 <LI><a href="#[1]">NMI_Handler</a>&nbsp;&nbsp;&nbsp;&rArr;&nbsp;&nbsp;&nbsp;<a href="#[1]">NMI_Handler</a><BR>
 <LI><a href="#[ba]">UART_EndRxTransfer</a>&nbsp;&nbsp;&nbsp;&rArr;&nbsp;&nbsp;&nbsp;<a href="#[ba]">UART_EndRxTransfer</a><BR>
 <LI><a href="#[5]">UsageFault_Handler</a>&nbsp;&nbsp;&nbsp;&rArr;&nbsp;&nbsp;&nbsp;<a href="#[5]">UsageFault_Handler</a><BR>
 <LI><a href="#[54]">rt_thread_idle_entry</a>&nbsp;&nbsp;&nbsp;&rArr;&nbsp;&nbsp;&nbsp;<a href="#[54]">rt_thread_idle_entry</a><BR>
</UL>
<P>
<H3>
Function Pointers
</H3><UL>
 <LI><a href="#[1c]">ADC1_2_IRQHandler</a> from startup_stm32f103xe.o(.text) referenced from startup_stm32f103xe.o(RESET)
 <LI><a href="#[39]">ADC3_IRQHandler</a> from startup_stm32f103xe.o(.text) referenced from startup_stm32f103xe.o(RESET)
 <LI><a href="#[4]">BusFault_Handler</a> from stm32f1xx_it.o(i.BusFault_Handler) referenced from startup_stm32f103xe.o(RESET)
 <LI><a href="#[1f]">CAN1_RX1_IRQHandler</a> from startup_stm32f103xe.o(.text) referenced from startup_stm32f103xe.o(RESET)
 <LI><a href="#[20]">CAN1_SCE_IRQHandler</a> from startup_stm32f103xe.o(.text) referenced from startup_stm32f103xe.o(RESET)
 <LI><a href="#[15]">DMA1_Channel1_IRQHandler</a> from startup_stm32f103xe.o(.text) referenced from startup_stm32f103xe.o(RESET)
 <LI><a href="#[16]">DMA1_Channel2_IRQHandler</a> from startup_stm32f103xe.o(.text) referenced from startup_stm32f103xe.o(RESET)
 <LI><a href="#[17]">DMA1_Channel3_IRQHandler</a> from startup_stm32f103xe.o(.text) referenced from startup_stm32f103xe.o(RESET)
 <LI><a href="#[18]">DMA1_Channel4_IRQHandler</a> from startup_stm32f103xe.o(.text) referenced from startup_stm32f103xe.o(RESET)
 <LI><a href="#[19]">DMA1_Channel5_IRQHandler</a> from startup_stm32f103xe.o(.text) referenced from startup_stm32f103xe.o(RESET)
 <LI><a href="#[1a]">DMA1_Channel6_IRQHandler</a> from startup_stm32f103xe.o(.text) referenced from startup_stm32f103xe.o(RESET)
 <LI><a href="#[1b]">DMA1_Channel7_IRQHandler</a> from startup_stm32f103xe.o(.text) referenced from startup_stm32f103xe.o(RESET)
 <LI><a href="#[42]">DMA2_Channel1_IRQHandler</a> from startup_stm32f103xe.o(.text) referenced from startup_stm32f103xe.o(RESET)
 <LI><a href="#[43]">DMA2_Channel2_IRQHandler</a> from startup_stm32f103xe.o(.text) referenced from startup_stm32f103xe.o(RESET)
 <LI><a href="#[44]">DMA2_Channel3_IRQHandler</a> from startup_stm32f103xe.o(.text) referenced from startup_stm32f103xe.o(RESET)
 <LI><a href="#[45]">DMA2_Channel4_5_IRQHandler</a> from startup_stm32f103xe.o(.text) referenced from startup_stm32f103xe.o(RESET)
 <LI><a href="#[7]">DebugMon_Handler</a> from stm32f1xx_it.o(i.DebugMon_Handler) referenced from startup_stm32f103xe.o(RESET)
 <LI><a href="#[10]">EXTI0_IRQHandler</a> from startup_stm32f103xe.o(.text) referenced from startup_stm32f103xe.o(RESET)
 <LI><a href="#[32]">EXTI15_10_IRQHandler</a> from startup_stm32f103xe.o(.text) referenced from startup_stm32f103xe.o(RESET)
 <LI><a href="#[11]">EXTI1_IRQHandler</a> from startup_stm32f103xe.o(.text) referenced from startup_stm32f103xe.o(RESET)
 <LI><a href="#[12]">EXTI2_IRQHandler</a> from startup_stm32f103xe.o(.text) referenced from startup_stm32f103xe.o(RESET)
 <LI><a href="#[13]">EXTI3_IRQHandler</a> from startup_stm32f103xe.o(.text) referenced from startup_stm32f103xe.o(RESET)
 <LI><a href="#[14]">EXTI4_IRQHandler</a> from startup_stm32f103xe.o(.text) referenced from startup_stm32f103xe.o(RESET)
 <LI><a href="#[21]">EXTI9_5_IRQHandler</a> from startup_stm32f103xe.o(.text) referenced from startup_stm32f103xe.o(RESET)
 <LI><a href="#[e]">FLASH_IRQHandler</a> from startup_stm32f103xe.o(.text) referenced from startup_stm32f103xe.o(RESET)
 <LI><a href="#[3a]">FSMC_IRQHandler</a> from startup_stm32f103xe.o(.text) referenced from startup_stm32f103xe.o(RESET)
 <LI><a href="#[2]">HardFault_Handler</a> from context_rvds.o(.text) referenced from startup_stm32f103xe.o(RESET)
 <LI><a href="#[2a]">I2C1_ER_IRQHandler</a> from startup_stm32f103xe.o(.text) referenced from startup_stm32f103xe.o(RESET)
 <LI><a href="#[29]">I2C1_EV_IRQHandler</a> from startup_stm32f103xe.o(.text) referenced from startup_stm32f103xe.o(RESET)
 <LI><a href="#[2c]">I2C2_ER_IRQHandler</a> from startup_stm32f103xe.o(.text) referenced from startup_stm32f103xe.o(RESET)
 <LI><a href="#[2b]">I2C2_EV_IRQHandler</a> from startup_stm32f103xe.o(.text) referenced from startup_stm32f103xe.o(RESET)
 <LI><a href="#[3]">MemManage_Handler</a> from stm32f1xx_it.o(i.MemManage_Handler) referenced from startup_stm32f103xe.o(RESET)
 <LI><a href="#[1]">NMI_Handler</a> from stm32f1xx_it.o(i.NMI_Handler) referenced from startup_stm32f103xe.o(RESET)
 <LI><a href="#[b]">PVD_IRQHandler</a> from startup_stm32f103xe.o(.text) referenced from startup_stm32f103xe.o(RESET)
 <LI><a href="#[8]">PendSV_Handler</a> from context_rvds.o(.text) referenced from startup_stm32f103xe.o(RESET)
 <LI><a href="#[f]">RCC_IRQHandler</a> from startup_stm32f103xe.o(.text) referenced from startup_stm32f103xe.o(RESET)
 <LI><a href="#[33]">RTC_Alarm_IRQHandler</a> from startup_stm32f103xe.o(.text) referenced from startup_stm32f103xe.o(RESET)
 <LI><a href="#[d]">RTC_IRQHandler</a> from startup_stm32f103xe.o(.text) referenced from startup_stm32f103xe.o(RESET)
 <LI><a href="#[0]">Reset_Handler</a> from startup_stm32f103xe.o(.text) referenced from startup_stm32f103xe.o(RESET)
 <LI><a href="#[3b]">SDIO_IRQHandler</a> from startup_stm32f103xe.o(.text) referenced from startup_stm32f103xe.o(RESET)
 <LI><a href="#[2d]">SPI1_IRQHandler</a> from startup_stm32f103xe.o(.text) referenced from startup_stm32f103xe.o(RESET)
 <LI><a href="#[2e]">SPI2_IRQHandler</a> from startup_stm32f103xe.o(.text) referenced from startup_stm32f103xe.o(RESET)
 <LI><a href="#[3d]">SPI3_IRQHandler</a> from startup_stm32f103xe.o(.text) referenced from startup_stm32f103xe.o(RESET)
 <LI><a href="#[6]">SVC_Handler</a> from startup_stm32f103xe.o(.text) referenced from startup_stm32f103xe.o(RESET)
 <LI><a href="#[9]">SysTick_Handler</a> from board.o(i.SysTick_Handler) referenced from startup_stm32f103xe.o(RESET)
 <LI><a href="#[47]">SystemInit</a> from system_stm32f1xx.o(i.SystemInit) referenced from startup_stm32f103xe.o(.text)
 <LI><a href="#[c]">TAMPER_IRQHandler</a> from startup_stm32f103xe.o(.text) referenced from startup_stm32f103xe.o(RESET)
 <LI><a href="#[22]">TIM1_BRK_IRQHandler</a> from startup_stm32f103xe.o(.text) referenced from startup_stm32f103xe.o(RESET)
 <LI><a href="#[25]">TIM1_CC_IRQHandler</a> from startup_stm32f103xe.o(.text) referenced from startup_stm32f103xe.o(RESET)
 <LI><a href="#[24]">TIM1_TRG_COM_IRQHandler</a> from startup_stm32f103xe.o(.text) referenced from startup_stm32f103xe.o(RESET)
 <LI><a href="#[23]">TIM1_UP_IRQHandler</a> from startup_stm32f103xe.o(.text) referenced from startup_stm32f103xe.o(RESET)
 <LI><a href="#[26]">TIM2_IRQHandler</a> from stm32f1xx_it.o(i.TIM2_IRQHandler) referenced from startup_stm32f103xe.o(RESET)
 <LI><a href="#[27]">TIM3_IRQHandler</a> from startup_stm32f103xe.o(.text) referenced from startup_stm32f103xe.o(RESET)
 <LI><a href="#[28]">TIM4_IRQHandler</a> from startup_stm32f103xe.o(.text) referenced from startup_stm32f103xe.o(RESET)
 <LI><a href="#[3c]">TIM5_IRQHandler</a> from startup_stm32f103xe.o(.text) referenced from startup_stm32f103xe.o(RESET)
 <LI><a href="#[40]">TIM6_IRQHandler</a> from startup_stm32f103xe.o(.text) referenced from startup_stm32f103xe.o(RESET)
 <LI><a href="#[41]">TIM7_IRQHandler</a> from startup_stm32f103xe.o(.text) referenced from startup_stm32f103xe.o(RESET)
 <LI><a href="#[35]">TIM8_BRK_IRQHandler</a> from startup_stm32f103xe.o(.text) referenced from startup_stm32f103xe.o(RESET)
 <LI><a href="#[38]">TIM8_CC_IRQHandler</a> from startup_stm32f103xe.o(.text) referenced from startup_stm32f103xe.o(RESET)
 <LI><a href="#[37]">TIM8_TRG_COM_IRQHandler</a> from startup_stm32f103xe.o(.text) referenced from startup_stm32f103xe.o(RESET)
 <LI><a href="#[36]">TIM8_UP_IRQHandler</a> from startup_stm32f103xe.o(.text) referenced from startup_stm32f103xe.o(RESET)
 <LI><a href="#[3e]">UART4_IRQHandler</a> from startup_stm32f103xe.o(.text) referenced from startup_stm32f103xe.o(RESET)
 <LI><a href="#[3f]">UART5_IRQHandler</a> from startup_stm32f103xe.o(.text) referenced from startup_stm32f103xe.o(RESET)
 <LI><a href="#[49]">UART_DMAAbortOnError</a> from stm32f1xx_hal_uart.o(i.UART_DMAAbortOnError) referenced from stm32f1xx_hal_uart.o(i.HAL_UART_IRQHandler)
 <LI><a href="#[2f]">USART1_IRQHandler</a> from stm32f1xx_it.o(i.USART1_IRQHandler) referenced from startup_stm32f103xe.o(RESET)
 <LI><a href="#[30]">USART2_IRQHandler</a> from stm32f1xx_it.o(i.USART2_IRQHandler) referenced from startup_stm32f103xe.o(RESET)
 <LI><a href="#[31]">USART3_IRQHandler</a> from stm32f1xx_it.o(i.USART3_IRQHandler) referenced from startup_stm32f103xe.o(RESET)
 <LI><a href="#[34]">USBWakeUp_IRQHandler</a> from startup_stm32f103xe.o(.text) referenced from startup_stm32f103xe.o(RESET)
 <LI><a href="#[1d]">USB_HP_CAN1_TX_IRQHandler</a> from startup_stm32f103xe.o(.text) referenced from startup_stm32f103xe.o(RESET)
 <LI><a href="#[1e]">USB_LP_CAN1_RX0_IRQHandler</a> from startup_stm32f103xe.o(.text) referenced from startup_stm32f103xe.o(RESET)
 <LI><a href="#[5]">UsageFault_Handler</a> from stm32f1xx_it.o(i.UsageFault_Handler) referenced from startup_stm32f103xe.o(RESET)
 <LI><a href="#[a]">WWDG_IRQHandler</a> from startup_stm32f103xe.o(.text) referenced from startup_stm32f103xe.o(RESET)
 <LI><a href="#[48]">__main</a> from entry.o(.ARM.Collect$$$$00000000) referenced from startup_stm32f103xe.o(.text)
 <LI><a href="#[4f]">_sputc</a> from printfa.o(i._sputc) referenced from printfa.o(i.__0sprintf)
 <LI><a href="#[4d]">beep_task_entry</a> from app_rt_thread.o(i.beep_task_entry) referenced from app_rt_thread.o(i.MX_RT_Thread_Init)
 <LI><a href="#[62]">cmd_ps</a> from msh.o(i.cmd_ps) referenced from msh.o(FSymTab)
 <LI><a href="#[59]">finsh_system_init</a> from shell.o(i.finsh_system_init) referenced from shell.o(.rti_fn.6)
 <LI><a href="#[52]">finsh_thread_entry</a> from shell.o(i.finsh_thread_entry) referenced from shell.o(i.finsh_system_init)
 <LI><a href="#[4e]">fputc</a> from bsp_esp8266_test.o(i.fputc) referenced from printfa.o(i.__0printf)
 <LI><a href="#[4b]">get_SR04_task_entry</a> from app_rt_thread.o(i.get_SR04_task_entry) referenced from app_rt_thread.o(i.MX_RT_Thread_Init)
 <LI><a href="#[5b]">hello</a> from cmd.o(i.hello) referenced from cmd.o(FSymTab)
 <LI><a href="#[4c]">key_task_entry</a> from app_rt_thread.o(i.key_task_entry) referenced from app_rt_thread.o(i.MX_RT_Thread_Init)
 <LI><a href="#[60]">list</a> from cmd.o(i.list) referenced from cmd.o(FSymTab)
 <LI><a href="#[5e]">list_sem</a> from cmd.o(i.list_sem) referenced 2 times from cmd.o(FSymTab)
 <LI><a href="#[5d]">list_thread</a> from cmd.o(i.list_thread) referenced 2 times from cmd.o(FSymTab)
 <LI><a href="#[5f]">list_timer</a> from cmd.o(i.list_timer) referenced 2 times from cmd.o(FSymTab)
 <LI><a href="#[46]">main</a> from components.o(i.$Sub$$main) referenced from entry9a.o(.ARM.Collect$$$$0000000B)
 <LI><a href="#[53]">main_thread_entry</a> from components.o(i.main_thread_entry) referenced from components.o(i.rt_application_init)
 <LI><a href="#[61]">msh_help</a> from msh.o(i.msh_help) referenced from msh.o(FSymTab)
 <LI><a href="#[50]">rt_thread_exit</a> from thread.o(i.rt_thread_exit) referenced from thread.o(i._rt_thread_init)
 <LI><a href="#[54]">rt_thread_idle_entry</a> from idle.o(i.rt_thread_idle_entry) referenced from idle.o(i.rt_thread_idle_init)
 <LI><a href="#[51]">rt_thread_timeout</a> from thread.o(i.rt_thread_timeout) referenced from thread.o(i._rt_thread_init)
 <LI><a href="#[58]">rti_board_end</a> from components.o(i.rti_board_end) referenced from components.o(.rti_fn.1.end)
 <LI><a href="#[56]">rti_board_start</a> from components.o(i.rti_board_start) referenced from components.o(.rti_fn.0.end)
 <LI><a href="#[5a]">rti_end</a> from components.o(i.rti_end) referenced from components.o(.rti_fn.6.end)
 <LI><a href="#[55]">rti_start</a> from components.o(i.rti_start) referenced from components.o(.rti_fn.0)
 <LI><a href="#[57]">uart_init</a> from board.o(i.uart_init) referenced from board.o(.rti_fn.1)
 <LI><a href="#[4a]">uart_out_task_entry</a> from app_rt_thread.o(i.uart_out_task_entry) referenced from app_rt_thread.o(i.MX_RT_Thread_Init)
 <LI><a href="#[5c]">version</a> from cmd.o(i.version) referenced 2 times from cmd.o(FSymTab)
</UL>
<P>
<H3>
Global Symbols
</H3>
<P><STRONG><a name="[48]"></a>__main</STRONG> (Thumb, 0 bytes, Stack size unknown bytes, entry.o(.ARM.Collect$$$$00000000))
<BR>[Address Reference Count : 1]<UL><LI> startup_stm32f103xe.o(.text)
</UL>
<P><STRONG><a name="[14b]"></a>_main_stk</STRONG> (Thumb, 0 bytes, Stack size unknown bytes, entry2.o(.ARM.Collect$$$$00000001))

<P><STRONG><a name="[63]"></a>_main_scatterload</STRONG> (Thumb, 0 bytes, Stack size unknown bytes, entry5.o(.ARM.Collect$$$$00000004))
<BR><BR>[Calls]<UL><LI><a href="#[64]">&gt;&gt;</a>&nbsp;&nbsp;&nbsp;__scatterload
</UL>

<P><STRONG><a name="[7c]"></a>__main_after_scatterload</STRONG> (Thumb, 0 bytes, Stack size unknown bytes, entry5.o(.ARM.Collect$$$$00000004))
<BR><BR>[Called By]<UL><LI><a href="#[64]">&gt;&gt;</a>&nbsp;&nbsp;&nbsp;__scatterload
</UL>

<P><STRONG><a name="[14c]"></a>_main_clock</STRONG> (Thumb, 0 bytes, Stack size unknown bytes, entry7b.o(.ARM.Collect$$$$00000008))

<P><STRONG><a name="[14d]"></a>_main_cpp_init</STRONG> (Thumb, 0 bytes, Stack size unknown bytes, entry8b.o(.ARM.Collect$$$$0000000A))

<P><STRONG><a name="[14e]"></a>_main_init</STRONG> (Thumb, 0 bytes, Stack size unknown bytes, entry9a.o(.ARM.Collect$$$$0000000B))

<P><STRONG><a name="[14f]"></a>__rt_lib_shutdown_fini</STRONG> (Thumb, 0 bytes, Stack size unknown bytes, entry12b.o(.ARM.Collect$$$$0000000E))

<P><STRONG><a name="[150]"></a>__rt_final_cpp</STRONG> (Thumb, 0 bytes, Stack size unknown bytes, entry10a.o(.ARM.Collect$$$$0000000F))

<P><STRONG><a name="[151]"></a>__rt_final_exit</STRONG> (Thumb, 0 bytes, Stack size unknown bytes, entry11a.o(.ARM.Collect$$$$00000011))

<P><STRONG><a name="[0]"></a>Reset_Handler</STRONG> (Thumb, 8 bytes, Stack size 0 bytes, startup_stm32f103xe.o(.text))
<BR>[Address Reference Count : 1]<UL><LI> startup_stm32f103xe.o(RESET)
</UL>
<P><STRONG><a name="[6]"></a>SVC_Handler</STRONG> (Thumb, 2 bytes, Stack size 0 bytes, startup_stm32f103xe.o(.text))
<BR><BR>[Calls]<UL><LI><a href="#[6]">&gt;&gt;</a>&nbsp;&nbsp;&nbsp;SVC_Handler
</UL>
<BR>[Called By]<UL><LI><a href="#[6]">&gt;&gt;</a>&nbsp;&nbsp;&nbsp;SVC_Handler
</UL>
<BR>[Address Reference Count : 1]<UL><LI> startup_stm32f103xe.o(RESET)
</UL>
<P><STRONG><a name="[1c]"></a>ADC1_2_IRQHandler</STRONG> (Thumb, 0 bytes, Stack size 0 bytes, startup_stm32f103xe.o(.text))
<BR><BR>[Calls]<UL><LI><a href="#[1c]">&gt;&gt;</a>&nbsp;&nbsp;&nbsp;ADC1_2_IRQHandler
</UL>
<BR>[Called By]<UL><LI><a href="#[1c]">&gt;&gt;</a>&nbsp;&nbsp;&nbsp;ADC1_2_IRQHandler
</UL>
<BR>[Address Reference Count : 1]<UL><LI> startup_stm32f103xe.o(RESET)
</UL>
<P><STRONG><a name="[39]"></a>ADC3_IRQHandler</STRONG> (Thumb, 0 bytes, Stack size 0 bytes, startup_stm32f103xe.o(.text))
<BR>[Address Reference Count : 1]<UL><LI> startup_stm32f103xe.o(RESET)
</UL>
<P><STRONG><a name="[1f]"></a>CAN1_RX1_IRQHandler</STRONG> (Thumb, 0 bytes, Stack size 0 bytes, startup_stm32f103xe.o(.text))
<BR>[Address Reference Count : 1]<UL><LI> startup_stm32f103xe.o(RESET)
</UL>
<P><STRONG><a name="[20]"></a>CAN1_SCE_IRQHandler</STRONG> (Thumb, 0 bytes, Stack size 0 bytes, startup_stm32f103xe.o(.text))
<BR>[Address Reference Count : 1]<UL><LI> startup_stm32f103xe.o(RESET)
</UL>
<P><STRONG><a name="[15]"></a>DMA1_Channel1_IRQHandler</STRONG> (Thumb, 0 bytes, Stack size 0 bytes, startup_stm32f103xe.o(.text))
<BR>[Address Reference Count : 1]<UL><LI> startup_stm32f103xe.o(RESET)
</UL>
<P><STRONG><a name="[16]"></a>DMA1_Channel2_IRQHandler</STRONG> (Thumb, 0 bytes, Stack size 0 bytes, startup_stm32f103xe.o(.text))
<BR>[Address Reference Count : 1]<UL><LI> startup_stm32f103xe.o(RESET)
</UL>
<P><STRONG><a name="[17]"></a>DMA1_Channel3_IRQHandler</STRONG> (Thumb, 0 bytes, Stack size 0 bytes, startup_stm32f103xe.o(.text))
<BR>[Address Reference Count : 1]<UL><LI> startup_stm32f103xe.o(RESET)
</UL>
<P><STRONG><a name="[18]"></a>DMA1_Channel4_IRQHandler</STRONG> (Thumb, 0 bytes, Stack size 0 bytes, startup_stm32f103xe.o(.text))
<BR>[Address Reference Count : 1]<UL><LI> startup_stm32f103xe.o(RESET)
</UL>
<P><STRONG><a name="[19]"></a>DMA1_Channel5_IRQHandler</STRONG> (Thumb, 0 bytes, Stack size 0 bytes, startup_stm32f103xe.o(.text))
<BR>[Address Reference Count : 1]<UL><LI> startup_stm32f103xe.o(RESET)
</UL>
<P><STRONG><a name="[1a]"></a>DMA1_Channel6_IRQHandler</STRONG> (Thumb, 0 bytes, Stack size 0 bytes, startup_stm32f103xe.o(.text))
<BR>[Address Reference Count : 1]<UL><LI> startup_stm32f103xe.o(RESET)
</UL>
<P><STRONG><a name="[1b]"></a>DMA1_Channel7_IRQHandler</STRONG> (Thumb, 0 bytes, Stack size 0 bytes, startup_stm32f103xe.o(.text))
<BR>[Address Reference Count : 1]<UL><LI> startup_stm32f103xe.o(RESET)
</UL>
<P><STRONG><a name="[42]"></a>DMA2_Channel1_IRQHandler</STRONG> (Thumb, 0 bytes, Stack size 0 bytes, startup_stm32f103xe.o(.text))
<BR>[Address Reference Count : 1]<UL><LI> startup_stm32f103xe.o(RESET)
</UL>
<P><STRONG><a name="[43]"></a>DMA2_Channel2_IRQHandler</STRONG> (Thumb, 0 bytes, Stack size 0 bytes, startup_stm32f103xe.o(.text))
<BR>[Address Reference Count : 1]<UL><LI> startup_stm32f103xe.o(RESET)
</UL>
<P><STRONG><a name="[44]"></a>DMA2_Channel3_IRQHandler</STRONG> (Thumb, 0 bytes, Stack size 0 bytes, startup_stm32f103xe.o(.text))
<BR>[Address Reference Count : 1]<UL><LI> startup_stm32f103xe.o(RESET)
</UL>
<P><STRONG><a name="[45]"></a>DMA2_Channel4_5_IRQHandler</STRONG> (Thumb, 0 bytes, Stack size 0 bytes, startup_stm32f103xe.o(.text))
<BR>[Address Reference Count : 1]<UL><LI> startup_stm32f103xe.o(RESET)
</UL>
<P><STRONG><a name="[10]"></a>EXTI0_IRQHandler</STRONG> (Thumb, 0 bytes, Stack size 0 bytes, startup_stm32f103xe.o(.text))
<BR>[Address Reference Count : 1]<UL><LI> startup_stm32f103xe.o(RESET)
</UL>
<P><STRONG><a name="[32]"></a>EXTI15_10_IRQHandler</STRONG> (Thumb, 0 bytes, Stack size 0 bytes, startup_stm32f103xe.o(.text))
<BR>[Address Reference Count : 1]<UL><LI> startup_stm32f103xe.o(RESET)
</UL>
<P><STRONG><a name="[11]"></a>EXTI1_IRQHandler</STRONG> (Thumb, 0 bytes, Stack size 0 bytes, startup_stm32f103xe.o(.text))
<BR>[Address Reference Count : 1]<UL><LI> startup_stm32f103xe.o(RESET)
</UL>
<P><STRONG><a name="[12]"></a>EXTI2_IRQHandler</STRONG> (Thumb, 0 bytes, Stack size 0 bytes, startup_stm32f103xe.o(.text))
<BR>[Address Reference Count : 1]<UL><LI> startup_stm32f103xe.o(RESET)
</UL>
<P><STRONG><a name="[13]"></a>EXTI3_IRQHandler</STRONG> (Thumb, 0 bytes, Stack size 0 bytes, startup_stm32f103xe.o(.text))
<BR>[Address Reference Count : 1]<UL><LI> startup_stm32f103xe.o(RESET)
</UL>
<P><STRONG><a name="[14]"></a>EXTI4_IRQHandler</STRONG> (Thumb, 0 bytes, Stack size 0 bytes, startup_stm32f103xe.o(.text))
<BR>[Address Reference Count : 1]<UL><LI> startup_stm32f103xe.o(RESET)
</UL>
<P><STRONG><a name="[21]"></a>EXTI9_5_IRQHandler</STRONG> (Thumb, 0 bytes, Stack size 0 bytes, startup_stm32f103xe.o(.text))
<BR>[Address Reference Count : 1]<UL><LI> startup_stm32f103xe.o(RESET)
</UL>
<P><STRONG><a name="[e]"></a>FLASH_IRQHandler</STRONG> (Thumb, 0 bytes, Stack size 0 bytes, startup_stm32f103xe.o(.text))
<BR>[Address Reference Count : 1]<UL><LI> startup_stm32f103xe.o(RESET)
</UL>
<P><STRONG><a name="[3a]"></a>FSMC_IRQHandler</STRONG> (Thumb, 0 bytes, Stack size 0 bytes, startup_stm32f103xe.o(.text))
<BR>[Address Reference Count : 1]<UL><LI> startup_stm32f103xe.o(RESET)
</UL>
<P><STRONG><a name="[2a]"></a>I2C1_ER_IRQHandler</STRONG> (Thumb, 0 bytes, Stack size 0 bytes, startup_stm32f103xe.o(.text))
<BR>[Address Reference Count : 1]<UL><LI> startup_stm32f103xe.o(RESET)
</UL>
<P><STRONG><a name="[29]"></a>I2C1_EV_IRQHandler</STRONG> (Thumb, 0 bytes, Stack size 0 bytes, startup_stm32f103xe.o(.text))
<BR>[Address Reference Count : 1]<UL><LI> startup_stm32f103xe.o(RESET)
</UL>
<P><STRONG><a name="[2c]"></a>I2C2_ER_IRQHandler</STRONG> (Thumb, 0 bytes, Stack size 0 bytes, startup_stm32f103xe.o(.text))
<BR>[Address Reference Count : 1]<UL><LI> startup_stm32f103xe.o(RESET)
</UL>
<P><STRONG><a name="[2b]"></a>I2C2_EV_IRQHandler</STRONG> (Thumb, 0 bytes, Stack size 0 bytes, startup_stm32f103xe.o(.text))
<BR>[Address Reference Count : 1]<UL><LI> startup_stm32f103xe.o(RESET)
</UL>
<P><STRONG><a name="[b]"></a>PVD_IRQHandler</STRONG> (Thumb, 0 bytes, Stack size 0 bytes, startup_stm32f103xe.o(.text))
<BR>[Address Reference Count : 1]<UL><LI> startup_stm32f103xe.o(RESET)
</UL>
<P><STRONG><a name="[f]"></a>RCC_IRQHandler</STRONG> (Thumb, 0 bytes, Stack size 0 bytes, startup_stm32f103xe.o(.text))
<BR>[Address Reference Count : 1]<UL><LI> startup_stm32f103xe.o(RESET)
</UL>
<P><STRONG><a name="[33]"></a>RTC_Alarm_IRQHandler</STRONG> (Thumb, 0 bytes, Stack size 0 bytes, startup_stm32f103xe.o(.text))
<BR>[Address Reference Count : 1]<UL><LI> startup_stm32f103xe.o(RESET)
</UL>
<P><STRONG><a name="[d]"></a>RTC_IRQHandler</STRONG> (Thumb, 0 bytes, Stack size 0 bytes, startup_stm32f103xe.o(.text))
<BR>[Address Reference Count : 1]<UL><LI> startup_stm32f103xe.o(RESET)
</UL>
<P><STRONG><a name="[3b]"></a>SDIO_IRQHandler</STRONG> (Thumb, 0 bytes, Stack size 0 bytes, startup_stm32f103xe.o(.text))
<BR>[Address Reference Count : 1]<UL><LI> startup_stm32f103xe.o(RESET)
</UL>
<P><STRONG><a name="[2d]"></a>SPI1_IRQHandler</STRONG> (Thumb, 0 bytes, Stack size 0 bytes, startup_stm32f103xe.o(.text))
<BR>[Address Reference Count : 1]<UL><LI> startup_stm32f103xe.o(RESET)
</UL>
<P><STRONG><a name="[2e]"></a>SPI2_IRQHandler</STRONG> (Thumb, 0 bytes, Stack size 0 bytes, startup_stm32f103xe.o(.text))
<BR>[Address Reference Count : 1]<UL><LI> startup_stm32f103xe.o(RESET)
</UL>
<P><STRONG><a name="[3d]"></a>SPI3_IRQHandler</STRONG> (Thumb, 0 bytes, Stack size 0 bytes, startup_stm32f103xe.o(.text))
<BR>[Address Reference Count : 1]<UL><LI> startup_stm32f103xe.o(RESET)
</UL>
<P><STRONG><a name="[c]"></a>TAMPER_IRQHandler</STRONG> (Thumb, 0 bytes, Stack size 0 bytes, startup_stm32f103xe.o(.text))
<BR>[Address Reference Count : 1]<UL><LI> startup_stm32f103xe.o(RESET)
</UL>
<P><STRONG><a name="[22]"></a>TIM1_BRK_IRQHandler</STRONG> (Thumb, 0 bytes, Stack size 0 bytes, startup_stm32f103xe.o(.text))
<BR>[Address Reference Count : 1]<UL><LI> startup_stm32f103xe.o(RESET)
</UL>
<P><STRONG><a name="[25]"></a>TIM1_CC_IRQHandler</STRONG> (Thumb, 0 bytes, Stack size 0 bytes, startup_stm32f103xe.o(.text))
<BR>[Address Reference Count : 1]<UL><LI> startup_stm32f103xe.o(RESET)
</UL>
<P><STRONG><a name="[24]"></a>TIM1_TRG_COM_IRQHandler</STRONG> (Thumb, 0 bytes, Stack size 0 bytes, startup_stm32f103xe.o(.text))
<BR>[Address Reference Count : 1]<UL><LI> startup_stm32f103xe.o(RESET)
</UL>
<P><STRONG><a name="[23]"></a>TIM1_UP_IRQHandler</STRONG> (Thumb, 0 bytes, Stack size 0 bytes, startup_stm32f103xe.o(.text))
<BR>[Address Reference Count : 1]<UL><LI> startup_stm32f103xe.o(RESET)
</UL>
<P><STRONG><a name="[27]"></a>TIM3_IRQHandler</STRONG> (Thumb, 0 bytes, Stack size 0 bytes, startup_stm32f103xe.o(.text))
<BR>[Address Reference Count : 1]<UL><LI> startup_stm32f103xe.o(RESET)
</UL>
<P><STRONG><a name="[28]"></a>TIM4_IRQHandler</STRONG> (Thumb, 0 bytes, Stack size 0 bytes, startup_stm32f103xe.o(.text))
<BR>[Address Reference Count : 1]<UL><LI> startup_stm32f103xe.o(RESET)
</UL>
<P><STRONG><a name="[3c]"></a>TIM5_IRQHandler</STRONG> (Thumb, 0 bytes, Stack size 0 bytes, startup_stm32f103xe.o(.text))
<BR>[Address Reference Count : 1]<UL><LI> startup_stm32f103xe.o(RESET)
</UL>
<P><STRONG><a name="[40]"></a>TIM6_IRQHandler</STRONG> (Thumb, 0 bytes, Stack size 0 bytes, startup_stm32f103xe.o(.text))
<BR>[Address Reference Count : 1]<UL><LI> startup_stm32f103xe.o(RESET)
</UL>
<P><STRONG><a name="[41]"></a>TIM7_IRQHandler</STRONG> (Thumb, 0 bytes, Stack size 0 bytes, startup_stm32f103xe.o(.text))
<BR>[Address Reference Count : 1]<UL><LI> startup_stm32f103xe.o(RESET)
</UL>
<P><STRONG><a name="[35]"></a>TIM8_BRK_IRQHandler</STRONG> (Thumb, 0 bytes, Stack size 0 bytes, startup_stm32f103xe.o(.text))
<BR>[Address Reference Count : 1]<UL><LI> startup_stm32f103xe.o(RESET)
</UL>
<P><STRONG><a name="[38]"></a>TIM8_CC_IRQHandler</STRONG> (Thumb, 0 bytes, Stack size 0 bytes, startup_stm32f103xe.o(.text))
<BR>[Address Reference Count : 1]<UL><LI> startup_stm32f103xe.o(RESET)
</UL>
<P><STRONG><a name="[37]"></a>TIM8_TRG_COM_IRQHandler</STRONG> (Thumb, 0 bytes, Stack size 0 bytes, startup_stm32f103xe.o(.text))
<BR>[Address Reference Count : 1]<UL><LI> startup_stm32f103xe.o(RESET)
</UL>
<P><STRONG><a name="[36]"></a>TIM8_UP_IRQHandler</STRONG> (Thumb, 0 bytes, Stack size 0 bytes, startup_stm32f103xe.o(.text))
<BR>[Address Reference Count : 1]<UL><LI> startup_stm32f103xe.o(RESET)
</UL>
<P><STRONG><a name="[3e]"></a>UART4_IRQHandler</STRONG> (Thumb, 0 bytes, Stack size 0 bytes, startup_stm32f103xe.o(.text))
<BR>[Address Reference Count : 1]<UL><LI> startup_stm32f103xe.o(RESET)
</UL>
<P><STRONG><a name="[3f]"></a>UART5_IRQHandler</STRONG> (Thumb, 0 bytes, Stack size 0 bytes, startup_stm32f103xe.o(.text))
<BR>[Address Reference Count : 1]<UL><LI> startup_stm32f103xe.o(RESET)
</UL>
<P><STRONG><a name="[34]"></a>USBWakeUp_IRQHandler</STRONG> (Thumb, 0 bytes, Stack size 0 bytes, startup_stm32f103xe.o(.text))
<BR>[Address Reference Count : 1]<UL><LI> startup_stm32f103xe.o(RESET)
</UL>
<P><STRONG><a name="[1d]"></a>USB_HP_CAN1_TX_IRQHandler</STRONG> (Thumb, 0 bytes, Stack size 0 bytes, startup_stm32f103xe.o(.text))
<BR>[Address Reference Count : 1]<UL><LI> startup_stm32f103xe.o(RESET)
</UL>
<P><STRONG><a name="[1e]"></a>USB_LP_CAN1_RX0_IRQHandler</STRONG> (Thumb, 0 bytes, Stack size 0 bytes, startup_stm32f103xe.o(.text))
<BR>[Address Reference Count : 1]<UL><LI> startup_stm32f103xe.o(RESET)
</UL>
<P><STRONG><a name="[a]"></a>WWDG_IRQHandler</STRONG> (Thumb, 0 bytes, Stack size 0 bytes, startup_stm32f103xe.o(.text))
<BR>[Address Reference Count : 1]<UL><LI> startup_stm32f103xe.o(RESET)
</UL>
<P><STRONG><a name="[100]"></a>rt_hw_interrupt_disable</STRONG> (Thumb, 8 bytes, Stack size 0 bytes, context_rvds.o(.text))
<BR><BR>[Called By]<UL><LI><a href="#[e9]">&gt;&gt;</a>&nbsp;&nbsp;&nbsp;rt_interrupt_leave
<LI><a href="#[e7]">&gt;&gt;</a>&nbsp;&nbsp;&nbsp;rt_interrupt_enter
<LI><a href="#[142]">&gt;&gt;</a>&nbsp;&nbsp;&nbsp;rt_timer_start
<LI><a href="#[141]">&gt;&gt;</a>&nbsp;&nbsp;&nbsp;rt_timer_control
<LI><a href="#[140]">&gt;&gt;</a>&nbsp;&nbsp;&nbsp;rt_thread_suspend
<LI><a href="#[13d]">&gt;&gt;</a>&nbsp;&nbsp;&nbsp;rt_thread_resume
<LI><a href="#[124]">&gt;&gt;</a>&nbsp;&nbsp;&nbsp;rt_schedule
<LI><a href="#[12e]">&gt;&gt;</a>&nbsp;&nbsp;&nbsp;rt_object_init
<LI><a href="#[12d]">&gt;&gt;</a>&nbsp;&nbsp;&nbsp;rt_object_detach
<LI><a href="#[7d]">&gt;&gt;</a>&nbsp;&nbsp;&nbsp;rtthread_startup
<LI><a href="#[144]">&gt;&gt;</a>&nbsp;&nbsp;&nbsp;rt_timer_check
<LI><a href="#[143]">&gt;&gt;</a>&nbsp;&nbsp;&nbsp;rt_thread_yield
<LI><a href="#[5f]">&gt;&gt;</a>&nbsp;&nbsp;&nbsp;list_timer
<LI><a href="#[5e]">&gt;&gt;</a>&nbsp;&nbsp;&nbsp;list_sem
<LI><a href="#[119]">&gt;&gt;</a>&nbsp;&nbsp;&nbsp;list_get_next
<LI><a href="#[5d]">&gt;&gt;</a>&nbsp;&nbsp;&nbsp;list_thread
<LI><a href="#[13f]">&gt;&gt;</a>&nbsp;&nbsp;&nbsp;rt_timer_stop
<LI><a href="#[138]">&gt;&gt;</a>&nbsp;&nbsp;&nbsp;rt_timer_detach
<LI><a href="#[137]">&gt;&gt;</a>&nbsp;&nbsp;&nbsp;rt_thread_sleep
<LI><a href="#[50]">&gt;&gt;</a>&nbsp;&nbsp;&nbsp;rt_thread_exit
<LI><a href="#[ff]">&gt;&gt;</a>&nbsp;&nbsp;&nbsp;_thread_cleanup_execute
<LI><a href="#[133]">&gt;&gt;</a>&nbsp;&nbsp;&nbsp;rt_schedule_remove_thread
<LI><a href="#[132]">&gt;&gt;</a>&nbsp;&nbsp;&nbsp;rt_schedule_insert_thread
<LI><a href="#[123]">&gt;&gt;</a>&nbsp;&nbsp;&nbsp;rt_exit_critical
<LI><a href="#[122]">&gt;&gt;</a>&nbsp;&nbsp;&nbsp;rt_enter_critical
</UL>

<P><STRONG><a name="[101]"></a>rt_hw_interrupt_enable</STRONG> (Thumb, 6 bytes, Stack size 0 bytes, context_rvds.o(.text))
<BR><BR>[Called By]<UL><LI><a href="#[e9]">&gt;&gt;</a>&nbsp;&nbsp;&nbsp;rt_interrupt_leave
<LI><a href="#[e7]">&gt;&gt;</a>&nbsp;&nbsp;&nbsp;rt_interrupt_enter
<LI><a href="#[142]">&gt;&gt;</a>&nbsp;&nbsp;&nbsp;rt_timer_start
<LI><a href="#[141]">&gt;&gt;</a>&nbsp;&nbsp;&nbsp;rt_timer_control
<LI><a href="#[140]">&gt;&gt;</a>&nbsp;&nbsp;&nbsp;rt_thread_suspend
<LI><a href="#[13d]">&gt;&gt;</a>&nbsp;&nbsp;&nbsp;rt_thread_resume
<LI><a href="#[124]">&gt;&gt;</a>&nbsp;&nbsp;&nbsp;rt_schedule
<LI><a href="#[12e]">&gt;&gt;</a>&nbsp;&nbsp;&nbsp;rt_object_init
<LI><a href="#[12d]">&gt;&gt;</a>&nbsp;&nbsp;&nbsp;rt_object_detach
<LI><a href="#[144]">&gt;&gt;</a>&nbsp;&nbsp;&nbsp;rt_timer_check
<LI><a href="#[143]">&gt;&gt;</a>&nbsp;&nbsp;&nbsp;rt_thread_yield
<LI><a href="#[5f]">&gt;&gt;</a>&nbsp;&nbsp;&nbsp;list_timer
<LI><a href="#[5e]">&gt;&gt;</a>&nbsp;&nbsp;&nbsp;list_sem
<LI><a href="#[119]">&gt;&gt;</a>&nbsp;&nbsp;&nbsp;list_get_next
<LI><a href="#[5d]">&gt;&gt;</a>&nbsp;&nbsp;&nbsp;list_thread
<LI><a href="#[13f]">&gt;&gt;</a>&nbsp;&nbsp;&nbsp;rt_timer_stop
<LI><a href="#[138]">&gt;&gt;</a>&nbsp;&nbsp;&nbsp;rt_timer_detach
<LI><a href="#[137]">&gt;&gt;</a>&nbsp;&nbsp;&nbsp;rt_thread_sleep
<LI><a href="#[50]">&gt;&gt;</a>&nbsp;&nbsp;&nbsp;rt_thread_exit
<LI><a href="#[ff]">&gt;&gt;</a>&nbsp;&nbsp;&nbsp;_thread_cleanup_execute
<LI><a href="#[133]">&gt;&gt;</a>&nbsp;&nbsp;&nbsp;rt_schedule_remove_thread
<LI><a href="#[132]">&gt;&gt;</a>&nbsp;&nbsp;&nbsp;rt_schedule_insert_thread
<LI><a href="#[123]">&gt;&gt;</a>&nbsp;&nbsp;&nbsp;rt_exit_critical
<LI><a href="#[122]">&gt;&gt;</a>&nbsp;&nbsp;&nbsp;rt_enter_critical
</UL>

<P><STRONG><a name="[131]"></a>rt_hw_context_switch</STRONG> (Thumb, 32 bytes, Stack size 0 bytes, context_rvds.o(.text))
<BR><BR>[Called By]<UL><LI><a href="#[124]">&gt;&gt;</a>&nbsp;&nbsp;&nbsp;rt_schedule
</UL>

<P><STRONG><a name="[130]"></a>rt_hw_context_switch_interrupt</STRONG> (Thumb, 0 bytes, Stack size 0 bytes, context_rvds.o(.text))
<BR><BR>[Called By]<UL><LI><a href="#[124]">&gt;&gt;</a>&nbsp;&nbsp;&nbsp;rt_schedule
</UL>

<P><STRONG><a name="[8]"></a>PendSV_Handler</STRONG> (Thumb, 60 bytes, Stack size 0 bytes, context_rvds.o(.text))
<BR>[Address Reference Count : 1]<UL><LI> startup_stm32f103xe.o(RESET)
</UL>
<P><STRONG><a name="[136]"></a>rt_hw_context_switch_to</STRONG> (Thumb, 56 bytes, Stack size 0 bytes, context_rvds.o(.text))
<BR><BR>[Called By]<UL><LI><a href="#[135]">&gt;&gt;</a>&nbsp;&nbsp;&nbsp;rt_system_scheduler_start
</UL>

<P><STRONG><a name="[152]"></a>rt_hw_interrupt_thread_switch</STRONG> (Thumb, 2 bytes, Stack size 0 bytes, context_rvds.o(.text), UNUSED)

<P><STRONG><a name="[2]"></a>HardFault_Handler</STRONG> (Thumb, 52 bytes, Stack size 0 bytes, context_rvds.o(.text))
<BR><BR>[Stack]<UL><LI>Max Depth = 400<LI>Call Chain = HardFault_Handler &rArr; rt_hw_hard_fault_exception &rArr; list_thread &rArr; object_split &rArr; rt_kprintf &rArr; rt_vsnprintf &rArr; print_number
</UL>
<BR>[Calls]<UL><LI><a href="#[65]">&gt;&gt;</a>&nbsp;&nbsp;&nbsp;rt_hw_hard_fault_exception
</UL>
<BR>[Address Reference Count : 1]<UL><LI> startup_stm32f103xe.o(RESET)
</UL>
<P><STRONG><a name="[73]"></a>__aeabi_llsr</STRONG> (Thumb, 32 bytes, Stack size 0 bytes, llushr.o(.text))
<BR><BR>[Called By]<UL><LI><a href="#[72]">&gt;&gt;</a>&nbsp;&nbsp;&nbsp;__aeabi_uldivmod
<LI><a href="#[6f]">&gt;&gt;</a>&nbsp;&nbsp;&nbsp;_double_epilogue
<LI><a href="#[7b]">&gt;&gt;</a>&nbsp;&nbsp;&nbsp;__aeabi_d2ulz
</UL>

<P><STRONG><a name="[153]"></a>_ll_ushift_r</STRONG> (Thumb, 0 bytes, Stack size 0 bytes, llushr.o(.text), UNUSED)

<P><STRONG><a name="[154]"></a>__aeabi_memcpy</STRONG> (Thumb, 36 bytes, Stack size 0 bytes, memcpya.o(.text), UNUSED)

<P><STRONG><a name="[11c]"></a>__aeabi_memcpy4</STRONG> (Thumb, 0 bytes, Stack size 0 bytes, memcpya.o(.text))
<BR><BR>[Called By]<UL><LI><a href="#[5d]">&gt;&gt;</a>&nbsp;&nbsp;&nbsp;list_thread
</UL>

<P><STRONG><a name="[155]"></a>__aeabi_memcpy8</STRONG> (Thumb, 0 bytes, Stack size 0 bytes, memcpya.o(.text), UNUSED)

<P><STRONG><a name="[67]"></a>__aeabi_memset</STRONG> (Thumb, 14 bytes, Stack size 0 bytes, memseta.o(.text))
<BR><BR>[Called By]<UL><LI><a href="#[68]">&gt;&gt;</a>&nbsp;&nbsp;&nbsp;_memset$wrapper
<LI><a href="#[66]">&gt;&gt;</a>&nbsp;&nbsp;&nbsp;__aeabi_memclr
</UL>

<P><STRONG><a name="[156]"></a>__aeabi_memset4</STRONG> (Thumb, 0 bytes, Stack size 0 bytes, memseta.o(.text), UNUSED)

<P><STRONG><a name="[157]"></a>__aeabi_memset8</STRONG> (Thumb, 0 bytes, Stack size 0 bytes, memseta.o(.text), UNUSED)

<P><STRONG><a name="[66]"></a>__aeabi_memclr</STRONG> (Thumb, 4 bytes, Stack size 0 bytes, memseta.o(.text))
<BR><BR>[Calls]<UL><LI><a href="#[67]">&gt;&gt;</a>&nbsp;&nbsp;&nbsp;__aeabi_memset
</UL>
<BR>[Called By]<UL><LI><a href="#[52]">&gt;&gt;</a>&nbsp;&nbsp;&nbsp;finsh_thread_entry
</UL>

<P><STRONG><a name="[8d]"></a>__aeabi_memclr4</STRONG> (Thumb, 0 bytes, Stack size 0 bytes, memseta.o(.text))
<BR><BR>[Called By]<UL><LI><a href="#[e0]">&gt;&gt;</a>&nbsp;&nbsp;&nbsp;MX_USART3_UART_Init
<LI><a href="#[d7]">&gt;&gt;</a>&nbsp;&nbsp;&nbsp;MX_USART2_UART_Init
<LI><a href="#[ea]">&gt;&gt;</a>&nbsp;&nbsp;&nbsp;SystemClock_Config
<LI><a href="#[8c]">&gt;&gt;</a>&nbsp;&nbsp;&nbsp;ESP8266_Link_Server
<LI><a href="#[f3]">&gt;&gt;</a>&nbsp;&nbsp;&nbsp;_msh_exec_cmd
</UL>

<P><STRONG><a name="[158]"></a>__aeabi_memclr8</STRONG> (Thumb, 0 bytes, Stack size 0 bytes, memseta.o(.text), UNUSED)

<P><STRONG><a name="[68]"></a>_memset$wrapper</STRONG> (Thumb, 18 bytes, Stack size 8 bytes, memseta.o(.text), UNUSED)
<BR><BR>[Calls]<UL><LI><a href="#[67]">&gt;&gt;</a>&nbsp;&nbsp;&nbsp;__aeabi_memset
</UL>

<P><STRONG><a name="[10a]"></a>strcat</STRONG> (Thumb, 24 bytes, Stack size 0 bytes, strcat.o(.text))
<BR><BR>[Called By]<UL><LI><a href="#[106]">&gt;&gt;</a>&nbsp;&nbsp;&nbsp;finsh_get_prompt
</UL>

<P><STRONG><a name="[87]"></a>strstr</STRONG> (Thumb, 36 bytes, Stack size 12 bytes, strstr.o(.text))
<BR><BR>[Stack]<UL><LI>Max Depth = 12<LI>Call Chain = strstr
</UL>
<BR>[Called By]<UL><LI><a href="#[31]">&gt;&gt;</a>&nbsp;&nbsp;&nbsp;USART3_IRQHandler
<LI><a href="#[84]">&gt;&gt;</a>&nbsp;&nbsp;&nbsp;ESP8266_Cmd
</UL>

<P><STRONG><a name="[107]"></a>strncpy</STRONG> (Thumb, 24 bytes, Stack size 8 bytes, strncpy.o(.text))
<BR><BR>[Stack]<UL><LI>Max Depth = 8<LI>Call Chain = strncpy
</UL>
<BR>[Called By]<UL><LI><a href="#[106]">&gt;&gt;</a>&nbsp;&nbsp;&nbsp;finsh_get_prompt
</UL>

<P><STRONG><a name="[111]"></a>strlen</STRONG> (Thumb, 14 bytes, Stack size 0 bytes, strlen.o(.text))
<BR><BR>[Called By]<UL><LI><a href="#[52]">&gt;&gt;</a>&nbsp;&nbsp;&nbsp;finsh_thread_entry
<LI><a href="#[110]">&gt;&gt;</a>&nbsp;&nbsp;&nbsp;msh_auto_complete
</UL>

<P><STRONG><a name="[109]"></a>strcpy</STRONG> (Thumb, 18 bytes, Stack size 0 bytes, strcpy.o(.text))
<BR><BR>[Called By]<UL><LI><a href="#[106]">&gt;&gt;</a>&nbsp;&nbsp;&nbsp;finsh_get_prompt
</UL>

<P><STRONG><a name="[f4]"></a>strncmp</STRONG> (Thumb, 30 bytes, Stack size 12 bytes, strncmp.o(.text))
<BR><BR>[Stack]<UL><LI>Max Depth = 12<LI>Call Chain = strncmp
</UL>
<BR>[Called By]<UL><LI><a href="#[61]">&gt;&gt;</a>&nbsp;&nbsp;&nbsp;msh_help
<LI><a href="#[110]">&gt;&gt;</a>&nbsp;&nbsp;&nbsp;msh_auto_complete
<LI><a href="#[f3]">&gt;&gt;</a>&nbsp;&nbsp;&nbsp;_msh_exec_cmd
<LI><a href="#[60]">&gt;&gt;</a>&nbsp;&nbsp;&nbsp;list
</UL>

<P><STRONG><a name="[69]"></a>__aeabi_fadd</STRONG> (Thumb, 164 bytes, Stack size 16 bytes, fadd.o(.text))
<BR><BR>[Stack]<UL><LI>Max Depth = 20<LI>Call Chain = __aeabi_fadd &rArr; _float_epilogue
</UL>
<BR>[Calls]<UL><LI><a href="#[6b]">&gt;&gt;</a>&nbsp;&nbsp;&nbsp;_float_round
<LI><a href="#[6a]">&gt;&gt;</a>&nbsp;&nbsp;&nbsp;_float_epilogue
</UL>
<BR>[Called By]<UL><LI><a href="#[e2]">&gt;&gt;</a>&nbsp;&nbsp;&nbsp;SR04_GetData
<LI><a href="#[6d]">&gt;&gt;</a>&nbsp;&nbsp;&nbsp;__aeabi_frsub
<LI><a href="#[6c]">&gt;&gt;</a>&nbsp;&nbsp;&nbsp;__aeabi_fsub
</UL>

<P><STRONG><a name="[6c]"></a>__aeabi_fsub</STRONG> (Thumb, 6 bytes, Stack size 0 bytes, fadd.o(.text), UNUSED)
<BR><BR>[Calls]<UL><LI><a href="#[69]">&gt;&gt;</a>&nbsp;&nbsp;&nbsp;__aeabi_fadd
</UL>

<P><STRONG><a name="[6d]"></a>__aeabi_frsub</STRONG> (Thumb, 6 bytes, Stack size 0 bytes, fadd.o(.text), UNUSED)
<BR><BR>[Calls]<UL><LI><a href="#[69]">&gt;&gt;</a>&nbsp;&nbsp;&nbsp;__aeabi_fadd
</UL>

<P><STRONG><a name="[e5]"></a>__aeabi_fmul</STRONG> (Thumb, 100 bytes, Stack size 8 bytes, fmul.o(.text))
<BR><BR>[Stack]<UL><LI>Max Depth = 8<LI>Call Chain = __aeabi_fmul
</UL>
<BR>[Called By]<UL><LI><a href="#[e2]">&gt;&gt;</a>&nbsp;&nbsp;&nbsp;SR04_GetData
<LI><a href="#[4d]">&gt;&gt;</a>&nbsp;&nbsp;&nbsp;beep_task_entry
</UL>

<P><STRONG><a name="[e4]"></a>__ARM_scalbnf</STRONG> (Thumb, 24 bytes, Stack size 0 bytes, fscalb.o(.text))
<BR><BR>[Called By]<UL><LI><a href="#[e2]">&gt;&gt;</a>&nbsp;&nbsp;&nbsp;SR04_GetData
</UL>

<P><STRONG><a name="[159]"></a>scalbnf</STRONG> (Thumb, 0 bytes, Stack size 0 bytes, fscalb.o(.text), UNUSED)

<P><STRONG><a name="[6e]"></a>__aeabi_dmul</STRONG> (Thumb, 228 bytes, Stack size 48 bytes, dmul.o(.text))
<BR><BR>[Stack]<UL><LI>Max Depth = 88<LI>Call Chain = __aeabi_dmul &rArr; _double_epilogue &rArr; _double_round
</UL>
<BR>[Calls]<UL><LI><a href="#[6f]">&gt;&gt;</a>&nbsp;&nbsp;&nbsp;_double_epilogue
</UL>
<BR>[Called By]<UL><LI><a href="#[e2]">&gt;&gt;</a>&nbsp;&nbsp;&nbsp;SR04_GetData
<LI><a href="#[f1]">&gt;&gt;</a>&nbsp;&nbsp;&nbsp;_fp_digits
</UL>

<P><STRONG><a name="[e3]"></a>__ARM_scalbn</STRONG> (Thumb, 46 bytes, Stack size 16 bytes, dscalb.o(.text))
<BR><BR>[Stack]<UL><LI>Max Depth = 16<LI>Call Chain = __ARM_scalbn
</UL>
<BR>[Called By]<UL><LI><a href="#[e2]">&gt;&gt;</a>&nbsp;&nbsp;&nbsp;SR04_GetData
</UL>

<P><STRONG><a name="[15a]"></a>scalbn</STRONG> (Thumb, 0 bytes, Stack size 16 bytes, dscalb.o(.text), UNUSED)

<P><STRONG><a name="[70]"></a>__aeabi_ui2d</STRONG> (Thumb, 26 bytes, Stack size 16 bytes, dfltui.o(.text))
<BR><BR>[Stack]<UL><LI>Max Depth = 56<LI>Call Chain = __aeabi_ui2d &rArr; _double_epilogue &rArr; _double_round
</UL>
<BR>[Calls]<UL><LI><a href="#[6f]">&gt;&gt;</a>&nbsp;&nbsp;&nbsp;_double_epilogue
</UL>
<BR>[Called By]<UL><LI><a href="#[e2]">&gt;&gt;</a>&nbsp;&nbsp;&nbsp;SR04_GetData
</UL>

<P><STRONG><a name="[102]"></a>__aeabi_f2iz</STRONG> (Thumb, 50 bytes, Stack size 0 bytes, ffixi.o(.text))
<BR><BR>[Called By]<UL><LI><a href="#[4d]">&gt;&gt;</a>&nbsp;&nbsp;&nbsp;beep_task_entry
</UL>

<P><STRONG><a name="[113]"></a>__aeabi_f2d</STRONG> (Thumb, 38 bytes, Stack size 0 bytes, f2d.o(.text))
<BR><BR>[Called By]<UL><LI><a href="#[4b]">&gt;&gt;</a>&nbsp;&nbsp;&nbsp;get_SR04_task_entry
</UL>

<P><STRONG><a name="[71]"></a>__aeabi_d2f</STRONG> (Thumb, 56 bytes, Stack size 8 bytes, d2f.o(.text))
<BR><BR>[Stack]<UL><LI>Max Depth = 8<LI>Call Chain = __aeabi_d2f
</UL>
<BR>[Calls]<UL><LI><a href="#[6b]">&gt;&gt;</a>&nbsp;&nbsp;&nbsp;_float_round
</UL>
<BR>[Called By]<UL><LI><a href="#[e2]">&gt;&gt;</a>&nbsp;&nbsp;&nbsp;SR04_GetData
</UL>

<P><STRONG><a name="[15b]"></a>__aeabi_uidiv</STRONG> (Thumb, 0 bytes, Stack size 12 bytes, uidiv.o(.text), UNUSED)

<P><STRONG><a name="[f8]"></a>__aeabi_uidivmod</STRONG> (Thumb, 44 bytes, Stack size 12 bytes, uidiv.o(.text), UNUSED)
<BR><BR>[Called By]<UL><LI><a href="#[ef]">&gt;&gt;</a>&nbsp;&nbsp;&nbsp;_printf_core
</UL>

<P><STRONG><a name="[72]"></a>__aeabi_uldivmod</STRONG> (Thumb, 98 bytes, Stack size 40 bytes, uldiv.o(.text), UNUSED)
<BR><BR>[Calls]<UL><LI><a href="#[73]">&gt;&gt;</a>&nbsp;&nbsp;&nbsp;__aeabi_llsr
<LI><a href="#[74]">&gt;&gt;</a>&nbsp;&nbsp;&nbsp;__aeabi_llsl
</UL>
<BR>[Called By]<UL><LI><a href="#[ef]">&gt;&gt;</a>&nbsp;&nbsp;&nbsp;_printf_core
<LI><a href="#[f1]">&gt;&gt;</a>&nbsp;&nbsp;&nbsp;_fp_digits
</UL>

<P><STRONG><a name="[15c]"></a>__I$use$fp</STRONG> (Thumb, 0 bytes, Stack size 0 bytes, iusefp.o(.text), UNUSED)

<P><STRONG><a name="[6b]"></a>_float_round</STRONG> (Thumb, 18 bytes, Stack size 0 bytes, fepilogue.o(.text))
<BR><BR>[Called By]<UL><LI><a href="#[69]">&gt;&gt;</a>&nbsp;&nbsp;&nbsp;__aeabi_fadd
<LI><a href="#[71]">&gt;&gt;</a>&nbsp;&nbsp;&nbsp;__aeabi_d2f
</UL>

<P><STRONG><a name="[6a]"></a>_float_epilogue</STRONG> (Thumb, 92 bytes, Stack size 4 bytes, fepilogue.o(.text))
<BR><BR>[Stack]<UL><LI>Max Depth = 4<LI>Call Chain = _float_epilogue
</UL>
<BR>[Called By]<UL><LI><a href="#[69]">&gt;&gt;</a>&nbsp;&nbsp;&nbsp;__aeabi_fadd
</UL>

<P><STRONG><a name="[75]"></a>_double_round</STRONG> (Thumb, 30 bytes, Stack size 8 bytes, depilogue.o(.text))
<BR><BR>[Stack]<UL><LI>Max Depth = 8<LI>Call Chain = _double_round
</UL>
<BR>[Called By]<UL><LI><a href="#[6f]">&gt;&gt;</a>&nbsp;&nbsp;&nbsp;_double_epilogue
<LI><a href="#[7a]">&gt;&gt;</a>&nbsp;&nbsp;&nbsp;__aeabi_ddiv
<LI><a href="#[76]">&gt;&gt;</a>&nbsp;&nbsp;&nbsp;__aeabi_dadd
</UL>

<P><STRONG><a name="[6f]"></a>_double_epilogue</STRONG> (Thumb, 156 bytes, Stack size 32 bytes, depilogue.o(.text))
<BR><BR>[Stack]<UL><LI>Max Depth = 40<LI>Call Chain = _double_epilogue &rArr; _double_round
</UL>
<BR>[Calls]<UL><LI><a href="#[73]">&gt;&gt;</a>&nbsp;&nbsp;&nbsp;__aeabi_llsr
<LI><a href="#[74]">&gt;&gt;</a>&nbsp;&nbsp;&nbsp;__aeabi_llsl
<LI><a href="#[75]">&gt;&gt;</a>&nbsp;&nbsp;&nbsp;_double_round
</UL>
<BR>[Called By]<UL><LI><a href="#[70]">&gt;&gt;</a>&nbsp;&nbsp;&nbsp;__aeabi_ui2d
<LI><a href="#[6e]">&gt;&gt;</a>&nbsp;&nbsp;&nbsp;__aeabi_dmul
<LI><a href="#[76]">&gt;&gt;</a>&nbsp;&nbsp;&nbsp;__aeabi_dadd
</UL>

<P><STRONG><a name="[76]"></a>__aeabi_dadd</STRONG> (Thumb, 322 bytes, Stack size 48 bytes, dadd.o(.text), UNUSED)
<BR><BR>[Calls]<UL><LI><a href="#[77]">&gt;&gt;</a>&nbsp;&nbsp;&nbsp;__aeabi_lasr
<LI><a href="#[74]">&gt;&gt;</a>&nbsp;&nbsp;&nbsp;__aeabi_llsl
<LI><a href="#[75]">&gt;&gt;</a>&nbsp;&nbsp;&nbsp;_double_round
<LI><a href="#[6f]">&gt;&gt;</a>&nbsp;&nbsp;&nbsp;_double_epilogue
</UL>
<BR>[Called By]<UL><LI><a href="#[79]">&gt;&gt;</a>&nbsp;&nbsp;&nbsp;__aeabi_drsub
<LI><a href="#[78]">&gt;&gt;</a>&nbsp;&nbsp;&nbsp;__aeabi_dsub
<LI><a href="#[f1]">&gt;&gt;</a>&nbsp;&nbsp;&nbsp;_fp_digits
</UL>

<P><STRONG><a name="[78]"></a>__aeabi_dsub</STRONG> (Thumb, 6 bytes, Stack size 0 bytes, dadd.o(.text), UNUSED)
<BR><BR>[Calls]<UL><LI><a href="#[76]">&gt;&gt;</a>&nbsp;&nbsp;&nbsp;__aeabi_dadd
</UL>

<P><STRONG><a name="[79]"></a>__aeabi_drsub</STRONG> (Thumb, 6 bytes, Stack size 0 bytes, dadd.o(.text), UNUSED)
<BR><BR>[Calls]<UL><LI><a href="#[76]">&gt;&gt;</a>&nbsp;&nbsp;&nbsp;__aeabi_dadd
</UL>

<P><STRONG><a name="[7a]"></a>__aeabi_ddiv</STRONG> (Thumb, 222 bytes, Stack size 32 bytes, ddiv.o(.text), UNUSED)
<BR><BR>[Calls]<UL><LI><a href="#[75]">&gt;&gt;</a>&nbsp;&nbsp;&nbsp;_double_round
</UL>
<BR>[Called By]<UL><LI><a href="#[f1]">&gt;&gt;</a>&nbsp;&nbsp;&nbsp;_fp_digits
</UL>

<P><STRONG><a name="[7b]"></a>__aeabi_d2ulz</STRONG> (Thumb, 48 bytes, Stack size 0 bytes, dfixul.o(.text), UNUSED)
<BR><BR>[Calls]<UL><LI><a href="#[73]">&gt;&gt;</a>&nbsp;&nbsp;&nbsp;__aeabi_llsr
<LI><a href="#[74]">&gt;&gt;</a>&nbsp;&nbsp;&nbsp;__aeabi_llsl
</UL>
<BR>[Called By]<UL><LI><a href="#[f1]">&gt;&gt;</a>&nbsp;&nbsp;&nbsp;_fp_digits
</UL>

<P><STRONG><a name="[f2]"></a>__aeabi_cdrcmple</STRONG> (Thumb, 48 bytes, Stack size 0 bytes, cdrcmple.o(.text), UNUSED)
<BR><BR>[Called By]<UL><LI><a href="#[f1]">&gt;&gt;</a>&nbsp;&nbsp;&nbsp;_fp_digits
</UL>

<P><STRONG><a name="[64]"></a>__scatterload</STRONG> (Thumb, 28 bytes, Stack size 0 bytes, init.o(.text))
<BR><BR>[Calls]<UL><LI><a href="#[7c]">&gt;&gt;</a>&nbsp;&nbsp;&nbsp;__main_after_scatterload
</UL>
<BR>[Called By]<UL><LI><a href="#[63]">&gt;&gt;</a>&nbsp;&nbsp;&nbsp;_main_scatterload
</UL>

<P><STRONG><a name="[15d]"></a>__scatterload_rt2</STRONG> (Thumb, 0 bytes, Stack size 0 bytes, init.o(.text), UNUSED)

<P><STRONG><a name="[74]"></a>__aeabi_llsl</STRONG> (Thumb, 30 bytes, Stack size 0 bytes, llshl.o(.text))
<BR><BR>[Called By]<UL><LI><a href="#[72]">&gt;&gt;</a>&nbsp;&nbsp;&nbsp;__aeabi_uldivmod
<LI><a href="#[6f]">&gt;&gt;</a>&nbsp;&nbsp;&nbsp;_double_epilogue
<LI><a href="#[76]">&gt;&gt;</a>&nbsp;&nbsp;&nbsp;__aeabi_dadd
<LI><a href="#[7b]">&gt;&gt;</a>&nbsp;&nbsp;&nbsp;__aeabi_d2ulz
</UL>

<P><STRONG><a name="[15e]"></a>_ll_shift_l</STRONG> (Thumb, 0 bytes, Stack size 0 bytes, llshl.o(.text), UNUSED)

<P><STRONG><a name="[77]"></a>__aeabi_lasr</STRONG> (Thumb, 36 bytes, Stack size 0 bytes, llsshr.o(.text), UNUSED)
<BR><BR>[Called By]<UL><LI><a href="#[76]">&gt;&gt;</a>&nbsp;&nbsp;&nbsp;__aeabi_dadd
</UL>

<P><STRONG><a name="[15f]"></a>_ll_sshift_r</STRONG> (Thumb, 0 bytes, Stack size 0 bytes, llsshr.o(.text), UNUSED)

<P><STRONG><a name="[46]"></a>main</STRONG> (Thumb, 10 bytes, Stack size 8 bytes, components.o(i.$Sub$$main))
<BR><BR>[Stack]<UL><LI>Max Depth = 200<LI>Call Chain = main &rArr; rtthread_startup &rArr; rt_thread_idle_init &rArr; rt_thread_init &rArr; _rt_thread_init &rArr; rt_timer_init &rArr; rt_object_init &rArr; rt_exit_critical &rArr; rt_schedule
</UL>
<BR>[Calls]<UL><LI><a href="#[7d]">&gt;&gt;</a>&nbsp;&nbsp;&nbsp;rtthread_startup
</UL>
<BR>[Address Reference Count : 1]<UL><LI> entry9a.o(.ARM.Collect$$$$0000000B)
</UL>
<P><STRONG><a name="[7e]"></a>BEEP_Init</STRONG> (Thumb, 62 bytes, Stack size 32 bytes, beep.o(i.BEEP_Init))
<BR><BR>[Stack]<UL><LI>Max Depth = 72<LI>Call Chain = BEEP_Init &rArr; HAL_GPIO_Init
</UL>
<BR>[Calls]<UL><LI><a href="#[7f]">&gt;&gt;</a>&nbsp;&nbsp;&nbsp;HAL_GPIO_Init
<LI><a href="#[80]">&gt;&gt;</a>&nbsp;&nbsp;&nbsp;HAL_GPIO_WritePin
</UL>
<BR>[Called By]<UL><LI><a href="#[11e]">&gt;&gt;</a>&nbsp;&nbsp;&nbsp;$Super$$main
</UL>

<P><STRONG><a name="[4]"></a>BusFault_Handler</STRONG> (Thumb, 2 bytes, Stack size 0 bytes, stm32f1xx_it.o(i.BusFault_Handler))
<BR><BR>[Calls]<UL><LI><a href="#[4]">&gt;&gt;</a>&nbsp;&nbsp;&nbsp;BusFault_Handler
</UL>
<BR>[Called By]<UL><LI><a href="#[4]">&gt;&gt;</a>&nbsp;&nbsp;&nbsp;BusFault_Handler
</UL>
<BR>[Address Reference Count : 1]<UL><LI> startup_stm32f103xe.o(RESET)
</UL>
<P><STRONG><a name="[7]"></a>DebugMon_Handler</STRONG> (Thumb, 2 bytes, Stack size 0 bytes, stm32f1xx_it.o(i.DebugMon_Handler))
<BR>[Address Reference Count : 1]<UL><LI> startup_stm32f103xe.o(RESET)
</UL>
<P><STRONG><a name="[81]"></a>ESP8266_AT_Test</STRONG> (Thumb, 82 bytes, Stack size 16 bytes, esp8266.o(i.ESP8266_AT_Test))
<BR><BR>[Stack]<UL><LI>Max Depth = 104<LI>Call Chain = ESP8266_AT_Test &rArr; ESP8266_Cmd &rArr; USART_printf
</UL>
<BR>[Calls]<UL><LI><a href="#[83]">&gt;&gt;</a>&nbsp;&nbsp;&nbsp;rt_thread_delay
<LI><a href="#[80]">&gt;&gt;</a>&nbsp;&nbsp;&nbsp;HAL_GPIO_WritePin
<LI><a href="#[85]">&gt;&gt;</a>&nbsp;&nbsp;&nbsp;ESP8266_Rst
<LI><a href="#[84]">&gt;&gt;</a>&nbsp;&nbsp;&nbsp;ESP8266_Cmd
<LI><a href="#[82]">&gt;&gt;</a>&nbsp;&nbsp;&nbsp;__2printf
</UL>
<BR>[Called By]<UL><LI><a href="#[90]">&gt;&gt;</a>&nbsp;&nbsp;&nbsp;ESP8266_StaTcpClient_Unvarnish_ConfigTest
</UL>

<P><STRONG><a name="[84]"></a>ESP8266_Cmd</STRONG> (Thumb, 122 bytes, Stack size 24 bytes, esp8266.o(i.ESP8266_Cmd))
<BR><BR>[Stack]<UL><LI>Max Depth = 88<LI>Call Chain = ESP8266_Cmd &rArr; USART_printf
</UL>
<BR>[Calls]<UL><LI><a href="#[83]">&gt;&gt;</a>&nbsp;&nbsp;&nbsp;rt_thread_delay
<LI><a href="#[86]">&gt;&gt;</a>&nbsp;&nbsp;&nbsp;USART_printf
<LI><a href="#[87]">&gt;&gt;</a>&nbsp;&nbsp;&nbsp;strstr
<LI><a href="#[82]">&gt;&gt;</a>&nbsp;&nbsp;&nbsp;__2printf
</UL>
<BR>[Called By]<UL><LI><a href="#[91]">&gt;&gt;</a>&nbsp;&nbsp;&nbsp;ESP8266_UnvarnishSend
<LI><a href="#[8f]">&gt;&gt;</a>&nbsp;&nbsp;&nbsp;ESP8266_SendString
<LI><a href="#[8e]">&gt;&gt;</a>&nbsp;&nbsp;&nbsp;ESP8266_Net_Mode_Choose
<LI><a href="#[8c]">&gt;&gt;</a>&nbsp;&nbsp;&nbsp;ESP8266_Link_Server
<LI><a href="#[8b]">&gt;&gt;</a>&nbsp;&nbsp;&nbsp;ESP8266_JoinAP
<LI><a href="#[88]">&gt;&gt;</a>&nbsp;&nbsp;&nbsp;ESP8266_Enable_MultipleId
<LI><a href="#[81]">&gt;&gt;</a>&nbsp;&nbsp;&nbsp;ESP8266_AT_Test
</UL>

<P><STRONG><a name="[88]"></a>ESP8266_Enable_MultipleId</STRONG> (Thumb, 38 bytes, Stack size 24 bytes, esp8266.o(i.ESP8266_Enable_MultipleId))
<BR><BR>[Stack]<UL><LI>Max Depth = 112<LI>Call Chain = ESP8266_Enable_MultipleId &rArr; ESP8266_Cmd &rArr; USART_printf
</UL>
<BR>[Calls]<UL><LI><a href="#[84]">&gt;&gt;</a>&nbsp;&nbsp;&nbsp;ESP8266_Cmd
<LI><a href="#[89]">&gt;&gt;</a>&nbsp;&nbsp;&nbsp;__2sprintf
</UL>
<BR>[Called By]<UL><LI><a href="#[90]">&gt;&gt;</a>&nbsp;&nbsp;&nbsp;ESP8266_StaTcpClient_Unvarnish_ConfigTest
</UL>

<P><STRONG><a name="[8a]"></a>ESP8266_Init</STRONG> (Thumb, 28 bytes, Stack size 8 bytes, esp8266.o(i.ESP8266_Init))
<BR><BR>[Stack]<UL><LI>Max Depth = 8<LI>Call Chain = ESP8266_Init
</UL>
<BR>[Calls]<UL><LI><a href="#[80]">&gt;&gt;</a>&nbsp;&nbsp;&nbsp;HAL_GPIO_WritePin
</UL>
<BR>[Called By]<UL><LI><a href="#[d1]">&gt;&gt;</a>&nbsp;&nbsp;&nbsp;MX_RT_Thread_Process
</UL>

<P><STRONG><a name="[8b]"></a>ESP8266_JoinAP</STRONG> (Thumb, 34 bytes, Stack size 128 bytes, esp8266.o(i.ESP8266_JoinAP))
<BR><BR>[Stack]<UL><LI>Max Depth = 216<LI>Call Chain = ESP8266_JoinAP &rArr; ESP8266_Cmd &rArr; USART_printf
</UL>
<BR>[Calls]<UL><LI><a href="#[84]">&gt;&gt;</a>&nbsp;&nbsp;&nbsp;ESP8266_Cmd
<LI><a href="#[89]">&gt;&gt;</a>&nbsp;&nbsp;&nbsp;__2sprintf
</UL>
<BR>[Called By]<UL><LI><a href="#[90]">&gt;&gt;</a>&nbsp;&nbsp;&nbsp;ESP8266_StaTcpClient_Unvarnish_ConfigTest
</UL>

<P><STRONG><a name="[8c]"></a>ESP8266_Link_Server</STRONG> (Thumb, 96 bytes, Stack size 248 bytes, esp8266.o(i.ESP8266_Link_Server))
<BR><BR>[Stack]<UL><LI>Max Depth = 336<LI>Call Chain = ESP8266_Link_Server &rArr; ESP8266_Cmd &rArr; USART_printf
</UL>
<BR>[Calls]<UL><LI><a href="#[84]">&gt;&gt;</a>&nbsp;&nbsp;&nbsp;ESP8266_Cmd
<LI><a href="#[8d]">&gt;&gt;</a>&nbsp;&nbsp;&nbsp;__aeabi_memclr4
<LI><a href="#[89]">&gt;&gt;</a>&nbsp;&nbsp;&nbsp;__2sprintf
</UL>
<BR>[Called By]<UL><LI><a href="#[90]">&gt;&gt;</a>&nbsp;&nbsp;&nbsp;ESP8266_StaTcpClient_Unvarnish_ConfigTest
</UL>

<P><STRONG><a name="[8e]"></a>ESP8266_Net_Mode_Choose</STRONG> (Thumb, 44 bytes, Stack size 0 bytes, esp8266.o(i.ESP8266_Net_Mode_Choose))
<BR><BR>[Stack]<UL><LI>Max Depth = 88<LI>Call Chain = ESP8266_Net_Mode_Choose &rArr; ESP8266_Cmd &rArr; USART_printf
</UL>
<BR>[Calls]<UL><LI><a href="#[84]">&gt;&gt;</a>&nbsp;&nbsp;&nbsp;ESP8266_Cmd
</UL>
<BR>[Called By]<UL><LI><a href="#[90]">&gt;&gt;</a>&nbsp;&nbsp;&nbsp;ESP8266_StaTcpClient_Unvarnish_ConfigTest
</UL>

<P><STRONG><a name="[85]"></a>ESP8266_Rst</STRONG> (Thumb, 36 bytes, Stack size 8 bytes, esp8266.o(i.ESP8266_Rst))
<BR><BR>[Stack]<UL><LI>Max Depth = 64<LI>Call Chain = ESP8266_Rst &rArr; rt_thread_delay &rArr; rt_thread_sleep &rArr; rt_timer_start
</UL>
<BR>[Calls]<UL><LI><a href="#[83]">&gt;&gt;</a>&nbsp;&nbsp;&nbsp;rt_thread_delay
<LI><a href="#[80]">&gt;&gt;</a>&nbsp;&nbsp;&nbsp;HAL_GPIO_WritePin
</UL>
<BR>[Called By]<UL><LI><a href="#[81]">&gt;&gt;</a>&nbsp;&nbsp;&nbsp;ESP8266_AT_Test
</UL>

<P><STRONG><a name="[8f]"></a>ESP8266_SendString</STRONG> (Thumb, 82 bytes, Stack size 32 bytes, esp8266.o(i.ESP8266_SendString))
<BR><BR>[Stack]<UL><LI>Max Depth = 120<LI>Call Chain = ESP8266_SendString &rArr; ESP8266_Cmd &rArr; USART_printf
</UL>
<BR>[Calls]<UL><LI><a href="#[86]">&gt;&gt;</a>&nbsp;&nbsp;&nbsp;USART_printf
<LI><a href="#[84]">&gt;&gt;</a>&nbsp;&nbsp;&nbsp;ESP8266_Cmd
<LI><a href="#[89]">&gt;&gt;</a>&nbsp;&nbsp;&nbsp;__2sprintf
</UL>
<BR>[Called By]<UL><LI><a href="#[92]">&gt;&gt;</a>&nbsp;&nbsp;&nbsp;ESP8266_print
</UL>

<P><STRONG><a name="[90]"></a>ESP8266_StaTcpClient_Unvarnish_ConfigTest</STRONG> (Thumb, 136 bytes, Stack size 8 bytes, bsp_esp8266_test.o(i.ESP8266_StaTcpClient_Unvarnish_ConfigTest))
<BR><BR>[Stack]<UL><LI>Max Depth = 344<LI>Call Chain = ESP8266_StaTcpClient_Unvarnish_ConfigTest &rArr; ESP8266_Link_Server &rArr; ESP8266_Cmd &rArr; USART_printf
</UL>
<BR>[Calls]<UL><LI><a href="#[80]">&gt;&gt;</a>&nbsp;&nbsp;&nbsp;HAL_GPIO_WritePin
<LI><a href="#[91]">&gt;&gt;</a>&nbsp;&nbsp;&nbsp;ESP8266_UnvarnishSend
<LI><a href="#[8e]">&gt;&gt;</a>&nbsp;&nbsp;&nbsp;ESP8266_Net_Mode_Choose
<LI><a href="#[8c]">&gt;&gt;</a>&nbsp;&nbsp;&nbsp;ESP8266_Link_Server
<LI><a href="#[8b]">&gt;&gt;</a>&nbsp;&nbsp;&nbsp;ESP8266_JoinAP
<LI><a href="#[88]">&gt;&gt;</a>&nbsp;&nbsp;&nbsp;ESP8266_Enable_MultipleId
<LI><a href="#[81]">&gt;&gt;</a>&nbsp;&nbsp;&nbsp;ESP8266_AT_Test
<LI><a href="#[82]">&gt;&gt;</a>&nbsp;&nbsp;&nbsp;__2printf
</UL>
<BR>[Called By]<UL><LI><a href="#[d1]">&gt;&gt;</a>&nbsp;&nbsp;&nbsp;MX_RT_Thread_Process
</UL>

<P><STRONG><a name="[91]"></a>ESP8266_UnvarnishSend</STRONG> (Thumb, 40 bytes, Stack size 8 bytes, esp8266.o(i.ESP8266_UnvarnishSend))
<BR><BR>[Stack]<UL><LI>Max Depth = 96<LI>Call Chain = ESP8266_UnvarnishSend &rArr; ESP8266_Cmd &rArr; USART_printf
</UL>
<BR>[Calls]<UL><LI><a href="#[84]">&gt;&gt;</a>&nbsp;&nbsp;&nbsp;ESP8266_Cmd
</UL>
<BR>[Called By]<UL><LI><a href="#[90]">&gt;&gt;</a>&nbsp;&nbsp;&nbsp;ESP8266_StaTcpClient_Unvarnish_ConfigTest
</UL>

<P><STRONG><a name="[92]"></a>ESP8266_print</STRONG> (Thumb, 22 bytes, Stack size 8 bytes, bsp_esp8266_test.o(i.ESP8266_print))
<BR><BR>[Stack]<UL><LI>Max Depth = 128<LI>Call Chain = ESP8266_print &rArr; ESP8266_SendString &rArr; ESP8266_Cmd &rArr; USART_printf
</UL>
<BR>[Calls]<UL><LI><a href="#[8f]">&gt;&gt;</a>&nbsp;&nbsp;&nbsp;ESP8266_SendString
</UL>
<BR>[Called By]<UL><LI><a href="#[4c]">&gt;&gt;</a>&nbsp;&nbsp;&nbsp;key_task_entry
<LI><a href="#[4b]">&gt;&gt;</a>&nbsp;&nbsp;&nbsp;get_SR04_task_entry
</UL>

<P><STRONG><a name="[d3]"></a>Error_Handler</STRONG> (Thumb, 4 bytes, Stack size 0 bytes, main.o(i.Error_Handler))
<BR><BR>[Called By]<UL><LI><a href="#[d6]">&gt;&gt;</a>&nbsp;&nbsp;&nbsp;MX_USART1_UART_Init
<LI><a href="#[d5]">&gt;&gt;</a>&nbsp;&nbsp;&nbsp;MX_TIM3_Init
<LI><a href="#[d2]">&gt;&gt;</a>&nbsp;&nbsp;&nbsp;MX_TIM2_Init
</UL>

<P><STRONG><a name="[bd]"></a>HAL_DMA_Abort</STRONG> (Thumb, 70 bytes, Stack size 8 bytes, stm32f1xx_hal_dma.o(i.HAL_DMA_Abort))
<BR><BR>[Stack]<UL><LI>Max Depth = 8<LI>Call Chain = HAL_DMA_Abort
</UL>
<BR>[Called By]<UL><LI><a href="#[b8]">&gt;&gt;</a>&nbsp;&nbsp;&nbsp;HAL_UART_IRQHandler
</UL>

<P><STRONG><a name="[bb]"></a>HAL_DMA_Abort_IT</STRONG> (Thumb, 296 bytes, Stack size 40 bytes, stm32f1xx_hal_dma.o(i.HAL_DMA_Abort_IT))
<BR><BR>[Stack]<UL><LI>Max Depth = 40<LI>Call Chain = HAL_DMA_Abort_IT
</UL>
<BR>[Called By]<UL><LI><a href="#[b8]">&gt;&gt;</a>&nbsp;&nbsp;&nbsp;HAL_UART_IRQHandler
</UL>

<P><STRONG><a name="[7f]"></a>HAL_GPIO_Init</STRONG> (Thumb, 462 bytes, Stack size 40 bytes, stm32f1xx_hal_gpio.o(i.HAL_GPIO_Init))
<BR><BR>[Stack]<UL><LI>Max Depth = 40<LI>Call Chain = HAL_GPIO_Init
</UL>
<BR>[Called By]<UL><LI><a href="#[c1]">&gt;&gt;</a>&nbsp;&nbsp;&nbsp;HAL_UART_MspInit
<LI><a href="#[9f]">&gt;&gt;</a>&nbsp;&nbsp;&nbsp;HAL_TIM_Base_MspInit
<LI><a href="#[cd]">&gt;&gt;</a>&nbsp;&nbsp;&nbsp;MX_GPIO_Init
<LI><a href="#[7e]">&gt;&gt;</a>&nbsp;&nbsp;&nbsp;BEEP_Init
</UL>

<P><STRONG><a name="[c6]"></a>HAL_GPIO_ReadPin</STRONG> (Thumb, 10 bytes, Stack size 0 bytes, stm32f1xx_hal_gpio.o(i.HAL_GPIO_ReadPin))
<BR><BR>[Called By]<UL><LI><a href="#[c5]">&gt;&gt;</a>&nbsp;&nbsp;&nbsp;KEY_Scan
</UL>

<P><STRONG><a name="[80]"></a>HAL_GPIO_WritePin</STRONG> (Thumb, 10 bytes, Stack size 0 bytes, stm32f1xx_hal_gpio.o(i.HAL_GPIO_WritePin))
<BR><BR>[Called By]<UL><LI><a href="#[cd]">&gt;&gt;</a>&nbsp;&nbsp;&nbsp;MX_GPIO_Init
<LI><a href="#[7e]">&gt;&gt;</a>&nbsp;&nbsp;&nbsp;BEEP_Init
<LI><a href="#[e2]">&gt;&gt;</a>&nbsp;&nbsp;&nbsp;SR04_GetData
<LI><a href="#[90]">&gt;&gt;</a>&nbsp;&nbsp;&nbsp;ESP8266_StaTcpClient_Unvarnish_ConfigTest
<LI><a href="#[8a]">&gt;&gt;</a>&nbsp;&nbsp;&nbsp;ESP8266_Init
<LI><a href="#[4d]">&gt;&gt;</a>&nbsp;&nbsp;&nbsp;beep_task_entry
<LI><a href="#[85]">&gt;&gt;</a>&nbsp;&nbsp;&nbsp;ESP8266_Rst
<LI><a href="#[81]">&gt;&gt;</a>&nbsp;&nbsp;&nbsp;ESP8266_AT_Test
</UL>

<P><STRONG><a name="[9b]"></a>HAL_GetTick</STRONG> (Thumb, 6 bytes, Stack size 0 bytes, stm32f1xx_hal.o(i.HAL_GetTick))
<BR><BR>[Called By]<UL><LI><a href="#[9d]">&gt;&gt;</a>&nbsp;&nbsp;&nbsp;HAL_RCC_OscConfig
<LI><a href="#[9a]">&gt;&gt;</a>&nbsp;&nbsp;&nbsp;HAL_RCC_ClockConfig
<LI><a href="#[c3]">&gt;&gt;</a>&nbsp;&nbsp;&nbsp;HAL_UART_Transmit
<LI><a href="#[c4]">&gt;&gt;</a>&nbsp;&nbsp;&nbsp;UART_WaitOnFlagUntilTimeout
</UL>

<P><STRONG><a name="[93]"></a>HAL_Init</STRONG> (Thumb, 32 bytes, Stack size 8 bytes, stm32f1xx_hal.o(i.HAL_Init))
<BR><BR>[Stack]<UL><LI>Max Depth = 40<LI>Call Chain = HAL_Init &rArr; HAL_InitTick &rArr; HAL_NVIC_SetPriority
</UL>
<BR>[Calls]<UL><LI><a href="#[96]">&gt;&gt;</a>&nbsp;&nbsp;&nbsp;HAL_MspInit
<LI><a href="#[95]">&gt;&gt;</a>&nbsp;&nbsp;&nbsp;HAL_InitTick
<LI><a href="#[94]">&gt;&gt;</a>&nbsp;&nbsp;&nbsp;HAL_NVIC_SetPriorityGrouping
</UL>
<BR>[Called By]<UL><LI><a href="#[125]">&gt;&gt;</a>&nbsp;&nbsp;&nbsp;rt_hw_board_init
<LI><a href="#[11e]">&gt;&gt;</a>&nbsp;&nbsp;&nbsp;$Super$$main
</UL>

<P><STRONG><a name="[95]"></a>HAL_InitTick</STRONG> (Thumb, 54 bytes, Stack size 16 bytes, stm32f1xx_hal.o(i.HAL_InitTick))
<BR><BR>[Stack]<UL><LI>Max Depth = 32<LI>Call Chain = HAL_InitTick &rArr; HAL_NVIC_SetPriority
</UL>
<BR>[Calls]<UL><LI><a href="#[98]">&gt;&gt;</a>&nbsp;&nbsp;&nbsp;HAL_NVIC_SetPriority
<LI><a href="#[97]">&gt;&gt;</a>&nbsp;&nbsp;&nbsp;HAL_SYSTICK_Config
</UL>
<BR>[Called By]<UL><LI><a href="#[9a]">&gt;&gt;</a>&nbsp;&nbsp;&nbsp;HAL_RCC_ClockConfig
<LI><a href="#[93]">&gt;&gt;</a>&nbsp;&nbsp;&nbsp;HAL_Init
</UL>

<P><STRONG><a name="[96]"></a>HAL_MspInit</STRONG> (Thumb, 38 bytes, Stack size 8 bytes, stm32f1xx_hal_msp.o(i.HAL_MspInit))
<BR><BR>[Stack]<UL><LI>Max Depth = 8<LI>Call Chain = HAL_MspInit
</UL>
<BR>[Called By]<UL><LI><a href="#[93]">&gt;&gt;</a>&nbsp;&nbsp;&nbsp;HAL_Init
</UL>

<P><STRONG><a name="[a1]"></a>HAL_NVIC_EnableIRQ</STRONG> (Thumb, 26 bytes, Stack size 0 bytes, stm32f1xx_hal_cortex.o(i.HAL_NVIC_EnableIRQ))
<BR><BR>[Called By]<UL><LI><a href="#[c1]">&gt;&gt;</a>&nbsp;&nbsp;&nbsp;HAL_UART_MspInit
<LI><a href="#[9f]">&gt;&gt;</a>&nbsp;&nbsp;&nbsp;HAL_TIM_Base_MspInit
</UL>

<P><STRONG><a name="[98]"></a>HAL_NVIC_SetPriority</STRONG> (Thumb, 60 bytes, Stack size 16 bytes, stm32f1xx_hal_cortex.o(i.HAL_NVIC_SetPriority))
<BR><BR>[Stack]<UL><LI>Max Depth = 16<LI>Call Chain = HAL_NVIC_SetPriority
</UL>
<BR>[Calls]<UL><LI><a href="#[99]">&gt;&gt;</a>&nbsp;&nbsp;&nbsp;__NVIC_SetPriority
</UL>
<BR>[Called By]<UL><LI><a href="#[c1]">&gt;&gt;</a>&nbsp;&nbsp;&nbsp;HAL_UART_MspInit
<LI><a href="#[9f]">&gt;&gt;</a>&nbsp;&nbsp;&nbsp;HAL_TIM_Base_MspInit
<LI><a href="#[95]">&gt;&gt;</a>&nbsp;&nbsp;&nbsp;HAL_InitTick
</UL>

<P><STRONG><a name="[94]"></a>HAL_NVIC_SetPriorityGrouping</STRONG> (Thumb, 26 bytes, Stack size 0 bytes, stm32f1xx_hal_cortex.o(i.HAL_NVIC_SetPriorityGrouping))
<BR><BR>[Called By]<UL><LI><a href="#[93]">&gt;&gt;</a>&nbsp;&nbsp;&nbsp;HAL_Init
</UL>

<P><STRONG><a name="[9a]"></a>HAL_RCC_ClockConfig</STRONG> (Thumb, 280 bytes, Stack size 32 bytes, stm32f1xx_hal_rcc.o(i.HAL_RCC_ClockConfig))
<BR><BR>[Stack]<UL><LI>Max Depth = 64<LI>Call Chain = HAL_RCC_ClockConfig &rArr; HAL_InitTick &rArr; HAL_NVIC_SetPriority
</UL>
<BR>[Calls]<UL><LI><a href="#[9c]">&gt;&gt;</a>&nbsp;&nbsp;&nbsp;HAL_RCC_GetSysClockFreq
<LI><a href="#[95]">&gt;&gt;</a>&nbsp;&nbsp;&nbsp;HAL_InitTick
<LI><a href="#[9b]">&gt;&gt;</a>&nbsp;&nbsp;&nbsp;HAL_GetTick
</UL>
<BR>[Called By]<UL><LI><a href="#[ea]">&gt;&gt;</a>&nbsp;&nbsp;&nbsp;SystemClock_Config
</UL>

<P><STRONG><a name="[105]"></a>HAL_RCC_GetHCLKFreq</STRONG> (Thumb, 6 bytes, Stack size 0 bytes, stm32f1xx_hal_rcc.o(i.HAL_RCC_GetHCLKFreq))
<BR><BR>[Called By]<UL><LI><a href="#[125]">&gt;&gt;</a>&nbsp;&nbsp;&nbsp;rt_hw_board_init
<LI><a href="#[e6]">&gt;&gt;</a>&nbsp;&nbsp;&nbsp;delay_us
</UL>

<P><STRONG><a name="[ed]"></a>HAL_RCC_GetPCLK1Freq</STRONG> (Thumb, 20 bytes, Stack size 0 bytes, stm32f1xx_hal_rcc.o(i.HAL_RCC_GetPCLK1Freq))
<BR><BR>[Called By]<UL><LI><a href="#[c2]">&gt;&gt;</a>&nbsp;&nbsp;&nbsp;UART_SetConfig
</UL>

<P><STRONG><a name="[ec]"></a>HAL_RCC_GetPCLK2Freq</STRONG> (Thumb, 20 bytes, Stack size 0 bytes, stm32f1xx_hal_rcc.o(i.HAL_RCC_GetPCLK2Freq))
<BR><BR>[Called By]<UL><LI><a href="#[c2]">&gt;&gt;</a>&nbsp;&nbsp;&nbsp;UART_SetConfig
</UL>

<P><STRONG><a name="[9c]"></a>HAL_RCC_GetSysClockFreq</STRONG> (Thumb, 58 bytes, Stack size 0 bytes, stm32f1xx_hal_rcc.o(i.HAL_RCC_GetSysClockFreq))
<BR><BR>[Called By]<UL><LI><a href="#[9a]">&gt;&gt;</a>&nbsp;&nbsp;&nbsp;HAL_RCC_ClockConfig
</UL>

<P><STRONG><a name="[9d]"></a>HAL_RCC_OscConfig</STRONG> (Thumb, 778 bytes, Stack size 40 bytes, stm32f1xx_hal_rcc.o(i.HAL_RCC_OscConfig))
<BR><BR>[Stack]<UL><LI>Max Depth = 40<LI>Call Chain = HAL_RCC_OscConfig
</UL>
<BR>[Calls]<UL><LI><a href="#[9b]">&gt;&gt;</a>&nbsp;&nbsp;&nbsp;HAL_GetTick
</UL>
<BR>[Called By]<UL><LI><a href="#[ea]">&gt;&gt;</a>&nbsp;&nbsp;&nbsp;SystemClock_Config
</UL>

<P><STRONG><a name="[97]"></a>HAL_SYSTICK_Config</STRONG> (Thumb, 40 bytes, Stack size 8 bytes, stm32f1xx_hal_cortex.o(i.HAL_SYSTICK_Config))
<BR><BR>[Stack]<UL><LI>Max Depth = 8<LI>Call Chain = HAL_SYSTICK_Config
</UL>
<BR>[Calls]<UL><LI><a href="#[99]">&gt;&gt;</a>&nbsp;&nbsp;&nbsp;__NVIC_SetPriority
</UL>
<BR>[Called By]<UL><LI><a href="#[95]">&gt;&gt;</a>&nbsp;&nbsp;&nbsp;HAL_InitTick
<LI><a href="#[125]">&gt;&gt;</a>&nbsp;&nbsp;&nbsp;rt_hw_board_init
</UL>

<P><STRONG><a name="[b5]"></a>HAL_TIMEx_BreakCallback</STRONG> (Thumb, 2 bytes, Stack size 0 bytes, stm32f1xx_hal_tim_ex.o(i.HAL_TIMEx_BreakCallback))
<BR><BR>[Called By]<UL><LI><a href="#[b1]">&gt;&gt;</a>&nbsp;&nbsp;&nbsp;HAL_TIM_IRQHandler
</UL>

<P><STRONG><a name="[b7]"></a>HAL_TIMEx_CommutCallback</STRONG> (Thumb, 2 bytes, Stack size 0 bytes, stm32f1xx_hal_tim_ex.o(i.HAL_TIMEx_CommutCallback))
<BR><BR>[Called By]<UL><LI><a href="#[b1]">&gt;&gt;</a>&nbsp;&nbsp;&nbsp;HAL_TIM_IRQHandler
</UL>

<P><STRONG><a name="[d4]"></a>HAL_TIMEx_MasterConfigSynchronization</STRONG> (Thumb, 104 bytes, Stack size 16 bytes, stm32f1xx_hal_tim_ex.o(i.HAL_TIMEx_MasterConfigSynchronization))
<BR><BR>[Stack]<UL><LI>Max Depth = 16<LI>Call Chain = HAL_TIMEx_MasterConfigSynchronization
</UL>
<BR>[Called By]<UL><LI><a href="#[d5]">&gt;&gt;</a>&nbsp;&nbsp;&nbsp;MX_TIM3_Init
<LI><a href="#[d2]">&gt;&gt;</a>&nbsp;&nbsp;&nbsp;MX_TIM2_Init
</UL>

<P><STRONG><a name="[9e]"></a>HAL_TIM_Base_Init</STRONG> (Thumb, 90 bytes, Stack size 8 bytes, stm32f1xx_hal_tim.o(i.HAL_TIM_Base_Init))
<BR><BR>[Stack]<UL><LI>Max Depth = 72<LI>Call Chain = HAL_TIM_Base_Init &rArr; HAL_TIM_Base_MspInit &rArr; HAL_GPIO_Init
</UL>
<BR>[Calls]<UL><LI><a href="#[9f]">&gt;&gt;</a>&nbsp;&nbsp;&nbsp;HAL_TIM_Base_MspInit
<LI><a href="#[a0]">&gt;&gt;</a>&nbsp;&nbsp;&nbsp;TIM_Base_SetConfig
</UL>
<BR>[Called By]<UL><LI><a href="#[d5]">&gt;&gt;</a>&nbsp;&nbsp;&nbsp;MX_TIM3_Init
<LI><a href="#[d2]">&gt;&gt;</a>&nbsp;&nbsp;&nbsp;MX_TIM2_Init
</UL>

<P><STRONG><a name="[9f]"></a>HAL_TIM_Base_MspInit</STRONG> (Thumb, 112 bytes, Stack size 24 bytes, tim.o(i.HAL_TIM_Base_MspInit))
<BR><BR>[Stack]<UL><LI>Max Depth = 64<LI>Call Chain = HAL_TIM_Base_MspInit &rArr; HAL_GPIO_Init
</UL>
<BR>[Calls]<UL><LI><a href="#[98]">&gt;&gt;</a>&nbsp;&nbsp;&nbsp;HAL_NVIC_SetPriority
<LI><a href="#[a1]">&gt;&gt;</a>&nbsp;&nbsp;&nbsp;HAL_NVIC_EnableIRQ
<LI><a href="#[7f]">&gt;&gt;</a>&nbsp;&nbsp;&nbsp;HAL_GPIO_Init
</UL>
<BR>[Called By]<UL><LI><a href="#[9e]">&gt;&gt;</a>&nbsp;&nbsp;&nbsp;HAL_TIM_Base_Init
</UL>

<P><STRONG><a name="[a2]"></a>HAL_TIM_ConfigClockSource</STRONG> (Thumb, 220 bytes, Stack size 16 bytes, stm32f1xx_hal_tim.o(i.HAL_TIM_ConfigClockSource))
<BR><BR>[Stack]<UL><LI>Max Depth = 24<LI>Call Chain = HAL_TIM_ConfigClockSource &rArr; TIM_TI2_ConfigInputStage
</UL>
<BR>[Calls]<UL><LI><a href="#[a5]">&gt;&gt;</a>&nbsp;&nbsp;&nbsp;TIM_TI2_ConfigInputStage
<LI><a href="#[a4]">&gt;&gt;</a>&nbsp;&nbsp;&nbsp;TIM_TI1_ConfigInputStage
<LI><a href="#[a6]">&gt;&gt;</a>&nbsp;&nbsp;&nbsp;TIM_ITRx_SetConfig
<LI><a href="#[a3]">&gt;&gt;</a>&nbsp;&nbsp;&nbsp;TIM_ETR_SetConfig
</UL>
<BR>[Called By]<UL><LI><a href="#[d5]">&gt;&gt;</a>&nbsp;&nbsp;&nbsp;MX_TIM3_Init
<LI><a href="#[d2]">&gt;&gt;</a>&nbsp;&nbsp;&nbsp;MX_TIM2_Init
</UL>

<P><STRONG><a name="[a7]"></a>HAL_TIM_IC_CaptureCallback</STRONG> (Thumb, 84 bytes, Stack size 16 bytes, sr04.o(i.HAL_TIM_IC_CaptureCallback))
<BR><BR>[Stack]<UL><LI>Max Depth = 40<LI>Call Chain = HAL_TIM_IC_CaptureCallback &rArr; HAL_TIM_IC_Stop_IT &rArr; TIM_CCxChannelCmd
</UL>
<BR>[Calls]<UL><LI><a href="#[a8]">&gt;&gt;</a>&nbsp;&nbsp;&nbsp;HAL_TIM_ReadCapturedValue
<LI><a href="#[a9]">&gt;&gt;</a>&nbsp;&nbsp;&nbsp;HAL_TIM_IC_Stop_IT
</UL>
<BR>[Called By]<UL><LI><a href="#[b1]">&gt;&gt;</a>&nbsp;&nbsp;&nbsp;HAL_TIM_IRQHandler
</UL>

<P><STRONG><a name="[aa]"></a>HAL_TIM_IC_ConfigChannel</STRONG> (Thumb, 292 bytes, Stack size 24 bytes, stm32f1xx_hal_tim.o(i.HAL_TIM_IC_ConfigChannel))
<BR><BR>[Stack]<UL><LI>Max Depth = 40<LI>Call Chain = HAL_TIM_IC_ConfigChannel &rArr; TIM_TI1_SetConfig
</UL>
<BR>[Calls]<UL><LI><a href="#[ac]">&gt;&gt;</a>&nbsp;&nbsp;&nbsp;TIM_TI2_SetConfig
<LI><a href="#[ab]">&gt;&gt;</a>&nbsp;&nbsp;&nbsp;TIM_TI1_SetConfig
</UL>
<BR>[Called By]<UL><LI><a href="#[d2]">&gt;&gt;</a>&nbsp;&nbsp;&nbsp;MX_TIM2_Init
</UL>

<P><STRONG><a name="[ad]"></a>HAL_TIM_IC_Init</STRONG> (Thumb, 90 bytes, Stack size 8 bytes, stm32f1xx_hal_tim.o(i.HAL_TIM_IC_Init))
<BR><BR>[Stack]<UL><LI>Max Depth = 28<LI>Call Chain = HAL_TIM_IC_Init &rArr; TIM_Base_SetConfig
</UL>
<BR>[Calls]<UL><LI><a href="#[ae]">&gt;&gt;</a>&nbsp;&nbsp;&nbsp;HAL_TIM_IC_MspInit
<LI><a href="#[a0]">&gt;&gt;</a>&nbsp;&nbsp;&nbsp;TIM_Base_SetConfig
</UL>
<BR>[Called By]<UL><LI><a href="#[d2]">&gt;&gt;</a>&nbsp;&nbsp;&nbsp;MX_TIM2_Init
</UL>

<P><STRONG><a name="[ae]"></a>HAL_TIM_IC_MspInit</STRONG> (Thumb, 2 bytes, Stack size 0 bytes, stm32f1xx_hal_tim.o(i.HAL_TIM_IC_MspInit))
<BR><BR>[Called By]<UL><LI><a href="#[ad]">&gt;&gt;</a>&nbsp;&nbsp;&nbsp;HAL_TIM_IC_Init
</UL>

<P><STRONG><a name="[af]"></a>HAL_TIM_IC_Start_IT</STRONG> (Thumb, 228 bytes, Stack size 12 bytes, stm32f1xx_hal_tim.o(i.HAL_TIM_IC_Start_IT))
<BR><BR>[Stack]<UL><LI>Max Depth = 20<LI>Call Chain = HAL_TIM_IC_Start_IT &rArr; TIM_CCxChannelCmd
</UL>
<BR>[Calls]<UL><LI><a href="#[b0]">&gt;&gt;</a>&nbsp;&nbsp;&nbsp;TIM_CCxChannelCmd
</UL>
<BR>[Called By]<UL><LI><a href="#[e2]">&gt;&gt;</a>&nbsp;&nbsp;&nbsp;SR04_GetData
</UL>

<P><STRONG><a name="[a9]"></a>HAL_TIM_IC_Stop_IT</STRONG> (Thumb, 146 bytes, Stack size 16 bytes, stm32f1xx_hal_tim.o(i.HAL_TIM_IC_Stop_IT))
<BR><BR>[Stack]<UL><LI>Max Depth = 24<LI>Call Chain = HAL_TIM_IC_Stop_IT &rArr; TIM_CCxChannelCmd
</UL>
<BR>[Calls]<UL><LI><a href="#[b0]">&gt;&gt;</a>&nbsp;&nbsp;&nbsp;TIM_CCxChannelCmd
</UL>
<BR>[Called By]<UL><LI><a href="#[a7]">&gt;&gt;</a>&nbsp;&nbsp;&nbsp;HAL_TIM_IC_CaptureCallback
</UL>

<P><STRONG><a name="[b1]"></a>HAL_TIM_IRQHandler</STRONG> (Thumb, 358 bytes, Stack size 16 bytes, stm32f1xx_hal_tim.o(i.HAL_TIM_IRQHandler))
<BR><BR>[Stack]<UL><LI>Max Depth = 56<LI>Call Chain = HAL_TIM_IRQHandler &rArr; HAL_TIM_IC_CaptureCallback &rArr; HAL_TIM_IC_Stop_IT &rArr; TIM_CCxChannelCmd
</UL>
<BR>[Calls]<UL><LI><a href="#[a7]">&gt;&gt;</a>&nbsp;&nbsp;&nbsp;HAL_TIM_IC_CaptureCallback
<LI><a href="#[b6]">&gt;&gt;</a>&nbsp;&nbsp;&nbsp;HAL_TIM_TriggerCallback
<LI><a href="#[b4]">&gt;&gt;</a>&nbsp;&nbsp;&nbsp;HAL_TIM_PeriodElapsedCallback
<LI><a href="#[b3]">&gt;&gt;</a>&nbsp;&nbsp;&nbsp;HAL_TIM_PWM_PulseFinishedCallback
<LI><a href="#[b2]">&gt;&gt;</a>&nbsp;&nbsp;&nbsp;HAL_TIM_OC_DelayElapsedCallback
<LI><a href="#[b7]">&gt;&gt;</a>&nbsp;&nbsp;&nbsp;HAL_TIMEx_CommutCallback
<LI><a href="#[b5]">&gt;&gt;</a>&nbsp;&nbsp;&nbsp;HAL_TIMEx_BreakCallback
</UL>
<BR>[Called By]<UL><LI><a href="#[26]">&gt;&gt;</a>&nbsp;&nbsp;&nbsp;TIM2_IRQHandler
</UL>

<P><STRONG><a name="[b2]"></a>HAL_TIM_OC_DelayElapsedCallback</STRONG> (Thumb, 2 bytes, Stack size 0 bytes, stm32f1xx_hal_tim.o(i.HAL_TIM_OC_DelayElapsedCallback))
<BR><BR>[Called By]<UL><LI><a href="#[b1]">&gt;&gt;</a>&nbsp;&nbsp;&nbsp;HAL_TIM_IRQHandler
</UL>

<P><STRONG><a name="[b3]"></a>HAL_TIM_PWM_PulseFinishedCallback</STRONG> (Thumb, 2 bytes, Stack size 0 bytes, stm32f1xx_hal_tim.o(i.HAL_TIM_PWM_PulseFinishedCallback))
<BR><BR>[Called By]<UL><LI><a href="#[b1]">&gt;&gt;</a>&nbsp;&nbsp;&nbsp;HAL_TIM_IRQHandler
</UL>

<P><STRONG><a name="[b4]"></a>HAL_TIM_PeriodElapsedCallback</STRONG> (Thumb, 2 bytes, Stack size 0 bytes, stm32f1xx_hal_tim.o(i.HAL_TIM_PeriodElapsedCallback))
<BR><BR>[Called By]<UL><LI><a href="#[b1]">&gt;&gt;</a>&nbsp;&nbsp;&nbsp;HAL_TIM_IRQHandler
</UL>

<P><STRONG><a name="[a8]"></a>HAL_TIM_ReadCapturedValue</STRONG> (Thumb, 42 bytes, Stack size 0 bytes, stm32f1xx_hal_tim.o(i.HAL_TIM_ReadCapturedValue))
<BR><BR>[Called By]<UL><LI><a href="#[a7]">&gt;&gt;</a>&nbsp;&nbsp;&nbsp;HAL_TIM_IC_CaptureCallback
</UL>

<P><STRONG><a name="[b6]"></a>HAL_TIM_TriggerCallback</STRONG> (Thumb, 2 bytes, Stack size 0 bytes, stm32f1xx_hal_tim.o(i.HAL_TIM_TriggerCallback))
<BR><BR>[Called By]<UL><LI><a href="#[b1]">&gt;&gt;</a>&nbsp;&nbsp;&nbsp;HAL_TIM_IRQHandler
</UL>

<P><STRONG><a name="[be]"></a>HAL_UARTEx_RxEventCallback</STRONG> (Thumb, 2 bytes, Stack size 0 bytes, stm32f1xx_hal_uart.o(i.HAL_UARTEx_RxEventCallback))
<BR><BR>[Called By]<UL><LI><a href="#[b8]">&gt;&gt;</a>&nbsp;&nbsp;&nbsp;HAL_UART_IRQHandler
<LI><a href="#[b9]">&gt;&gt;</a>&nbsp;&nbsp;&nbsp;UART_Receive_IT
</UL>

<P><STRONG><a name="[bc]"></a>HAL_UART_ErrorCallback</STRONG> (Thumb, 2 bytes, Stack size 0 bytes, stm32f1xx_hal_uart.o(i.HAL_UART_ErrorCallback))
<BR><BR>[Called By]<UL><LI><a href="#[b8]">&gt;&gt;</a>&nbsp;&nbsp;&nbsp;HAL_UART_IRQHandler
<LI><a href="#[49]">&gt;&gt;</a>&nbsp;&nbsp;&nbsp;UART_DMAAbortOnError
</UL>

<P><STRONG><a name="[b8]"></a>HAL_UART_IRQHandler</STRONG> (Thumb, 616 bytes, Stack size 24 bytes, stm32f1xx_hal_uart.o(i.HAL_UART_IRQHandler))
<BR><BR>[Stack]<UL><LI>Max Depth = 64<LI>Call Chain = HAL_UART_IRQHandler &rArr; HAL_DMA_Abort_IT
</UL>
<BR>[Calls]<UL><LI><a href="#[bb]">&gt;&gt;</a>&nbsp;&nbsp;&nbsp;HAL_DMA_Abort_IT
<LI><a href="#[bd]">&gt;&gt;</a>&nbsp;&nbsp;&nbsp;HAL_DMA_Abort
<LI><a href="#[bf]">&gt;&gt;</a>&nbsp;&nbsp;&nbsp;HAL_UART_TxCpltCallback
<LI><a href="#[bc]">&gt;&gt;</a>&nbsp;&nbsp;&nbsp;HAL_UART_ErrorCallback
<LI><a href="#[be]">&gt;&gt;</a>&nbsp;&nbsp;&nbsp;HAL_UARTEx_RxEventCallback
<LI><a href="#[b9]">&gt;&gt;</a>&nbsp;&nbsp;&nbsp;UART_Receive_IT
<LI><a href="#[ba]">&gt;&gt;</a>&nbsp;&nbsp;&nbsp;UART_EndRxTransfer
</UL>
<BR>[Called By]<UL><LI><a href="#[2f]">&gt;&gt;</a>&nbsp;&nbsp;&nbsp;USART1_IRQHandler
</UL>

<P><STRONG><a name="[c0]"></a>HAL_UART_Init</STRONG> (Thumb, 100 bytes, Stack size 16 bytes, stm32f1xx_hal_uart.o(i.HAL_UART_Init))
<BR><BR>[Stack]<UL><LI>Max Depth = 88<LI>Call Chain = HAL_UART_Init &rArr; HAL_UART_MspInit &rArr; HAL_GPIO_Init
</UL>
<BR>[Calls]<UL><LI><a href="#[c1]">&gt;&gt;</a>&nbsp;&nbsp;&nbsp;HAL_UART_MspInit
<LI><a href="#[c2]">&gt;&gt;</a>&nbsp;&nbsp;&nbsp;UART_SetConfig
</UL>
<BR>[Called By]<UL><LI><a href="#[d6]">&gt;&gt;</a>&nbsp;&nbsp;&nbsp;MX_USART1_UART_Init
<LI><a href="#[57]">&gt;&gt;</a>&nbsp;&nbsp;&nbsp;uart_init
</UL>

<P><STRONG><a name="[c1]"></a>HAL_UART_MspInit</STRONG> (Thumb, 116 bytes, Stack size 32 bytes, usart.o(i.HAL_UART_MspInit))
<BR><BR>[Stack]<UL><LI>Max Depth = 72<LI>Call Chain = HAL_UART_MspInit &rArr; HAL_GPIO_Init
</UL>
<BR>[Calls]<UL><LI><a href="#[98]">&gt;&gt;</a>&nbsp;&nbsp;&nbsp;HAL_NVIC_SetPriority
<LI><a href="#[a1]">&gt;&gt;</a>&nbsp;&nbsp;&nbsp;HAL_NVIC_EnableIRQ
<LI><a href="#[7f]">&gt;&gt;</a>&nbsp;&nbsp;&nbsp;HAL_GPIO_Init
</UL>
<BR>[Called By]<UL><LI><a href="#[c0]">&gt;&gt;</a>&nbsp;&nbsp;&nbsp;HAL_UART_Init
</UL>

<P><STRONG><a name="[eb]"></a>HAL_UART_RxCpltCallback</STRONG> (Thumb, 2 bytes, Stack size 0 bytes, stm32f1xx_hal_uart.o(i.HAL_UART_RxCpltCallback))
<BR><BR>[Called By]<UL><LI><a href="#[b9]">&gt;&gt;</a>&nbsp;&nbsp;&nbsp;UART_Receive_IT
</UL>

<P><STRONG><a name="[c3]"></a>HAL_UART_Transmit</STRONG> (Thumb, 154 bytes, Stack size 32 bytes, stm32f1xx_hal_uart.o(i.HAL_UART_Transmit))
<BR><BR>[Stack]<UL><LI>Max Depth = 56<LI>Call Chain = HAL_UART_Transmit &rArr; UART_WaitOnFlagUntilTimeout
</UL>
<BR>[Calls]<UL><LI><a href="#[9b]">&gt;&gt;</a>&nbsp;&nbsp;&nbsp;HAL_GetTick
<LI><a href="#[c4]">&gt;&gt;</a>&nbsp;&nbsp;&nbsp;UART_WaitOnFlagUntilTimeout
</UL>
<BR>[Called By]<UL><LI><a href="#[129]">&gt;&gt;</a>&nbsp;&nbsp;&nbsp;rt_hw_console_output
</UL>

<P><STRONG><a name="[bf]"></a>HAL_UART_TxCpltCallback</STRONG> (Thumb, 2 bytes, Stack size 0 bytes, stm32f1xx_hal_uart.o(i.HAL_UART_TxCpltCallback))
<BR><BR>[Called By]<UL><LI><a href="#[b8]">&gt;&gt;</a>&nbsp;&nbsp;&nbsp;HAL_UART_IRQHandler
</UL>

<P><STRONG><a name="[c5]"></a>KEY_Scan</STRONG> (Thumb, 104 bytes, Stack size 16 bytes, key.o(i.KEY_Scan))
<BR><BR>[Stack]<UL><LI>Max Depth = 72<LI>Call Chain = KEY_Scan &rArr; rt_thread_delay &rArr; rt_thread_sleep &rArr; rt_timer_start
</UL>
<BR>[Calls]<UL><LI><a href="#[83]">&gt;&gt;</a>&nbsp;&nbsp;&nbsp;rt_thread_delay
<LI><a href="#[c6]">&gt;&gt;</a>&nbsp;&nbsp;&nbsp;HAL_GPIO_ReadPin
</UL>
<BR>[Called By]<UL><LI><a href="#[4c]">&gt;&gt;</a>&nbsp;&nbsp;&nbsp;key_task_entry
</UL>

<P><STRONG><a name="[da]"></a>LL_GPIO_Init</STRONG> (Thumb, 240 bytes, Stack size 20 bytes, stm32f1xx_ll_gpio.o(i.LL_GPIO_Init))
<BR><BR>[Stack]<UL><LI>Max Depth = 20<LI>Call Chain = LL_GPIO_Init
</UL>
<BR>[Called By]<UL><LI><a href="#[e0]">&gt;&gt;</a>&nbsp;&nbsp;&nbsp;MX_USART3_UART_Init
<LI><a href="#[d7]">&gt;&gt;</a>&nbsp;&nbsp;&nbsp;MX_USART2_UART_Init
</UL>

<P><STRONG><a name="[c7]"></a>LL_RCC_GetSystemClocksFreq</STRONG> (Thumb, 32 bytes, Stack size 4 bytes, stm32f1xx_ll_rcc.o(i.LL_RCC_GetSystemClocksFreq))
<BR><BR>[Stack]<UL><LI>Max Depth = 4<LI>Call Chain = LL_RCC_GetSystemClocksFreq
</UL>
<BR>[Calls]<UL><LI><a href="#[c8]">&gt;&gt;</a>&nbsp;&nbsp;&nbsp;RCC_GetSystemClockFreq
<LI><a href="#[cb]">&gt;&gt;</a>&nbsp;&nbsp;&nbsp;RCC_GetPCLK2ClockFreq
<LI><a href="#[ca]">&gt;&gt;</a>&nbsp;&nbsp;&nbsp;RCC_GetPCLK1ClockFreq
<LI><a href="#[c9]">&gt;&gt;</a>&nbsp;&nbsp;&nbsp;RCC_GetHCLKClockFreq
</UL>
<BR>[Called By]<UL><LI><a href="#[cc]">&gt;&gt;</a>&nbsp;&nbsp;&nbsp;LL_USART_Init
</UL>

<P><STRONG><a name="[cc]"></a>LL_USART_Init</STRONG> (Thumb, 224 bytes, Stack size 40 bytes, stm32f1xx_ll_usart.o(i.LL_USART_Init))
<BR><BR>[Stack]<UL><LI>Max Depth = 44<LI>Call Chain = LL_USART_Init &rArr; LL_RCC_GetSystemClocksFreq
</UL>
<BR>[Calls]<UL><LI><a href="#[c7]">&gt;&gt;</a>&nbsp;&nbsp;&nbsp;LL_RCC_GetSystemClocksFreq
</UL>
<BR>[Called By]<UL><LI><a href="#[e0]">&gt;&gt;</a>&nbsp;&nbsp;&nbsp;MX_USART3_UART_Init
<LI><a href="#[d7]">&gt;&gt;</a>&nbsp;&nbsp;&nbsp;MX_USART2_UART_Init
</UL>

<P><STRONG><a name="[cd]"></a>MX_GPIO_Init</STRONG> (Thumb, 204 bytes, Stack size 56 bytes, gpio.o(i.MX_GPIO_Init))
<BR><BR>[Stack]<UL><LI>Max Depth = 96<LI>Call Chain = MX_GPIO_Init &rArr; HAL_GPIO_Init
</UL>
<BR>[Calls]<UL><LI><a href="#[7f]">&gt;&gt;</a>&nbsp;&nbsp;&nbsp;HAL_GPIO_Init
<LI><a href="#[80]">&gt;&gt;</a>&nbsp;&nbsp;&nbsp;HAL_GPIO_WritePin
</UL>
<BR>[Called By]<UL><LI><a href="#[11e]">&gt;&gt;</a>&nbsp;&nbsp;&nbsp;$Super$$main
</UL>

<P><STRONG><a name="[ce]"></a>MX_RT_Thread_Init</STRONG> (Thumb, 146 bytes, Stack size 32 bytes, app_rt_thread.o(i.MX_RT_Thread_Init))
<BR><BR>[Stack]<UL><LI>Max Depth = 192<LI>Call Chain = MX_RT_Thread_Init &rArr; rt_thread_init &rArr; _rt_thread_init &rArr; rt_timer_init &rArr; rt_object_init &rArr; rt_exit_critical &rArr; rt_schedule
</UL>
<BR>[Calls]<UL><LI><a href="#[d0]">&gt;&gt;</a>&nbsp;&nbsp;&nbsp;rt_thread_startup
<LI><a href="#[cf]">&gt;&gt;</a>&nbsp;&nbsp;&nbsp;rt_thread_init
</UL>
<BR>[Called By]<UL><LI><a href="#[11e]">&gt;&gt;</a>&nbsp;&nbsp;&nbsp;$Super$$main
</UL>

<P><STRONG><a name="[d1]"></a>MX_RT_Thread_Process</STRONG> (Thumb, 20 bytes, Stack size 8 bytes, app_rt_thread.o(i.MX_RT_Thread_Process))
<BR><BR>[Stack]<UL><LI>Max Depth = 352<LI>Call Chain = MX_RT_Thread_Process &rArr; ESP8266_StaTcpClient_Unvarnish_ConfigTest &rArr; ESP8266_Link_Server &rArr; ESP8266_Cmd &rArr; USART_printf
</UL>
<BR>[Calls]<UL><LI><a href="#[90]">&gt;&gt;</a>&nbsp;&nbsp;&nbsp;ESP8266_StaTcpClient_Unvarnish_ConfigTest
<LI><a href="#[8a]">&gt;&gt;</a>&nbsp;&nbsp;&nbsp;ESP8266_Init
<LI><a href="#[82]">&gt;&gt;</a>&nbsp;&nbsp;&nbsp;__2printf
</UL>
<BR>[Called By]<UL><LI><a href="#[11e]">&gt;&gt;</a>&nbsp;&nbsp;&nbsp;$Super$$main
</UL>

<P><STRONG><a name="[d2]"></a>MX_TIM2_Init</STRONG> (Thumb, 144 bytes, Stack size 48 bytes, tim.o(i.MX_TIM2_Init))
<BR><BR>[Stack]<UL><LI>Max Depth = 120<LI>Call Chain = MX_TIM2_Init &rArr; HAL_TIM_Base_Init &rArr; HAL_TIM_Base_MspInit &rArr; HAL_GPIO_Init
</UL>
<BR>[Calls]<UL><LI><a href="#[ad]">&gt;&gt;</a>&nbsp;&nbsp;&nbsp;HAL_TIM_IC_Init
<LI><a href="#[aa]">&gt;&gt;</a>&nbsp;&nbsp;&nbsp;HAL_TIM_IC_ConfigChannel
<LI><a href="#[a2]">&gt;&gt;</a>&nbsp;&nbsp;&nbsp;HAL_TIM_ConfigClockSource
<LI><a href="#[9e]">&gt;&gt;</a>&nbsp;&nbsp;&nbsp;HAL_TIM_Base_Init
<LI><a href="#[d4]">&gt;&gt;</a>&nbsp;&nbsp;&nbsp;HAL_TIMEx_MasterConfigSynchronization
<LI><a href="#[d3]">&gt;&gt;</a>&nbsp;&nbsp;&nbsp;Error_Handler
</UL>
<BR>[Called By]<UL><LI><a href="#[11e]">&gt;&gt;</a>&nbsp;&nbsp;&nbsp;$Super$$main
</UL>

<P><STRONG><a name="[d5]"></a>MX_TIM3_Init</STRONG> (Thumb, 96 bytes, Stack size 32 bytes, tim.o(i.MX_TIM3_Init))
<BR><BR>[Stack]<UL><LI>Max Depth = 104<LI>Call Chain = MX_TIM3_Init &rArr; HAL_TIM_Base_Init &rArr; HAL_TIM_Base_MspInit &rArr; HAL_GPIO_Init
</UL>
<BR>[Calls]<UL><LI><a href="#[a2]">&gt;&gt;</a>&nbsp;&nbsp;&nbsp;HAL_TIM_ConfigClockSource
<LI><a href="#[9e]">&gt;&gt;</a>&nbsp;&nbsp;&nbsp;HAL_TIM_Base_Init
<LI><a href="#[d4]">&gt;&gt;</a>&nbsp;&nbsp;&nbsp;HAL_TIMEx_MasterConfigSynchronization
<LI><a href="#[d3]">&gt;&gt;</a>&nbsp;&nbsp;&nbsp;Error_Handler
</UL>
<BR>[Called By]<UL><LI><a href="#[11e]">&gt;&gt;</a>&nbsp;&nbsp;&nbsp;$Super$$main
</UL>

<P><STRONG><a name="[d6]"></a>MX_USART1_UART_Init</STRONG> (Thumb, 48 bytes, Stack size 8 bytes, usart.o(i.MX_USART1_UART_Init))
<BR><BR>[Stack]<UL><LI>Max Depth = 96<LI>Call Chain = MX_USART1_UART_Init &rArr; HAL_UART_Init &rArr; HAL_UART_MspInit &rArr; HAL_GPIO_Init
</UL>
<BR>[Calls]<UL><LI><a href="#[c0]">&gt;&gt;</a>&nbsp;&nbsp;&nbsp;HAL_UART_Init
<LI><a href="#[d3]">&gt;&gt;</a>&nbsp;&nbsp;&nbsp;Error_Handler
</UL>
<BR>[Called By]<UL><LI><a href="#[11e]">&gt;&gt;</a>&nbsp;&nbsp;&nbsp;$Super$$main
</UL>

<P><STRONG><a name="[d7]"></a>MX_USART2_UART_Init</STRONG> (Thumb, 180 bytes, Stack size 64 bytes, usart.o(i.MX_USART2_UART_Init))
<BR><BR>[Stack]<UL><LI>Max Depth = 108<LI>Call Chain = MX_USART2_UART_Init &rArr; LL_USART_Init &rArr; LL_RCC_GetSystemClocksFreq
</UL>
<BR>[Calls]<UL><LI><a href="#[cc]">&gt;&gt;</a>&nbsp;&nbsp;&nbsp;LL_USART_Init
<LI><a href="#[da]">&gt;&gt;</a>&nbsp;&nbsp;&nbsp;LL_GPIO_Init
<LI><a href="#[dc]">&gt;&gt;</a>&nbsp;&nbsp;&nbsp;__NVIC_SetPriority
<LI><a href="#[dd]">&gt;&gt;</a>&nbsp;&nbsp;&nbsp;__NVIC_EnableIRQ
<LI><a href="#[db]">&gt;&gt;</a>&nbsp;&nbsp;&nbsp;NVIC_EncodePriority
[...]
</UL>
<BR>[Called By]<UL><LI><a href="#[104]">&gt;&gt;</a>&nbsp;&nbsp;&nbsp;rt_kprintf
</UL>

<P><STRONG><a name="[7d]"></a>rtthread_startup</STRONG> (Thumb, 42 bytes, Stack size 8 bytes, components.o(i.rtthread_startup))
<BR><BR>[Stack]<UL><LI>Max Depth = 192<LI>Call Chain = rtthread_startup &rArr; rt_thread_idle_init &rArr; rt_thread_init &rArr; _rt_thread_init &rArr; rt_timer_init &rArr; rt_object_init &rArr; rt_exit_critical &rArr; rt_schedule
</UL>
<BR>[Calls]<UL><LI><a href="#[13b]">&gt;&gt;</a>&nbsp;&nbsp;&nbsp;rt_thread_idle_init
<LI><a href="#[14a]">&gt;&gt;</a>&nbsp;&nbsp;&nbsp;rt_system_timer_thread_init
<LI><a href="#[148]">&gt;&gt;</a>&nbsp;&nbsp;&nbsp;rt_system_timer_init
<LI><a href="#[135]">&gt;&gt;</a>&nbsp;&nbsp;&nbsp;rt_system_scheduler_start
<LI><a href="#[149]">&gt;&gt;</a>&nbsp;&nbsp;&nbsp;rt_system_scheduler_init
<LI><a href="#[134]">&gt;&gt;</a>&nbsp;&nbsp;&nbsp;rt_show_version
<LI><a href="#[125]">&gt;&gt;</a>&nbsp;&nbsp;&nbsp;rt_hw_board_init
<LI><a href="#[121]">&gt;&gt;</a>&nbsp;&nbsp;&nbsp;rt_application_init
<LI><a href="#[100]">&gt;&gt;</a>&nbsp;&nbsp;&nbsp;rt_hw_interrupt_disable
</UL>
<BR>[Called By]<UL><LI><a href="#[46]">&gt;&gt;</a>&nbsp;&nbsp;&nbsp;main
</UL>

<P><STRONG><a name="[4a]"></a>uart_out_task_entry</STRONG> (Thumb, 18 bytes, Stack size 0 bytes, app_rt_thread.o(i.uart_out_task_entry))
<BR><BR>[Stack]<UL><LI>Max Depth = 112<LI>Call Chain = uart_out_task_entry &rArr; SR04_GetData &rArr; __aeabi_dmul &rArr; _double_epilogue &rArr; _double_round
</UL>
<BR>[Calls]<UL><LI><a href="#[83]">&gt;&gt;</a>&nbsp;&nbsp;&nbsp;rt_thread_delay
<LI><a href="#[e2]">&gt;&gt;</a>&nbsp;&nbsp;&nbsp;SR04_GetData
</UL>
<BR>[Address Reference Count : 1]<UL><LI> app_rt_thread.o(i.MX_RT_Thread_Init)
</UL>
<P><STRONG><a name="[5c]"></a>version</STRONG> (Thumb, 10 bytes, Stack size 8 bytes, cmd.o(i.version))
<BR><BR>[Stack]<UL><LI>Max Depth = 160<LI>Call Chain = version &rArr; rt_show_version &rArr; rt_kprintf &rArr; rt_vsnprintf &rArr; print_number
</UL>
<BR>[Calls]<UL><LI><a href="#[134]">&gt;&gt;</a>&nbsp;&nbsp;&nbsp;rt_show_version
</UL>
<BR>[Address Reference Count : 1]<UL><LI> cmd.o(FSymTab)
</UL><P>
<H3>
Local Symbols
</H3>
<P><STRONG><a name="[d8]"></a>LL_APB1_GRP1_EnableClock</STRONG> (Thumb, 18 bytes, Stack size 8 bytes, usart.o(i.LL_APB1_GRP1_EnableClock))
<BR><BR>[Stack]<UL><LI>Max Depth = 8<LI>Call Chain = LL_APB1_GRP1_EnableClock
</UL>
<BR>[Called By]<UL><LI><a href="#[e0]">&gt;&gt;</a>&nbsp;&nbsp;&nbsp;MX_USART3_UART_Init
<LI><a href="#[d7]">&gt;&gt;</a>&nbsp;&nbsp;&nbsp;MX_USART2_UART_Init
</UL>

<P><STRONG><a name="[d9]"></a>LL_APB2_GRP1_EnableClock</STRONG> (Thumb, 18 bytes, Stack size 8 bytes, usart.o(i.LL_APB2_GRP1_EnableClock))
<BR><BR>[Stack]<UL><LI>Max Depth = 8<LI>Call Chain = LL_APB2_GRP1_EnableClock
</UL>
<BR>[Called By]<UL><LI><a href="#[e0]">&gt;&gt;</a>&nbsp;&nbsp;&nbsp;MX_USART3_UART_Init
<LI><a href="#[d7]">&gt;&gt;</a>&nbsp;&nbsp;&nbsp;MX_USART2_UART_Init
</UL>

<P><STRONG><a name="[df]"></a>LL_USART_EnableIT_IDLE</STRONG> (Thumb, 22 bytes, Stack size 0 bytes, usart.o(i.LL_USART_EnableIT_IDLE))
<BR><BR>[Called By]<UL><LI><a href="#[e0]">&gt;&gt;</a>&nbsp;&nbsp;&nbsp;MX_USART3_UART_Init
<LI><a href="#[d7]">&gt;&gt;</a>&nbsp;&nbsp;&nbsp;MX_USART2_UART_Init
</UL>

<P><STRONG><a name="[de]"></a>LL_USART_EnableIT_RXNE</STRONG> (Thumb, 22 bytes, Stack size 0 bytes, usart.o(i.LL_USART_EnableIT_RXNE))
<BR><BR>[Called By]<UL><LI><a href="#[e0]">&gt;&gt;</a>&nbsp;&nbsp;&nbsp;MX_USART3_UART_Init
<LI><a href="#[d7]">&gt;&gt;</a>&nbsp;&nbsp;&nbsp;MX_USART2_UART_Init
</UL>

<P><STRONG><a name="[db]"></a>NVIC_EncodePriority</STRONG> (Thumb, 50 bytes, Stack size 12 bytes, usart.o(i.NVIC_EncodePriority))
<BR><BR>[Stack]<UL><LI>Max Depth = 12<LI>Call Chain = NVIC_EncodePriority
</UL>
<BR>[Called By]<UL><LI><a href="#[e0]">&gt;&gt;</a>&nbsp;&nbsp;&nbsp;MX_USART3_UART_Init
<LI><a href="#[d7]">&gt;&gt;</a>&nbsp;&nbsp;&nbsp;MX_USART2_UART_Init
</UL>

<P><STRONG><a name="[dd]"></a>__NVIC_EnableIRQ</STRONG> (Thumb, 26 bytes, Stack size 0 bytes, usart.o(i.__NVIC_EnableIRQ))
<BR><BR>[Called By]<UL><LI><a href="#[e0]">&gt;&gt;</a>&nbsp;&nbsp;&nbsp;MX_USART3_UART_Init
<LI><a href="#[d7]">&gt;&gt;</a>&nbsp;&nbsp;&nbsp;MX_USART2_UART_Init
</UL>

<P><STRONG><a name="[dc]"></a>__NVIC_SetPriority</STRONG> (Thumb, 32 bytes, Stack size 0 bytes, usart.o(i.__NVIC_SetPriority))
<BR><BR>[Called By]<UL><LI><a href="#[e0]">&gt;&gt;</a>&nbsp;&nbsp;&nbsp;MX_USART3_UART_Init
<LI><a href="#[d7]">&gt;&gt;</a>&nbsp;&nbsp;&nbsp;MX_USART2_UART_Init
</UL>

<P><STRONG><a name="[99]"></a>__NVIC_SetPriority</STRONG> (Thumb, 32 bytes, Stack size 0 bytes, stm32f1xx_hal_cortex.o(i.__NVIC_SetPriority))
<BR><BR>[Called By]<UL><LI><a href="#[98]">&gt;&gt;</a>&nbsp;&nbsp;&nbsp;HAL_NVIC_SetPriority
<LI><a href="#[97]">&gt;&gt;</a>&nbsp;&nbsp;&nbsp;HAL_SYSTICK_Config
</UL>

<P><STRONG><a name="[a6]"></a>TIM_ITRx_SetConfig</STRONG> (Thumb, 16 bytes, Stack size 0 bytes, stm32f1xx_hal_tim.o(i.TIM_ITRx_SetConfig))
<BR><BR>[Called By]<UL><LI><a href="#[a2]">&gt;&gt;</a>&nbsp;&nbsp;&nbsp;HAL_TIM_ConfigClockSource
</UL>

<P><STRONG><a name="[a4]"></a>TIM_TI1_ConfigInputStage</STRONG> (Thumb, 34 bytes, Stack size 8 bytes, stm32f1xx_hal_tim.o(i.TIM_TI1_ConfigInputStage))
<BR><BR>[Stack]<UL><LI>Max Depth = 8<LI>Call Chain = TIM_TI1_ConfigInputStage
</UL>
<BR>[Called By]<UL><LI><a href="#[a2]">&gt;&gt;</a>&nbsp;&nbsp;&nbsp;HAL_TIM_ConfigClockSource
</UL>

<P><STRONG><a name="[a5]"></a>TIM_TI2_ConfigInputStage</STRONG> (Thumb, 36 bytes, Stack size 8 bytes, stm32f1xx_hal_tim.o(i.TIM_TI2_ConfigInputStage))
<BR><BR>[Stack]<UL><LI>Max Depth = 8<LI>Call Chain = TIM_TI2_ConfigInputStage
</UL>
<BR>[Called By]<UL><LI><a href="#[a2]">&gt;&gt;</a>&nbsp;&nbsp;&nbsp;HAL_TIM_ConfigClockSource
</UL>

<P><STRONG><a name="[ac]"></a>TIM_TI2_SetConfig</STRONG> (Thumb, 54 bytes, Stack size 12 bytes, stm32f1xx_hal_tim.o(i.TIM_TI2_SetConfig))
<BR><BR>[Stack]<UL><LI>Max Depth = 12<LI>Call Chain = TIM_TI2_SetConfig
</UL>
<BR>[Called By]<UL><LI><a href="#[aa]">&gt;&gt;</a>&nbsp;&nbsp;&nbsp;HAL_TIM_IC_ConfigChannel
</UL>

<P><STRONG><a name="[49]"></a>UART_DMAAbortOnError</STRONG> (Thumb, 16 bytes, Stack size 8 bytes, stm32f1xx_hal_uart.o(i.UART_DMAAbortOnError))
<BR><BR>[Stack]<UL><LI>Max Depth = 8<LI>Call Chain = UART_DMAAbortOnError
</UL>
<BR>[Calls]<UL><LI><a href="#[bc]">&gt;&gt;</a>&nbsp;&nbsp;&nbsp;HAL_UART_ErrorCallback
</UL>
<BR>[Address Reference Count : 1]<UL><LI> stm32f1xx_hal_uart.o(i.HAL_UART_IRQHandler)
</UL>
<P><STRONG><a name="[ba]"></a>UART_EndRxTransfer</STRONG> (Thumb, 78 bytes, Stack size 0 bytes, stm32f1xx_hal_uart.o(i.UART_EndRxTransfer))
<BR><BR>[Calls]<UL><LI><a href="#[ba]">&gt;&gt;</a>&nbsp;&nbsp;&nbsp;UART_EndRxTransfer
</UL>
<BR>[Called By]<UL><LI><a href="#[b8]">&gt;&gt;</a>&nbsp;&nbsp;&nbsp;HAL_UART_IRQHandler
<LI><a href="#[ba]">&gt;&gt;</a>&nbsp;&nbsp;&nbsp;UART_EndRxTransfer
</UL>

<P><STRONG><a name="[b9]"></a>UART_Receive_IT</STRONG> (Thumb, 194 bytes, Stack size 8 bytes, stm32f1xx_hal_uart.o(i.UART_Receive_IT))
<BR><BR>[Stack]<UL><LI>Max Depth = 8<LI>Call Chain = UART_Receive_IT
</UL>
<BR>[Calls]<UL><LI><a href="#[eb]">&gt;&gt;</a>&nbsp;&nbsp;&nbsp;HAL_UART_RxCpltCallback
<LI><a href="#[be]">&gt;&gt;</a>&nbsp;&nbsp;&nbsp;HAL_UARTEx_RxEventCallback
</UL>
<BR>[Called By]<UL><LI><a href="#[b8]">&gt;&gt;</a>&nbsp;&nbsp;&nbsp;HAL_UART_IRQHandler
</UL>

<P><STRONG><a name="[c2]"></a>UART_SetConfig</STRONG> (Thumb, 178 bytes, Stack size 16 bytes, stm32f1xx_hal_uart.o(i.UART_SetConfig))
<BR><BR>[Stack]<UL><LI>Max Depth = 16<LI>Call Chain = UART_SetConfig
</UL>
<BR>[Calls]<UL><LI><a href="#[ec]">&gt;&gt;</a>&nbsp;&nbsp;&nbsp;HAL_RCC_GetPCLK2Freq
<LI><a href="#[ed]">&gt;&gt;</a>&nbsp;&nbsp;&nbsp;HAL_RCC_GetPCLK1Freq
</UL>
<BR>[Called By]<UL><LI><a href="#[c0]">&gt;&gt;</a>&nbsp;&nbsp;&nbsp;HAL_UART_Init
</UL>

<P><STRONG><a name="[c4]"></a>UART_WaitOnFlagUntilTimeout</STRONG> (Thumb, 120 bytes, Stack size 24 bytes, stm32f1xx_hal_uart.o(i.UART_WaitOnFlagUntilTimeout))
<BR><BR>[Stack]<UL><LI>Max Depth = 24<LI>Call Chain = UART_WaitOnFlagUntilTimeout
</UL>
<BR>[Calls]<UL><LI><a href="#[9b]">&gt;&gt;</a>&nbsp;&nbsp;&nbsp;HAL_GetTick
</UL>
<BR>[Called By]<UL><LI><a href="#[c3]">&gt;&gt;</a>&nbsp;&nbsp;&nbsp;HAL_UART_Transmit
</UL>

<P><STRONG><a name="[58]"></a>rti_board_end</STRONG> (Thumb, 4 bytes, Stack size 0 bytes, components.o(i.rti_board_end))
<BR>[Address Reference Count : 1]<UL><LI> components.o(.rti_fn.1.end)
</UL>
<P><STRONG><a name="[56]"></a>rti_board_start</STRONG> (Thumb, 4 bytes, Stack size 0 bytes, components.o(i.rti_board_start))
<BR>[Address Reference Count : 1]<UL><LI> components.o(.rti_fn.0.end)
</UL>
<P><STRONG><a name="[5a]"></a>rti_end</STRONG> (Thumb, 4 bytes, Stack size 0 bytes, components.o(i.rti_end))
<BR>[Address Reference Count : 1]<UL><LI> components.o(.rti_fn.6.end)
</UL>
<P><STRONG><a name="[55]"></a>rti_start</STRONG> (Thumb, 4 bytes, Stack size 0 bytes, components.o(i.rti_start))
<BR>[Address Reference Count : 1]<UL><LI> components.o(.rti_fn.0)
</UL>
<P><STRONG><a name="[54]"></a>rt_thread_idle_entry</STRONG> (Thumb, 2 bytes, Stack size 0 bytes, idle.o(i.rt_thread_idle_entry))
<BR><BR>[Calls]<UL><LI><a href="#[54]">&gt;&gt;</a>&nbsp;&nbsp;&nbsp;rt_thread_idle_entry
</UL>
<BR>[Called By]<UL><LI><a href="#[54]">&gt;&gt;</a>&nbsp;&nbsp;&nbsp;rt_thread_idle_entry
</UL>
<BR>[Address Reference Count : 1]<UL><LI> idle.o(i.rt_thread_idle_init)
</UL>
<P><STRONG><a name="[147]"></a>print_number</STRONG> (Thumb, 300 bytes, Stack size 56 bytes, kservice.o(i.print_number))
<BR><BR>[Stack]<UL><LI>Max Depth = 56<LI>Call Chain = print_number
</UL>
<BR>[Called By]<UL><LI><a href="#[12c]">&gt;&gt;</a>&nbsp;&nbsp;&nbsp;rt_vsnprintf
</UL>

<P><STRONG><a name="[146]"></a>skip_atoi</STRONG> (Thumb, 40 bytes, Stack size 8 bytes, kservice.o(i.skip_atoi))
<BR><BR>[Stack]<UL><LI>Max Depth = 8<LI>Call Chain = skip_atoi
</UL>
<BR>[Called By]<UL><LI><a href="#[12c]">&gt;&gt;</a>&nbsp;&nbsp;&nbsp;rt_vsnprintf
</UL>

<P><STRONG><a name="[f9]"></a>_rt_thread_init</STRONG> (Thumb, 118 bytes, Stack size 32 bytes, thread.o(i._rt_thread_init))
<BR><BR>[Stack]<UL><LI>Max Depth = 104<LI>Call Chain = _rt_thread_init &rArr; rt_timer_init &rArr; rt_object_init &rArr; rt_exit_critical &rArr; rt_schedule
</UL>
<BR>[Calls]<UL><LI><a href="#[fc]">&gt;&gt;</a>&nbsp;&nbsp;&nbsp;rt_timer_init
<LI><a href="#[fb]">&gt;&gt;</a>&nbsp;&nbsp;&nbsp;rt_hw_stack_init
<LI><a href="#[fa]">&gt;&gt;</a>&nbsp;&nbsp;&nbsp;rt_memset
</UL>
<BR>[Called By]<UL><LI><a href="#[cf]">&gt;&gt;</a>&nbsp;&nbsp;&nbsp;rt_thread_init
</UL>

<P><STRONG><a name="[ff]"></a>_thread_cleanup_execute</STRONG> (Thumb, 28 bytes, Stack size 16 bytes, thread.o(i._thread_cleanup_execute))
<BR><BR>[Stack]<UL><LI>Max Depth = 16<LI>Call Chain = _thread_cleanup_execute
</UL>
<BR>[Calls]<UL><LI><a href="#[101]">&gt;&gt;</a>&nbsp;&nbsp;&nbsp;rt_hw_interrupt_enable
<LI><a href="#[100]">&gt;&gt;</a>&nbsp;&nbsp;&nbsp;rt_hw_interrupt_disable
</UL>
<BR>[Called By]<UL><LI><a href="#[50]">&gt;&gt;</a>&nbsp;&nbsp;&nbsp;rt_thread_exit
</UL>

<P><STRONG><a name="[13a]"></a>rt_list_insert_after</STRONG> (Thumb, 14 bytes, Stack size 0 bytes, thread.o(i.rt_list_insert_after))
<BR><BR>[Called By]<UL><LI><a href="#[50]">&gt;&gt;</a>&nbsp;&nbsp;&nbsp;rt_thread_exit
</UL>

<P><STRONG><a name="[13e]"></a>rt_list_remove</STRONG> (Thumb, 18 bytes, Stack size 0 bytes, thread.o(i.rt_list_remove))
<BR><BR>[Called By]<UL><LI><a href="#[13d]">&gt;&gt;</a>&nbsp;&nbsp;&nbsp;rt_thread_resume
<LI><a href="#[143]">&gt;&gt;</a>&nbsp;&nbsp;&nbsp;rt_thread_yield
<LI><a href="#[51]">&gt;&gt;</a>&nbsp;&nbsp;&nbsp;rt_thread_timeout
</UL>

<P><STRONG><a name="[fd]"></a>_rt_timer_remove</STRONG> (Thumb, 6 bytes, Stack size 0 bytes, timer.o(i._rt_timer_remove))
<BR><BR>[Calls]<UL><LI><a href="#[fe]">&gt;&gt;</a>&nbsp;&nbsp;&nbsp;rt_list_remove
</UL>
<BR>[Called By]<UL><LI><a href="#[142]">&gt;&gt;</a>&nbsp;&nbsp;&nbsp;rt_timer_start
<LI><a href="#[144]">&gt;&gt;</a>&nbsp;&nbsp;&nbsp;rt_timer_check
<LI><a href="#[13f]">&gt;&gt;</a>&nbsp;&nbsp;&nbsp;rt_timer_stop
<LI><a href="#[138]">&gt;&gt;</a>&nbsp;&nbsp;&nbsp;rt_timer_detach
</UL>

<P><STRONG><a name="[145]"></a>rt_list_insert_after</STRONG> (Thumb, 14 bytes, Stack size 0 bytes, timer.o(i.rt_list_insert_after))
<BR><BR>[Called By]<UL><LI><a href="#[142]">&gt;&gt;</a>&nbsp;&nbsp;&nbsp;rt_timer_start
<LI><a href="#[144]">&gt;&gt;</a>&nbsp;&nbsp;&nbsp;rt_timer_check
</UL>

<P><STRONG><a name="[fe]"></a>rt_list_remove</STRONG> (Thumb, 18 bytes, Stack size 0 bytes, timer.o(i.rt_list_remove))
<BR><BR>[Called By]<UL><LI><a href="#[144]">&gt;&gt;</a>&nbsp;&nbsp;&nbsp;rt_timer_check
<LI><a href="#[fd]">&gt;&gt;</a>&nbsp;&nbsp;&nbsp;_rt_timer_remove
</UL>

<P><STRONG><a name="[103]"></a>bus_fault_track</STRONG> (Thumb, 110 bytes, Stack size 8 bytes, cpuport.o(i.bus_fault_track))
<BR><BR>[Stack]<UL><LI>Max Depth = 152<LI>Call Chain = bus_fault_track &rArr; rt_kprintf &rArr; rt_vsnprintf &rArr; print_number
</UL>
<BR>[Calls]<UL><LI><a href="#[104]">&gt;&gt;</a>&nbsp;&nbsp;&nbsp;rt_kprintf
</UL>
<BR>[Called By]<UL><LI><a href="#[114]">&gt;&gt;</a>&nbsp;&nbsp;&nbsp;hard_fault_track
</UL>

<P><STRONG><a name="[114]"></a>hard_fault_track</STRONG> (Thumb, 76 bytes, Stack size 8 bytes, cpuport.o(i.hard_fault_track))
<BR><BR>[Stack]<UL><LI>Max Depth = 160<LI>Call Chain = hard_fault_track &rArr; usage_fault_track &rArr; rt_kprintf &rArr; rt_vsnprintf &rArr; print_number
</UL>
<BR>[Calls]<UL><LI><a href="#[116]">&gt;&gt;</a>&nbsp;&nbsp;&nbsp;usage_fault_track
<LI><a href="#[115]">&gt;&gt;</a>&nbsp;&nbsp;&nbsp;mem_manage_fault_track
<LI><a href="#[103]">&gt;&gt;</a>&nbsp;&nbsp;&nbsp;bus_fault_track
<LI><a href="#[104]">&gt;&gt;</a>&nbsp;&nbsp;&nbsp;rt_kprintf
</UL>
<BR>[Called By]<UL><LI><a href="#[65]">&gt;&gt;</a>&nbsp;&nbsp;&nbsp;rt_hw_hard_fault_exception
</UL>

<P><STRONG><a name="[115]"></a>mem_manage_fault_track</STRONG> (Thumb, 98 bytes, Stack size 8 bytes, cpuport.o(i.mem_manage_fault_track))
<BR><BR>[Stack]<UL><LI>Max Depth = 152<LI>Call Chain = mem_manage_fault_track &rArr; rt_kprintf &rArr; rt_vsnprintf &rArr; print_number
</UL>
<BR>[Calls]<UL><LI><a href="#[104]">&gt;&gt;</a>&nbsp;&nbsp;&nbsp;rt_kprintf
</UL>
<BR>[Called By]<UL><LI><a href="#[114]">&gt;&gt;</a>&nbsp;&nbsp;&nbsp;hard_fault_track
</UL>

<P><STRONG><a name="[116]"></a>usage_fault_track</STRONG> (Thumb, 100 bytes, Stack size 8 bytes, cpuport.o(i.usage_fault_track))
<BR><BR>[Stack]<UL><LI>Max Depth = 152<LI>Call Chain = usage_fault_track &rArr; rt_kprintf &rArr; rt_vsnprintf &rArr; print_number
</UL>
<BR>[Calls]<UL><LI><a href="#[104]">&gt;&gt;</a>&nbsp;&nbsp;&nbsp;rt_kprintf
</UL>
<BR>[Called By]<UL><LI><a href="#[114]">&gt;&gt;</a>&nbsp;&nbsp;&nbsp;hard_fault_track
</UL>

<P><STRONG><a name="[57]"></a>uart_init</STRONG> (Thumb, 42 bytes, Stack size 8 bytes, board.o(i.uart_init))
<BR><BR>[Stack]<UL><LI>Max Depth = 96<LI>Call Chain = uart_init &rArr; HAL_UART_Init &rArr; HAL_UART_MspInit &rArr; HAL_GPIO_Init
</UL>
<BR>[Calls]<UL><LI><a href="#[c0]">&gt;&gt;</a>&nbsp;&nbsp;&nbsp;HAL_UART_Init
</UL>
<BR>[Address Reference Count : 1]<UL><LI> board.o(.rti_fn.1)
</UL>
<P><STRONG><a name="[117]"></a>list_find_init</STRONG> (Thumb, 36 bytes, Stack size 24 bytes, cmd.o(i.list_find_init))
<BR><BR>[Stack]<UL><LI>Max Depth = 24<LI>Call Chain = list_find_init
</UL>
<BR>[Calls]<UL><LI><a href="#[118]">&gt;&gt;</a>&nbsp;&nbsp;&nbsp;rt_object_get_information
</UL>
<BR>[Called By]<UL><LI><a href="#[5f]">&gt;&gt;</a>&nbsp;&nbsp;&nbsp;list_timer
<LI><a href="#[5e]">&gt;&gt;</a>&nbsp;&nbsp;&nbsp;list_sem
<LI><a href="#[5d]">&gt;&gt;</a>&nbsp;&nbsp;&nbsp;list_thread
</UL>

<P><STRONG><a name="[119]"></a>list_get_next</STRONG> (Thumb, 102 bytes, Stack size 24 bytes, cmd.o(i.list_get_next))
<BR><BR>[Stack]<UL><LI>Max Depth = 24<LI>Call Chain = list_get_next
</UL>
<BR>[Calls]<UL><LI><a href="#[101]">&gt;&gt;</a>&nbsp;&nbsp;&nbsp;rt_hw_interrupt_enable
<LI><a href="#[100]">&gt;&gt;</a>&nbsp;&nbsp;&nbsp;rt_hw_interrupt_disable
</UL>
<BR>[Called By]<UL><LI><a href="#[5f]">&gt;&gt;</a>&nbsp;&nbsp;&nbsp;list_timer
<LI><a href="#[5e]">&gt;&gt;</a>&nbsp;&nbsp;&nbsp;list_sem
<LI><a href="#[5d]">&gt;&gt;</a>&nbsp;&nbsp;&nbsp;list_thread
</UL>

<P><STRONG><a name="[11a]"></a>object_split</STRONG> (Thumb, 18 bytes, Stack size 8 bytes, cmd.o(i.object_split))
<BR><BR>[Stack]<UL><LI>Max Depth = 152<LI>Call Chain = object_split &rArr; rt_kprintf &rArr; rt_vsnprintf &rArr; print_number
</UL>
<BR>[Calls]<UL><LI><a href="#[104]">&gt;&gt;</a>&nbsp;&nbsp;&nbsp;rt_kprintf
</UL>
<BR>[Called By]<UL><LI><a href="#[5f]">&gt;&gt;</a>&nbsp;&nbsp;&nbsp;list_timer
<LI><a href="#[5e]">&gt;&gt;</a>&nbsp;&nbsp;&nbsp;list_sem
<LI><a href="#[5d]">&gt;&gt;</a>&nbsp;&nbsp;&nbsp;list_thread
</UL>

<P><STRONG><a name="[11b]"></a>rt_list_len</STRONG> (Thumb, 18 bytes, Stack size 0 bytes, cmd.o(i.rt_list_len))
<BR><BR>[Called By]<UL><LI><a href="#[5e]">&gt;&gt;</a>&nbsp;&nbsp;&nbsp;list_sem
</UL>

<P><STRONG><a name="[f3]"></a>_msh_exec_cmd</STRONG> (Thumb, 140 bytes, Stack size 72 bytes, msh.o(i._msh_exec_cmd))
<BR><BR>[Stack]<UL><LI>Max Depth = 232<LI>Call Chain = _msh_exec_cmd &rArr; msh_split &rArr; rt_kprintf &rArr; rt_vsnprintf &rArr; print_number
</UL>
<BR>[Calls]<UL><LI><a href="#[8d]">&gt;&gt;</a>&nbsp;&nbsp;&nbsp;__aeabi_memclr4
<LI><a href="#[f5]">&gt;&gt;</a>&nbsp;&nbsp;&nbsp;msh_split
<LI><a href="#[f4]">&gt;&gt;</a>&nbsp;&nbsp;&nbsp;strncmp
</UL>
<BR>[Called By]<UL><LI><a href="#[112]">&gt;&gt;</a>&nbsp;&nbsp;&nbsp;msh_exec
</UL>

<P><STRONG><a name="[f5]"></a>msh_split</STRONG> (Thumb, 172 bytes, Stack size 16 bytes, msh.o(i.msh_split))
<BR><BR>[Stack]<UL><LI>Max Depth = 160<LI>Call Chain = msh_split &rArr; rt_kprintf &rArr; rt_vsnprintf &rArr; print_number
</UL>
<BR>[Calls]<UL><LI><a href="#[104]">&gt;&gt;</a>&nbsp;&nbsp;&nbsp;rt_kprintf
</UL>
<BR>[Called By]<UL><LI><a href="#[f3]">&gt;&gt;</a>&nbsp;&nbsp;&nbsp;_msh_exec_cmd
</UL>

<P><STRONG><a name="[f1]"></a>_fp_digits</STRONG> (Thumb, 366 bytes, Stack size 64 bytes, printfa.o(i._fp_digits), UNUSED)
<BR><BR>[Calls]<UL><LI><a href="#[6e]">&gt;&gt;</a>&nbsp;&nbsp;&nbsp;__aeabi_dmul
<LI><a href="#[72]">&gt;&gt;</a>&nbsp;&nbsp;&nbsp;__aeabi_uldivmod
<LI><a href="#[7a]">&gt;&gt;</a>&nbsp;&nbsp;&nbsp;__aeabi_ddiv
<LI><a href="#[76]">&gt;&gt;</a>&nbsp;&nbsp;&nbsp;__aeabi_dadd
<LI><a href="#[7b]">&gt;&gt;</a>&nbsp;&nbsp;&nbsp;__aeabi_d2ulz
<LI><a href="#[f2]">&gt;&gt;</a>&nbsp;&nbsp;&nbsp;__aeabi_cdrcmple
</UL>
<BR>[Called By]<UL><LI><a href="#[ef]">&gt;&gt;</a>&nbsp;&nbsp;&nbsp;_printf_core
</UL>

<P><STRONG><a name="[ef]"></a>_printf_core</STRONG> (Thumb, 1704 bytes, Stack size 136 bytes, printfa.o(i._printf_core), UNUSED)
<BR><BR>[Calls]<UL><LI><a href="#[72]">&gt;&gt;</a>&nbsp;&nbsp;&nbsp;__aeabi_uldivmod
<LI><a href="#[f8]">&gt;&gt;</a>&nbsp;&nbsp;&nbsp;__aeabi_uidivmod
<LI><a href="#[f6]">&gt;&gt;</a>&nbsp;&nbsp;&nbsp;_printf_pre_padding
<LI><a href="#[f7]">&gt;&gt;</a>&nbsp;&nbsp;&nbsp;_printf_post_padding
<LI><a href="#[f1]">&gt;&gt;</a>&nbsp;&nbsp;&nbsp;_fp_digits
</UL>
<BR>[Called By]<UL><LI><a href="#[f0]">&gt;&gt;</a>&nbsp;&nbsp;&nbsp;__0sprintf
<LI><a href="#[ee]">&gt;&gt;</a>&nbsp;&nbsp;&nbsp;__0printf
</UL>

<P><STRONG><a name="[f7]"></a>_printf_post_padding</STRONG> (Thumb, 36 bytes, Stack size 24 bytes, printfa.o(i._printf_post_padding), UNUSED)
<BR><BR>[Called By]<UL><LI><a href="#[ef]">&gt;&gt;</a>&nbsp;&nbsp;&nbsp;_printf_core
</UL>

<P><STRONG><a name="[f6]"></a>_printf_pre_padding</STRONG> (Thumb, 46 bytes, Stack size 24 bytes, printfa.o(i._printf_pre_padding), UNUSED)
<BR><BR>[Called By]<UL><LI><a href="#[ef]">&gt;&gt;</a>&nbsp;&nbsp;&nbsp;_printf_core
</UL>

<P><STRONG><a name="[4f]"></a>_sputc</STRONG> (Thumb, 10 bytes, Stack size 0 bytes, printfa.o(i._sputc))
<BR><BR>[Called By]<UL><LI><a href="#[f0]">&gt;&gt;</a>&nbsp;&nbsp;&nbsp;__0sprintf
</UL>
<BR>[Address Reference Count : 1]<UL><LI> printfa.o(i.__0sprintf)
</UL><P>
<H3>
Undefined Global Symbols
</H3><HR></body></html>
